[0.008s] Invoking command in '/home/alex/Diplomatiki/build/my_interfaces': CMAKE_PREFIX_PATH=/opt/ros/humble /usr/bin/cmake /home/alex/Diplomatiki/src/my_interfaces -DCMAKE_INSTALL_PREFIX=/home/alex/Diplomatiki/install/my_interfaces
[0.103s] -- The C compiler identification is GNU 11.4.0
[0.183s] -- The CXX compiler identification is GNU 11.4.0
[0.193s] -- Detecting C compiler ABI info
[0.266s] -- Detecting C compiler ABI info - done
[0.273s] -- Check for working C compiler: /usr/bin/cc - skipped
[0.273s] -- Detecting C compile features
[0.274s] -- Detecting C compile features - done
[0.277s] -- Detecting CXX compiler ABI info
[0.347s] -- Detecting CXX compiler ABI info - done
[0.366s] -- Check for working CXX compiler: /usr/bin/c++ - skipped
[0.367s] -- Detecting CXX compile features
[0.367s] -- Detecting CXX compile features - done
[0.374s] -- Found ament_cmake: 1.3.12 (/opt/ros/humble/share/ament_cmake/cmake)
[0.725s] -- Found Python3: /usr/bin/python3 (found version "3.10.12") found components: Interpreter 
[0.816s] -- Found rosidl_default_generators: 1.2.0 (/opt/ros/humble/share/rosidl_default_generators/cmake)
[0.820s] -- Using all available rosidl_typesupport_c: rosidl_typesupport_fastrtps_c;rosidl_typesupport_introspection_c
[0.826s] -- Found rosidl_adapter: 3.1.7 (/opt/ros/humble/share/rosidl_adapter/cmake)
[0.868s] -- Using all available rosidl_typesupport_cpp: rosidl_typesupport_fastrtps_cpp;rosidl_typesupport_introspection_cpp
[0.904s] -- Found std_msgs: 4.9.0 (/opt/ros/humble/share/std_msgs/cmake)
[0.932s] -- Found geometry_msgs: 4.9.0 (/opt/ros/humble/share/geometry_msgs/cmake)
[1.270s] -- Found ament_cmake_ros: 0.10.0 (/opt/ros/humble/share/ament_cmake_ros/cmake)
[1.544s] -- Using all available rosidl_typesupport_c: rosidl_typesupport_fastrtps_c;rosidl_typesupport_introspection_c
[1.900s] -- Using all available rosidl_typesupport_cpp: rosidl_typesupport_fastrtps_cpp;rosidl_typesupport_introspection_cpp
[1.923s] -- Found PythonInterp: /usr/bin/python3 (found suitable version "3.10.12", minimum required is "3.6") 
[1.926s] -- Found python_cmake_module: 0.10.0 (/opt/ros/humble/share/python_cmake_module/cmake)
[1.959s] -- Found PythonLibs: /usr/lib/x86_64-linux-gnu/libpython3.10.so (found suitable version "3.10.12", minimum required is "3.5") 
[1.959s] -- Using PYTHON_EXECUTABLE: /usr/bin/python3
[1.960s] -- Using PYTHON_INCLUDE_DIRS: /usr/include/python3.10
[1.960s] -- Using PYTHON_LIBRARIES: /usr/lib/x86_64-linux-gnu/libpython3.10.so
[1.983s] -- Found PythonExtra: .so  
[2.066s] -- Found ament_lint_auto: 0.12.14 (/opt/ros/humble/share/ament_lint_auto/cmake)
[2.083s] -- Added test 'lint_cmake' to check CMake code style
[2.084s] -- Added test 'xmllint' to check XML markup files
[2.086s] -- Configuring done
[2.122s] -- Generating done
[2.132s] -- Build files have been written to: /home/alex/Diplomatiki/build/my_interfaces
[2.140s] Invoked command in '/home/alex/Diplomatiki/build/my_interfaces' returned '0': CMAKE_PREFIX_PATH=/opt/ros/humble /usr/bin/cmake /home/alex/Diplomatiki/src/my_interfaces -DCMAKE_INSTALL_PREFIX=/home/alex/Diplomatiki/install/my_interfaces
[2.142s] Invoking command in '/home/alex/Diplomatiki/build/my_interfaces': CMAKE_PREFIX_PATH=/opt/ros/humble /usr/bin/cmake --build /home/alex/Diplomatiki/build/my_interfaces -- -j6 -l6
[2.179s] [  1%] [34m[1mGenerating C code for ROS interfaces[0m
[2.187s] [  2%] [34m[1mGenerating C++ code for ROS interfaces[0m
[2.194s] [  2%] Built target ament_cmake_python_copy_my_interfaces
[2.372s] running egg_info
[2.386s] creating my_interfaces.egg-info
[2.387s] writing my_interfaces.egg-info/PKG-INFO
[2.387s] writing dependency_links to my_interfaces.egg-info/dependency_links.txt
[2.387s] writing top-level names to my_interfaces.egg-info/top_level.txt
[2.387s] writing manifest file 'my_interfaces.egg-info/SOURCES.txt'
[2.430s] reading manifest file 'my_interfaces.egg-info/SOURCES.txt'
[2.432s] writing manifest file 'my_interfaces.egg-info/SOURCES.txt'
[2.471s] [  2%] Built target ament_cmake_python_build_my_interfaces_egg
[2.942s] [  2%] Built target my_interfaces__cpp
[2.951s] [  8%] [32mBuilding C object CMakeFiles/my_interfaces__rosidl_generator_c.dir/rosidl_generator_c/my_interfaces/msg/detail/ck_table__functions.c.o[0m
[2.951s] [  8%] [34m[1mGenerating C++ introspection for ROS interfaces[0m
[2.951s] [  8%] [32mBuilding C object CMakeFiles/my_interfaces__rosidl_generator_c.dir/rosidl_generator_c/my_interfaces/msg/detail/agent_data__functions.c.o[0m
[2.952s] [  8%] [34m[1mGenerating C++ type support dispatch for ROS interfaces[0m
[2.952s] [  9%] [34m[1mGenerating C++ type support for eProsima Fast-RTPS[0m
[2.955s] [ 11%] [32mBuilding C object CMakeFiles/my_interfaces__rosidl_generator_c.dir/rosidl_generator_c/my_interfaces/msg/detail/single_obstacle__functions.c.o[0m
[3.012s] [ 14%] [32mBuilding C object CMakeFiles/my_interfaces__rosidl_generator_c.dir/rosidl_generator_c/my_interfaces/msg/detail/single_target_estimate__functions.c.o[0m
[3.012s] [ 14%] [32mBuilding C object CMakeFiles/my_interfaces__rosidl_generator_c.dir/rosidl_generator_c/my_interfaces/msg/detail/multiple_obstacles__functions.c.o[0m
[3.013s] [ 15%] [32mBuilding C object CMakeFiles/my_interfaces__rosidl_generator_c.dir/rosidl_generator_c/my_interfaces/msg/detail/multiple_target_estimates__functions.c.o[0m
[3.066s] [ 16%] [32m[1mLinking C shared library libmy_interfaces__rosidl_generator_c.so[0m
[3.103s] [ 16%] Built target my_interfaces__rosidl_generator_c
[3.112s] [ 18%] [34m[1mGenerating C type support for eProsima Fast-RTPS[0m
[3.113s] [ 19%] [34m[1mGenerating C introspection for ROS interfaces[0m
[3.116s] [ 21%] [34m[1mGenerating C type support dispatch for ROS interfaces[0m
[3.644s] [ 22%] [32mBuilding CXX object CMakeFiles/my_interfaces__rosidl_typesupport_cpp.dir/rosidl_typesupport_cpp/my_interfaces/msg/ck_table__type_support.cpp.o[0m
[3.744s] [ 23%] [32mBuilding CXX object CMakeFiles/my_interfaces__rosidl_typesupport_introspection_cpp.dir/rosidl_typesupport_introspection_cpp/my_interfaces/msg/detail/ck_table__type_support.cpp.o[0m
[3.852s] [ 25%] [32mBuilding CXX object CMakeFiles/my_interfaces__rosidl_typesupport_c.dir/rosidl_typesupport_c/my_interfaces/msg/ck_table__type_support.cpp.o[0m
[3.878s] [ 26%] [32mBuilding CXX object CMakeFiles/my_interfaces__rosidl_typesupport_fastrtps_cpp.dir/rosidl_typesupport_fastrtps_cpp/my_interfaces/msg/detail/dds_fastrtps/ck_table__type_support.cpp.o[0m
[3.898s] [ 28%] [32mBuilding CXX object CMakeFiles/my_interfaces__rosidl_typesupport_c.dir/rosidl_typesupport_c/my_interfaces/msg/agent_data__type_support.cpp.o[0m
[3.920s] [ 29%] [32mBuilding CXX object CMakeFiles/my_interfaces__rosidl_typesupport_cpp.dir/rosidl_typesupport_cpp/my_interfaces/msg/agent_data__type_support.cpp.o[0m
[3.930s] [ 30%] [32mBuilding CXX object CMakeFiles/my_interfaces__rosidl_typesupport_c.dir/rosidl_typesupport_c/my_interfaces/msg/single_obstacle__type_support.cpp.o[0m
[3.960s] [ 32%] [32mBuilding CXX object CMakeFiles/my_interfaces__rosidl_typesupport_c.dir/rosidl_typesupport_c/my_interfaces/msg/multiple_obstacles__type_support.cpp.o[0m
[3.972s] [ 33%] [32mBuilding C object CMakeFiles/my_interfaces__rosidl_typesupport_introspection_c.dir/rosidl_typesupport_introspection_c/my_interfaces/msg/detail/ck_table__type_support.c.o[0m
[3.994s] [ 35%] [32mBuilding CXX object CMakeFiles/my_interfaces__rosidl_typesupport_c.dir/rosidl_typesupport_c/my_interfaces/msg/single_target_estimate__type_support.cpp.o[0m
[4.022s] [ 38%] [32mBuilding C object CMakeFiles/my_interfaces__rosidl_typesupport_introspection_c.dir/rosidl_typesupport_introspection_c/my_interfaces/msg/detail/agent_data__type_support.c.o[0m
[4.022s] [ 38%] [32mBuilding CXX object CMakeFiles/my_interfaces__rosidl_typesupport_fastrtps_c.dir/rosidl_typesupport_fastrtps_c/my_interfaces/msg/detail/ck_table__type_support_c.cpp.o[0m
[4.026s] [ 39%] [32mBuilding CXX object CMakeFiles/my_interfaces__rosidl_typesupport_c.dir/rosidl_typesupport_c/my_interfaces/msg/multiple_target_estimates__type_support.cpp.o[0m
[4.060s] [ 40%] [32m[1mLinking CXX shared library libmy_interfaces__rosidl_typesupport_c.so[0m
[4.071s] [ 42%] [32mBuilding C object CMakeFiles/my_interfaces__rosidl_typesupport_introspection_c.dir/rosidl_typesupport_introspection_c/my_interfaces/msg/detail/single_obstacle__type_support.c.o[0m
[4.104s] [ 42%] Built target my_interfaces__rosidl_typesupport_c
[4.110s] [ 43%] [32mBuilding C object CMakeFiles/my_interfaces__rosidl_typesupport_introspection_c.dir/rosidl_typesupport_introspection_c/my_interfaces/msg/detail/multiple_obstacles__type_support.c.o[0m
[4.115s] [ 45%] [32mBuilding CXX object CMakeFiles/my_interfaces__rosidl_typesupport_cpp.dir/rosidl_typesupport_cpp/my_interfaces/msg/single_obstacle__type_support.cpp.o[0m
[4.147s] [ 46%] [32mBuilding C object CMakeFiles/my_interfaces__rosidl_typesupport_introspection_c.dir/rosidl_typesupport_introspection_c/my_interfaces/msg/detail/single_target_estimate__type_support.c.o[0m
[4.162s] [ 47%] [32mBuilding CXX object CMakeFiles/my_interfaces__rosidl_typesupport_introspection_cpp.dir/rosidl_typesupport_introspection_cpp/my_interfaces/msg/detail/agent_data__type_support.cpp.o[0m
[4.176s] [ 49%] [32mBuilding C object CMakeFiles/my_interfaces__rosidl_typesupport_introspection_c.dir/rosidl_typesupport_introspection_c/my_interfaces/msg/detail/multiple_target_estimates__type_support.c.o[0m
[4.184s] [ 50%] [32mBuilding CXX object CMakeFiles/my_interfaces__rosidl_typesupport_fastrtps_cpp.dir/rosidl_typesupport_fastrtps_cpp/my_interfaces/msg/detail/dds_fastrtps/agent_data__type_support.cpp.o[0m
[4.215s] [ 52%] [32m[1mLinking C shared library libmy_interfaces__rosidl_typesupport_introspection_c.so[0m
[4.248s] [ 52%] Built target my_interfaces__rosidl_typesupport_introspection_c
[4.260s] [ 53%] [32mBuilding CXX object CMakeFiles/my_interfaces__rosidl_typesupport_fastrtps_c.dir/rosidl_typesupport_fastrtps_c/my_interfaces/msg/detail/agent_data__type_support_c.cpp.o[0m
[4.320s] [ 54%] [32mBuilding CXX object CMakeFiles/my_interfaces__rosidl_typesupport_fastrtps_c.dir/rosidl_typesupport_fastrtps_c/my_interfaces/msg/detail/single_obstacle__type_support_c.cpp.o[0m
[4.373s] [ 57%] [32mBuilding CXX object CMakeFiles/my_interfaces__rosidl_typesupport_cpp.dir/rosidl_typesupport_cpp/my_interfaces/msg/multiple_obstacles__type_support.cpp.o[0m
[4.373s] [ 57%] [32mBuilding CXX object CMakeFiles/my_interfaces__rosidl_typesupport_cpp.dir/rosidl_typesupport_cpp/my_interfaces/msg/single_target_estimate__type_support.cpp.o[0m
[4.618s] [ 60%] [32mBuilding CXX object CMakeFiles/my_interfaces__rosidl_typesupport_cpp.dir/rosidl_typesupport_cpp/my_interfaces/msg/multiple_target_estimates__type_support.cpp.o[0m
[4.619s] [ 60%] [32mBuilding CXX object CMakeFiles/my_interfaces__rosidl_typesupport_introspection_cpp.dir/rosidl_typesupport_introspection_cpp/my_interfaces/msg/detail/single_obstacle__type_support.cpp.o[0m
[4.622s] [ 61%] [32mBuilding CXX object CMakeFiles/my_interfaces__rosidl_typesupport_introspection_cpp.dir/rosidl_typesupport_introspection_cpp/my_interfaces/msg/detail/multiple_obstacles__type_support.cpp.o[0m
[4.638s] [ 63%] [32mBuilding CXX object CMakeFiles/my_interfaces__rosidl_typesupport_fastrtps_c.dir/rosidl_typesupport_fastrtps_c/my_interfaces/msg/detail/multiple_obstacles__type_support_c.cpp.o[0m
[4.654s] [ 64%] [32mBuilding CXX object CMakeFiles/my_interfaces__rosidl_typesupport_introspection_cpp.dir/rosidl_typesupport_introspection_cpp/my_interfaces/msg/detail/single_target_estimate__type_support.cpp.o[0m
[4.677s] [ 66%] [32mBuilding CXX object CMakeFiles/my_interfaces__rosidl_typesupport_fastrtps_cpp.dir/rosidl_typesupport_fastrtps_cpp/my_interfaces/msg/detail/dds_fastrtps/single_obstacle__type_support.cpp.o[0m
[4.895s] [ 67%] [32m[1mLinking CXX shared library libmy_interfaces__rosidl_typesupport_cpp.so[0m
[4.946s] [ 69%] [32mBuilding CXX object CMakeFiles/my_interfaces__rosidl_typesupport_fastrtps_c.dir/rosidl_typesupport_fastrtps_c/my_interfaces/msg/detail/single_target_estimate__type_support_c.cpp.o[0m
[4.949s] [ 69%] Built target my_interfaces__rosidl_typesupport_cpp
[4.957s] [ 70%] [32mBuilding CXX object CMakeFiles/my_interfaces__rosidl_typesupport_fastrtps_cpp.dir/rosidl_typesupport_fastrtps_cpp/my_interfaces/msg/detail/dds_fastrtps/multiple_obstacles__type_support.cpp.o[0m
[5.015s] [ 71%] [32mBuilding CXX object CMakeFiles/my_interfaces__rosidl_typesupport_fastrtps_c.dir/rosidl_typesupport_fastrtps_c/my_interfaces/msg/detail/multiple_target_estimates__type_support_c.cpp.o[0m
[5.035s] [ 73%] [32mBuilding CXX object CMakeFiles/my_interfaces__rosidl_typesupport_fastrtps_cpp.dir/rosidl_typesupport_fastrtps_cpp/my_interfaces/msg/detail/dds_fastrtps/single_target_estimate__type_support.cpp.o[0m
[5.107s] [ 74%] [32mBuilding CXX object CMakeFiles/my_interfaces__rosidl_typesupport_introspection_cpp.dir/rosidl_typesupport_introspection_cpp/my_interfaces/msg/detail/multiple_target_estimates__type_support.cpp.o[0m
[5.109s] [ 76%] [32mBuilding CXX object CMakeFiles/my_interfaces__rosidl_typesupport_fastrtps_cpp.dir/rosidl_typesupport_fastrtps_cpp/my_interfaces/msg/detail/dds_fastrtps/multiple_target_estimates__type_support.cpp.o[0m
[5.357s] [ 77%] [32m[1mLinking CXX shared library libmy_interfaces__rosidl_typesupport_fastrtps_c.so[0m
[5.458s] [ 77%] Built target my_interfaces__rosidl_typesupport_fastrtps_c
[5.503s] [ 78%] [32m[1mLinking CXX shared library libmy_interfaces__rosidl_typesupport_introspection_cpp.so[0m
[5.516s] [ 80%] [32m[1mLinking CXX shared library libmy_interfaces__rosidl_typesupport_fastrtps_cpp.so[0m
[5.596s] [ 80%] Built target my_interfaces__rosidl_typesupport_introspection_cpp
[5.610s] [ 80%] Built target my_interfaces__rosidl_typesupport_fastrtps_cpp
[5.627s] [ 80%] Built target my_interfaces
[5.648s] [ 81%] [34m[1mGenerating Python code for ROS interfaces[0m
[6.813s] [ 81%] Built target my_interfaces__py
[6.832s] [ 83%] [32mBuilding C object CMakeFiles/my_interfaces__rosidl_generator_py.dir/rosidl_generator_py/my_interfaces/msg/_agent_data_s.c.o[0m
[6.832s] [ 85%] [32mBuilding C object CMakeFiles/my_interfaces__rosidl_generator_py.dir/rosidl_generator_py/my_interfaces/msg/_single_target_estimate_s.c.o[0m
[6.832s] [ 85%] [32mBuilding C object CMakeFiles/my_interfaces__rosidl_generator_py.dir/rosidl_generator_py/my_interfaces/msg/_ck_table_s.c.o[0m
[6.832s] [ 87%] [32mBuilding C object CMakeFiles/my_interfaces__rosidl_generator_py.dir/rosidl_generator_py/my_interfaces/msg/_single_obstacle_s.c.o[0m
[6.833s] [ 88%] [32mBuilding C object CMakeFiles/my_interfaces__rosidl_generator_py.dir/rosidl_generator_py/my_interfaces/msg/_multiple_target_estimates_s.c.o[0m
[6.835s] [ 90%] [32mBuilding C object CMakeFiles/my_interfaces__rosidl_generator_py.dir/rosidl_generator_py/my_interfaces/msg/_multiple_obstacles_s.c.o[0m
[6.964s] [ 91%] [32m[1mLinking C shared library rosidl_generator_py/my_interfaces/libmy_interfaces__rosidl_generator_py.so[0m
[7.006s] [ 91%] Built target my_interfaces__rosidl_generator_py
[7.023s] [ 95%] [32mBuilding C object CMakeFiles/my_interfaces__rosidl_typesupport_c__pyext.dir/rosidl_generator_py/my_interfaces/_my_interfaces_s.ep.rosidl_typesupport_c.c.o[0m
[7.023s] [ 95%] [32mBuilding C object CMakeFiles/my_interfaces__rosidl_typesupport_introspection_c__pyext.dir/rosidl_generator_py/my_interfaces/_my_interfaces_s.ep.rosidl_typesupport_introspection_c.c.o[0m
[7.023s] [ 95%] [32mBuilding C object CMakeFiles/my_interfaces__rosidl_typesupport_fastrtps_c__pyext.dir/rosidl_generator_py/my_interfaces/_my_interfaces_s.ep.rosidl_typesupport_fastrtps_c.c.o[0m
[7.120s] [ 98%] [32m[1mLinking C shared library rosidl_generator_py/my_interfaces/my_interfaces_s__rosidl_typesupport_fastrtps_c.cpython-310-x86_64-linux-gnu.so[0m
[7.120s] [ 98%] [32m[1mLinking C shared library rosidl_generator_py/my_interfaces/my_interfaces_s__rosidl_typesupport_introspection_c.cpython-310-x86_64-linux-gnu.so[0m
[7.121s] [100%] [32m[1mLinking C shared library rosidl_generator_py/my_interfaces/my_interfaces_s__rosidl_typesupport_c.cpython-310-x86_64-linux-gnu.so[0m
[7.154s] [100%] Built target my_interfaces__rosidl_typesupport_c__pyext
[7.154s] [100%] Built target my_interfaces__rosidl_typesupport_introspection_c__pyext
[7.156s] [100%] Built target my_interfaces__rosidl_typesupport_fastrtps_c__pyext
[7.168s] Invoked command in '/home/alex/Diplomatiki/build/my_interfaces' returned '0': CMAKE_PREFIX_PATH=/opt/ros/humble /usr/bin/cmake --build /home/alex/Diplomatiki/build/my_interfaces -- -j6 -l6
[7.176s] Invoking command in '/home/alex/Diplomatiki/build/my_interfaces': CMAKE_PREFIX_PATH=/opt/ros/humble /usr/bin/cmake --install /home/alex/Diplomatiki/build/my_interfaces
[7.182s] -- Install configuration: ""
[7.182s] -- Installing: /home/alex/Diplomatiki/install/my_interfaces/share/ament_index/resource_index/rosidl_interfaces/my_interfaces
[7.182s] -- Installing: /home/alex/Diplomatiki/install/my_interfaces/include/my_interfaces/my_interfaces
[7.182s] -- Installing: /home/alex/Diplomatiki/install/my_interfaces/include/my_interfaces/my_interfaces/msg
[7.183s] -- Installing: /home/alex/Diplomatiki/install/my_interfaces/include/my_interfaces/my_interfaces/msg/agent_data.h
[7.183s] -- Installing: /home/alex/Diplomatiki/install/my_interfaces/include/my_interfaces/my_interfaces/msg/multiple_obstacles.h
[7.183s] -- Installing: /home/alex/Diplomatiki/install/my_interfaces/include/my_interfaces/my_interfaces/msg/rosidl_generator_c__visibility_control.h
[7.183s] -- Installing: /home/alex/Diplomatiki/install/my_interfaces/include/my_interfaces/my_interfaces/msg/multiple_target_estimates.h
[7.183s] -- Installing: /home/alex/Diplomatiki/install/my_interfaces/include/my_interfaces/my_interfaces/msg/detail
[7.183s] -- Installing: /home/alex/Diplomatiki/install/my_interfaces/include/my_interfaces/my_interfaces/msg/detail/single_target_estimate__type_support.h
[7.183s] -- Installing: /home/alex/Diplomatiki/install/my_interfaces/include/my_interfaces/my_interfaces/msg/detail/single_obstacle__type_support.h
[7.184s] -- Installing: /home/alex/Diplomatiki/install/my_interfaces/include/my_interfaces/my_interfaces/msg/detail/single_target_estimate__struct.h
[7.184s] -- Installing: /home/alex/Diplomatiki/install/my_interfaces/include/my_interfaces/my_interfaces/msg/detail/agent_data__functions.h
[7.184s] -- Installing: /home/alex/Diplomatiki/install/my_interfaces/include/my_interfaces/my_interfaces/msg/detail/multiple_target_estimates__type_support.h
[7.184s] -- Installing: /home/alex/Diplomatiki/install/my_interfaces/include/my_interfaces/my_interfaces/msg/detail/multiple_obstacles__functions.c
[7.184s] -- Installing: /home/alex/Diplomatiki/install/my_interfaces/include/my_interfaces/my_interfaces/msg/detail/single_target_estimate__functions.h
[7.184s] -- Installing: /home/alex/Diplomatiki/install/my_interfaces/include/my_interfaces/my_interfaces/msg/detail/ck_table__struct.h
[7.184s] -- Installing: /home/alex/Diplomatiki/install/my_interfaces/include/my_interfaces/my_interfaces/msg/detail/agent_data__type_support.h
[7.184s] -- Installing: /home/alex/Diplomatiki/install/my_interfaces/include/my_interfaces/my_interfaces/msg/detail/single_obstacle__functions.h
[7.184s] -- Installing: /home/alex/Diplomatiki/install/my_interfaces/include/my_interfaces/my_interfaces/msg/detail/single_obstacle__struct.h
[7.185s] -- Installing: /home/alex/Diplomatiki/install/my_interfaces/include/my_interfaces/my_interfaces/msg/detail/agent_data__struct.h
[7.185s] -- Installing: /home/alex/Diplomatiki/install/my_interfaces/include/my_interfaces/my_interfaces/msg/detail/agent_data__functions.c
[7.185s] -- Installing: /home/alex/Diplomatiki/install/my_interfaces/include/my_interfaces/my_interfaces/msg/detail/multiple_obstacles__struct.h
[7.185s] -- Installing: /home/alex/Diplomatiki/install/my_interfaces/include/my_interfaces/my_interfaces/msg/detail/ck_table__functions.c
[7.185s] -- Installing: /home/alex/Diplomatiki/install/my_interfaces/include/my_interfaces/my_interfaces/msg/detail/single_obstacle__functions.c
[7.185s] -- Installing: /home/alex/Diplomatiki/install/my_interfaces/include/my_interfaces/my_interfaces/msg/detail/single_target_estimate__functions.c
[7.185s] -- Installing: /home/alex/Diplomatiki/install/my_interfaces/include/my_interfaces/my_interfaces/msg/detail/multiple_obstacles__type_support.h
[7.185s] -- Installing: /home/alex/Diplomatiki/install/my_interfaces/include/my_interfaces/my_interfaces/msg/detail/multiple_target_estimates__functions.h
[7.185s] -- Installing: /home/alex/Diplomatiki/install/my_interfaces/include/my_interfaces/my_interfaces/msg/detail/ck_table__functions.h
[7.185s] -- Installing: /home/alex/Diplomatiki/install/my_interfaces/include/my_interfaces/my_interfaces/msg/detail/multiple_target_estimates__functions.c
[7.186s] -- Installing: /home/alex/Diplomatiki/install/my_interfaces/include/my_interfaces/my_interfaces/msg/detail/multiple_target_estimates__struct.h
[7.186s] -- Installing: /home/alex/Diplomatiki/install/my_interfaces/include/my_interfaces/my_interfaces/msg/detail/multiple_obstacles__functions.h
[7.186s] -- Installing: /home/alex/Diplomatiki/install/my_interfaces/include/my_interfaces/my_interfaces/msg/detail/ck_table__type_support.h
[7.186s] -- Installing: /home/alex/Diplomatiki/install/my_interfaces/include/my_interfaces/my_interfaces/msg/single_target_estimate.h
[7.186s] -- Installing: /home/alex/Diplomatiki/install/my_interfaces/include/my_interfaces/my_interfaces/msg/ck_table.h
[7.186s] -- Installing: /home/alex/Diplomatiki/install/my_interfaces/include/my_interfaces/my_interfaces/msg/single_obstacle.h
[7.186s] -- Installing: /home/alex/Diplomatiki/install/my_interfaces/share/my_interfaces/environment/library_path.sh
[7.186s] -- Installing: /home/alex/Diplomatiki/install/my_interfaces/share/my_interfaces/environment/library_path.dsv
[7.186s] -- Installing: /home/alex/Diplomatiki/install/my_interfaces/lib/libmy_interfaces__rosidl_generator_c.so
[7.186s] -- Set runtime path of "/home/alex/Diplomatiki/install/my_interfaces/lib/libmy_interfaces__rosidl_generator_c.so" to ""
[7.186s] -- Up-to-date: /home/alex/Diplomatiki/install/my_interfaces/include/my_interfaces/my_interfaces
[7.186s] -- Up-to-date: /home/alex/Diplomatiki/install/my_interfaces/include/my_interfaces/my_interfaces/msg
[7.187s] -- Installing: /home/alex/Diplomatiki/install/my_interfaces/include/my_interfaces/my_interfaces/msg/rosidl_typesupport_fastrtps_c__visibility_control.h
[7.187s] -- Up-to-date: /home/alex/Diplomatiki/install/my_interfaces/include/my_interfaces/my_interfaces/msg/detail
[7.187s] -- Installing: /home/alex/Diplomatiki/install/my_interfaces/include/my_interfaces/my_interfaces/msg/detail/single_obstacle__rosidl_typesupport_fastrtps_c.h
[7.187s] -- Installing: /home/alex/Diplomatiki/install/my_interfaces/include/my_interfaces/my_interfaces/msg/detail/multiple_target_estimates__rosidl_typesupport_fastrtps_c.h
[7.187s] -- Installing: /home/alex/Diplomatiki/install/my_interfaces/include/my_interfaces/my_interfaces/msg/detail/ck_table__rosidl_typesupport_fastrtps_c.h
[7.187s] -- Installing: /home/alex/Diplomatiki/install/my_interfaces/include/my_interfaces/my_interfaces/msg/detail/multiple_obstacles__rosidl_typesupport_fastrtps_c.h
[7.187s] -- Installing: /home/alex/Diplomatiki/install/my_interfaces/include/my_interfaces/my_interfaces/msg/detail/single_target_estimate__rosidl_typesupport_fastrtps_c.h
[7.187s] -- Installing: /home/alex/Diplomatiki/install/my_interfaces/include/my_interfaces/my_interfaces/msg/detail/agent_data__rosidl_typesupport_fastrtps_c.h
[7.187s] -- Installing: /home/alex/Diplomatiki/install/my_interfaces/lib/libmy_interfaces__rosidl_typesupport_fastrtps_c.so
[7.187s] -- Set runtime path of "/home/alex/Diplomatiki/install/my_interfaces/lib/libmy_interfaces__rosidl_typesupport_fastrtps_c.so" to ""
[7.187s] -- Up-to-date: /home/alex/Diplomatiki/install/my_interfaces/include/my_interfaces/my_interfaces
[7.187s] -- Up-to-date: /home/alex/Diplomatiki/install/my_interfaces/include/my_interfaces/my_interfaces/msg
[7.187s] -- Up-to-date: /home/alex/Diplomatiki/install/my_interfaces/include/my_interfaces/my_interfaces/msg/detail
[7.187s] -- Installing: /home/alex/Diplomatiki/install/my_interfaces/include/my_interfaces/my_interfaces/msg/detail/multiple_obstacles__rosidl_typesupport_introspection_c.h
[7.187s] -- Installing: /home/alex/Diplomatiki/install/my_interfaces/include/my_interfaces/my_interfaces/msg/detail/ck_table__rosidl_typesupport_introspection_c.h
[7.188s] -- Installing: /home/alex/Diplomatiki/install/my_interfaces/include/my_interfaces/my_interfaces/msg/detail/multiple_target_estimates__rosidl_typesupport_introspection_c.h
[7.188s] -- Installing: /home/alex/Diplomatiki/install/my_interfaces/include/my_interfaces/my_interfaces/msg/detail/agent_data__rosidl_typesupport_introspection_c.h
[7.188s] -- Installing: /home/alex/Diplomatiki/install/my_interfaces/include/my_interfaces/my_interfaces/msg/detail/ck_table__type_support.c
[7.188s] -- Installing: /home/alex/Diplomatiki/install/my_interfaces/include/my_interfaces/my_interfaces/msg/detail/single_obstacle__rosidl_typesupport_introspection_c.h
[7.188s] -- Installing: /home/alex/Diplomatiki/install/my_interfaces/include/my_interfaces/my_interfaces/msg/detail/multiple_obstacles__type_support.c
[7.188s] -- Installing: /home/alex/Diplomatiki/install/my_interfaces/include/my_interfaces/my_interfaces/msg/detail/agent_data__type_support.c
[7.188s] -- Installing: /home/alex/Diplomatiki/install/my_interfaces/include/my_interfaces/my_interfaces/msg/detail/single_obstacle__type_support.c
[7.188s] -- Installing: /home/alex/Diplomatiki/install/my_interfaces/include/my_interfaces/my_interfaces/msg/detail/single_target_estimate__rosidl_typesupport_introspection_c.h
[7.188s] -- Installing: /home/alex/Diplomatiki/install/my_interfaces/include/my_interfaces/my_interfaces/msg/detail/single_target_estimate__type_support.c
[7.188s] -- Installing: /home/alex/Diplomatiki/install/my_interfaces/include/my_interfaces/my_interfaces/msg/detail/multiple_target_estimates__type_support.c
[7.188s] -- Installing: /home/alex/Diplomatiki/install/my_interfaces/include/my_interfaces/my_interfaces/msg/rosidl_typesupport_introspection_c__visibility_control.h
[7.188s] -- Installing: /home/alex/Diplomatiki/install/my_interfaces/lib/libmy_interfaces__rosidl_typesupport_introspection_c.so
[7.189s] -- Set runtime path of "/home/alex/Diplomatiki/install/my_interfaces/lib/libmy_interfaces__rosidl_typesupport_introspection_c.so" to ""
[7.189s] -- Installing: /home/alex/Diplomatiki/install/my_interfaces/lib/libmy_interfaces__rosidl_typesupport_c.so
[7.189s] -- Set runtime path of "/home/alex/Diplomatiki/install/my_interfaces/lib/libmy_interfaces__rosidl_typesupport_c.so" to ""
[7.189s] -- Up-to-date: /home/alex/Diplomatiki/install/my_interfaces/include/my_interfaces/my_interfaces
[7.189s] -- Up-to-date: /home/alex/Diplomatiki/install/my_interfaces/include/my_interfaces/my_interfaces/msg
[7.189s] -- Installing: /home/alex/Diplomatiki/install/my_interfaces/include/my_interfaces/my_interfaces/msg/ck_table.hpp
[7.189s] -- Installing: /home/alex/Diplomatiki/install/my_interfaces/include/my_interfaces/my_interfaces/msg/multiple_obstacles.hpp
[7.189s] -- Installing: /home/alex/Diplomatiki/install/my_interfaces/include/my_interfaces/my_interfaces/msg/rosidl_generator_cpp__visibility_control.hpp
[7.190s] -- Installing: /home/alex/Diplomatiki/install/my_interfaces/include/my_interfaces/my_interfaces/msg/single_obstacle.hpp
[7.190s] -- Installing: /home/alex/Diplomatiki/install/my_interfaces/include/my_interfaces/my_interfaces/msg/agent_data.hpp
[7.190s] -- Installing: /home/alex/Diplomatiki/install/my_interfaces/include/my_interfaces/my_interfaces/msg/multiple_target_estimates.hpp
[7.190s] -- Up-to-date: /home/alex/Diplomatiki/install/my_interfaces/include/my_interfaces/my_interfaces/msg/detail
[7.190s] -- Installing: /home/alex/Diplomatiki/install/my_interfaces/include/my_interfaces/my_interfaces/msg/detail/multiple_target_estimates__traits.hpp
[7.190s] -- Installing: /home/alex/Diplomatiki/install/my_interfaces/include/my_interfaces/my_interfaces/msg/detail/single_obstacle__builder.hpp
[7.190s] -- Installing: /home/alex/Diplomatiki/install/my_interfaces/include/my_interfaces/my_interfaces/msg/detail/ck_table__traits.hpp
[7.190s] -- Installing: /home/alex/Diplomatiki/install/my_interfaces/include/my_interfaces/my_interfaces/msg/detail/single_target_estimate__builder.hpp
[7.191s] -- Installing: /home/alex/Diplomatiki/install/my_interfaces/include/my_interfaces/my_interfaces/msg/detail/multiple_obstacles__builder.hpp
[7.191s] -- Installing: /home/alex/Diplomatiki/install/my_interfaces/include/my_interfaces/my_interfaces/msg/detail/ck_table__type_support.hpp
[7.191s] -- Installing: /home/alex/Diplomatiki/install/my_interfaces/include/my_interfaces/my_interfaces/msg/detail/multiple_obstacles__type_support.hpp
[7.191s] -- Installing: /home/alex/Diplomatiki/install/my_interfaces/include/my_interfaces/my_interfaces/msg/detail/single_target_estimate__traits.hpp
[7.191s] -- Installing: /home/alex/Diplomatiki/install/my_interfaces/include/my_interfaces/my_interfaces/msg/detail/ck_table__struct.hpp
[7.191s] -- Installing: /home/alex/Diplomatiki/install/my_interfaces/include/my_interfaces/my_interfaces/msg/detail/single_target_estimate__type_support.hpp
[7.191s] -- Installing: /home/alex/Diplomatiki/install/my_interfaces/include/my_interfaces/my_interfaces/msg/detail/agent_data__struct.hpp
[7.191s] -- Installing: /home/alex/Diplomatiki/install/my_interfaces/include/my_interfaces/my_interfaces/msg/detail/multiple_target_estimates__builder.hpp
[7.191s] -- Installing: /home/alex/Diplomatiki/install/my_interfaces/include/my_interfaces/my_interfaces/msg/detail/single_obstacle__struct.hpp
[7.191s] -- Installing: /home/alex/Diplomatiki/install/my_interfaces/include/my_interfaces/my_interfaces/msg/detail/multiple_obstacles__struct.hpp
[7.192s] -- Installing: /home/alex/Diplomatiki/install/my_interfaces/include/my_interfaces/my_interfaces/msg/detail/multiple_obstacles__traits.hpp
[7.192s] -- Installing: /home/alex/Diplomatiki/install/my_interfaces/include/my_interfaces/my_interfaces/msg/detail/multiple_target_estimates__type_support.hpp
[7.192s] -- Installing: /home/alex/Diplomatiki/install/my_interfaces/include/my_interfaces/my_interfaces/msg/detail/multiple_target_estimates__struct.hpp
[7.192s] -- Installing: /home/alex/Diplomatiki/install/my_interfaces/include/my_interfaces/my_interfaces/msg/detail/ck_table__builder.hpp
[7.192s] -- Installing: /home/alex/Diplomatiki/install/my_interfaces/include/my_interfaces/my_interfaces/msg/detail/agent_data__type_support.hpp
[7.192s] -- Installing: /home/alex/Diplomatiki/install/my_interfaces/include/my_interfaces/my_interfaces/msg/detail/single_obstacle__traits.hpp
[7.192s] -- Installing: /home/alex/Diplomatiki/install/my_interfaces/include/my_interfaces/my_interfaces/msg/detail/single_target_estimate__struct.hpp
[7.192s] -- Installing: /home/alex/Diplomatiki/install/my_interfaces/include/my_interfaces/my_interfaces/msg/detail/agent_data__traits.hpp
[7.192s] -- Installing: /home/alex/Diplomatiki/install/my_interfaces/include/my_interfaces/my_interfaces/msg/detail/single_obstacle__type_support.hpp
[7.192s] -- Installing: /home/alex/Diplomatiki/install/my_interfaces/include/my_interfaces/my_interfaces/msg/detail/agent_data__builder.hpp
[7.193s] -- Installing: /home/alex/Diplomatiki/install/my_interfaces/include/my_interfaces/my_interfaces/msg/single_target_estimate.hpp
[7.193s] -- Up-to-date: /home/alex/Diplomatiki/install/my_interfaces/include/my_interfaces/my_interfaces
[7.193s] -- Up-to-date: /home/alex/Diplomatiki/install/my_interfaces/include/my_interfaces/my_interfaces/msg
[7.193s] -- Installing: /home/alex/Diplomatiki/install/my_interfaces/include/my_interfaces/my_interfaces/msg/rosidl_typesupport_fastrtps_cpp__visibility_control.h
[7.193s] -- Up-to-date: /home/alex/Diplomatiki/install/my_interfaces/include/my_interfaces/my_interfaces/msg/detail
[7.193s] -- Installing: /home/alex/Diplomatiki/install/my_interfaces/include/my_interfaces/my_interfaces/msg/detail/dds_fastrtps
[7.193s] -- Installing: /home/alex/Diplomatiki/install/my_interfaces/include/my_interfaces/my_interfaces/msg/detail/single_obstacle__rosidl_typesupport_fastrtps_cpp.hpp
[7.193s] -- Installing: /home/alex/Diplomatiki/install/my_interfaces/include/my_interfaces/my_interfaces/msg/detail/agent_data__rosidl_typesupport_fastrtps_cpp.hpp
[7.193s] -- Installing: /home/alex/Diplomatiki/install/my_interfaces/include/my_interfaces/my_interfaces/msg/detail/multiple_obstacles__rosidl_typesupport_fastrtps_cpp.hpp
[7.194s] -- Installing: /home/alex/Diplomatiki/install/my_interfaces/include/my_interfaces/my_interfaces/msg/detail/single_target_estimate__rosidl_typesupport_fastrtps_cpp.hpp
[7.194s] -- Installing: /home/alex/Diplomatiki/install/my_interfaces/include/my_interfaces/my_interfaces/msg/detail/multiple_target_estimates__rosidl_typesupport_fastrtps_cpp.hpp
[7.194s] -- Installing: /home/alex/Diplomatiki/install/my_interfaces/include/my_interfaces/my_interfaces/msg/detail/ck_table__rosidl_typesupport_fastrtps_cpp.hpp
[7.194s] -- Installing: /home/alex/Diplomatiki/install/my_interfaces/lib/libmy_interfaces__rosidl_typesupport_fastrtps_cpp.so
[7.194s] -- Set runtime path of "/home/alex/Diplomatiki/install/my_interfaces/lib/libmy_interfaces__rosidl_typesupport_fastrtps_cpp.so" to ""
[7.194s] -- Up-to-date: /home/alex/Diplomatiki/install/my_interfaces/include/my_interfaces/my_interfaces
[7.194s] -- Up-to-date: /home/alex/Diplomatiki/install/my_interfaces/include/my_interfaces/my_interfaces/msg
[7.194s] -- Up-to-date: /home/alex/Diplomatiki/install/my_interfaces/include/my_interfaces/my_interfaces/msg/detail
[7.194s] -- Installing: /home/alex/Diplomatiki/install/my_interfaces/include/my_interfaces/my_interfaces/msg/detail/agent_data__rosidl_typesupport_introspection_cpp.hpp
[7.194s] -- Installing: /home/alex/Diplomatiki/install/my_interfaces/include/my_interfaces/my_interfaces/msg/detail/single_target_estimate__type_support.cpp
[7.195s] -- Installing: /home/alex/Diplomatiki/install/my_interfaces/include/my_interfaces/my_interfaces/msg/detail/multiple_target_estimates__type_support.cpp
[7.195s] -- Installing: /home/alex/Diplomatiki/install/my_interfaces/include/my_interfaces/my_interfaces/msg/detail/single_obstacle__rosidl_typesupport_introspection_cpp.hpp
[7.195s] -- Installing: /home/alex/Diplomatiki/install/my_interfaces/include/my_interfaces/my_interfaces/msg/detail/multiple_target_estimates__rosidl_typesupport_introspection_cpp.hpp
[7.195s] -- Installing: /home/alex/Diplomatiki/install/my_interfaces/include/my_interfaces/my_interfaces/msg/detail/single_target_estimate__rosidl_typesupport_introspection_cpp.hpp
[7.195s] -- Installing: /home/alex/Diplomatiki/install/my_interfaces/include/my_interfaces/my_interfaces/msg/detail/ck_table__rosidl_typesupport_introspection_cpp.hpp
[7.195s] -- Installing: /home/alex/Diplomatiki/install/my_interfaces/include/my_interfaces/my_interfaces/msg/detail/single_obstacle__type_support.cpp
[7.195s] -- Installing: /home/alex/Diplomatiki/install/my_interfaces/include/my_interfaces/my_interfaces/msg/detail/ck_table__type_support.cpp
[7.195s] -- Installing: /home/alex/Diplomatiki/install/my_interfaces/include/my_interfaces/my_interfaces/msg/detail/multiple_obstacles__type_support.cpp
[7.195s] -- Installing: /home/alex/Diplomatiki/install/my_interfaces/include/my_interfaces/my_interfaces/msg/detail/multiple_obstacles__rosidl_typesupport_introspection_cpp.hpp
[7.196s] -- Installing: /home/alex/Diplomatiki/install/my_interfaces/include/my_interfaces/my_interfaces/msg/detail/agent_data__type_support.cpp
[7.196s] -- Installing: /home/alex/Diplomatiki/install/my_interfaces/lib/libmy_interfaces__rosidl_typesupport_introspection_cpp.so
[7.196s] -- Set runtime path of "/home/alex/Diplomatiki/install/my_interfaces/lib/libmy_interfaces__rosidl_typesupport_introspection_cpp.so" to ""
[7.196s] -- Installing: /home/alex/Diplomatiki/install/my_interfaces/lib/libmy_interfaces__rosidl_typesupport_cpp.so
[7.196s] -- Set runtime path of "/home/alex/Diplomatiki/install/my_interfaces/lib/libmy_interfaces__rosidl_typesupport_cpp.so" to ""
[7.196s] -- Installing: /home/alex/Diplomatiki/install/my_interfaces/share/my_interfaces/environment/pythonpath.sh
[7.196s] -- Installing: /home/alex/Diplomatiki/install/my_interfaces/share/my_interfaces/environment/pythonpath.dsv
[7.196s] -- Installing: /home/alex/Diplomatiki/install/my_interfaces/local/lib/python3.10/dist-packages/my_interfaces-0.0.0-py3.10.egg-info
[7.196s] -- Installing: /home/alex/Diplomatiki/install/my_interfaces/local/lib/python3.10/dist-packages/my_interfaces-0.0.0-py3.10.egg-info/SOURCES.txt
[7.196s] -- Installing: /home/alex/Diplomatiki/install/my_interfaces/local/lib/python3.10/dist-packages/my_interfaces-0.0.0-py3.10.egg-info/dependency_links.txt
[7.197s] -- Installing: /home/alex/Diplomatiki/install/my_interfaces/local/lib/python3.10/dist-packages/my_interfaces-0.0.0-py3.10.egg-info/PKG-INFO
[7.197s] -- Installing: /home/alex/Diplomatiki/install/my_interfaces/local/lib/python3.10/dist-packages/my_interfaces-0.0.0-py3.10.egg-info/top_level.txt
[7.197s] -- Installing: /home/alex/Diplomatiki/install/my_interfaces/local/lib/python3.10/dist-packages/my_interfaces
[7.197s] -- Installing: /home/alex/Diplomatiki/install/my_interfaces/local/lib/python3.10/dist-packages/my_interfaces/msg
[7.197s] -- Installing: /home/alex/Diplomatiki/install/my_interfaces/local/lib/python3.10/dist-packages/my_interfaces/msg/_multiple_obstacles.py
[7.197s] -- Installing: /home/alex/Diplomatiki/install/my_interfaces/local/lib/python3.10/dist-packages/my_interfaces/msg/__init__.py
[7.197s] -- Installing: /home/alex/Diplomatiki/install/my_interfaces/local/lib/python3.10/dist-packages/my_interfaces/msg/_agent_data.py
[7.197s] -- Installing: /home/alex/Diplomatiki/install/my_interfaces/local/lib/python3.10/dist-packages/my_interfaces/msg/_agent_data_s.c
[7.197s] -- Installing: /home/alex/Diplomatiki/install/my_interfaces/local/lib/python3.10/dist-packages/my_interfaces/msg/_ck_table.py
[7.197s] -- Installing: /home/alex/Diplomatiki/install/my_interfaces/local/lib/python3.10/dist-packages/my_interfaces/msg/_ck_table_s.c
[7.198s] -- Installing: /home/alex/Diplomatiki/install/my_interfaces/local/lib/python3.10/dist-packages/my_interfaces/msg/_multiple_obstacles_s.c
[7.198s] -- Installing: /home/alex/Diplomatiki/install/my_interfaces/local/lib/python3.10/dist-packages/my_interfaces/msg/_single_target_estimate_s.c
[7.198s] -- Installing: /home/alex/Diplomatiki/install/my_interfaces/local/lib/python3.10/dist-packages/my_interfaces/msg/_single_obstacle_s.c
[7.198s] -- Installing: /home/alex/Diplomatiki/install/my_interfaces/local/lib/python3.10/dist-packages/my_interfaces/msg/_single_target_estimate.py
[7.198s] -- Installing: /home/alex/Diplomatiki/install/my_interfaces/local/lib/python3.10/dist-packages/my_interfaces/msg/_single_obstacle.py
[7.198s] -- Installing: /home/alex/Diplomatiki/install/my_interfaces/local/lib/python3.10/dist-packages/my_interfaces/msg/_multiple_target_estimates.py
[7.198s] -- Installing: /home/alex/Diplomatiki/install/my_interfaces/local/lib/python3.10/dist-packages/my_interfaces/msg/_multiple_target_estimates_s.c
[7.198s] -- Installing: /home/alex/Diplomatiki/install/my_interfaces/local/lib/python3.10/dist-packages/my_interfaces/__init__.py
[7.198s] -- Installing: /home/alex/Diplomatiki/install/my_interfaces/local/lib/python3.10/dist-packages/my_interfaces/libmy_interfaces__rosidl_generator_py.so
[7.198s] -- Installing: /home/alex/Diplomatiki/install/my_interfaces/local/lib/python3.10/dist-packages/my_interfaces/_my_interfaces_s.ep.rosidl_typesupport_c.c
[7.199s] -- Installing: /home/alex/Diplomatiki/install/my_interfaces/local/lib/python3.10/dist-packages/my_interfaces/my_interfaces_s__rosidl_typesupport_fastrtps_c.cpython-310-x86_64-linux-gnu.so
[7.199s] -- Installing: /home/alex/Diplomatiki/install/my_interfaces/local/lib/python3.10/dist-packages/my_interfaces/_my_interfaces_s.ep.rosidl_typesupport_introspection_c.c
[7.199s] -- Installing: /home/alex/Diplomatiki/install/my_interfaces/local/lib/python3.10/dist-packages/my_interfaces/my_interfaces_s__rosidl_typesupport_c.cpython-310-x86_64-linux-gnu.so
[7.199s] -- Installing: /home/alex/Diplomatiki/install/my_interfaces/local/lib/python3.10/dist-packages/my_interfaces/_my_interfaces_s.ep.rosidl_typesupport_fastrtps_c.c
[7.199s] -- Installing: /home/alex/Diplomatiki/install/my_interfaces/local/lib/python3.10/dist-packages/my_interfaces/my_interfaces_s__rosidl_typesupport_introspection_c.cpython-310-x86_64-linux-gnu.so
[7.228s] Listing '/home/alex/Diplomatiki/install/my_interfaces/local/lib/python3.10/dist-packages/my_interfaces'...
[7.228s] Compiling '/home/alex/Diplomatiki/install/my_interfaces/local/lib/python3.10/dist-packages/my_interfaces/__init__.py'...
[7.228s] Listing '/home/alex/Diplomatiki/install/my_interfaces/local/lib/python3.10/dist-packages/my_interfaces/msg'...
[7.228s] Compiling '/home/alex/Diplomatiki/install/my_interfaces/local/lib/python3.10/dist-packages/my_interfaces/msg/__init__.py'...
[7.228s] Compiling '/home/alex/Diplomatiki/install/my_interfaces/local/lib/python3.10/dist-packages/my_interfaces/msg/_agent_data.py'...
[7.228s] Compiling '/home/alex/Diplomatiki/install/my_interfaces/local/lib/python3.10/dist-packages/my_interfaces/msg/_ck_table.py'...
[7.228s] Compiling '/home/alex/Diplomatiki/install/my_interfaces/local/lib/python3.10/dist-packages/my_interfaces/msg/_multiple_obstacles.py'...
[7.229s] Compiling '/home/alex/Diplomatiki/install/my_interfaces/local/lib/python3.10/dist-packages/my_interfaces/msg/_multiple_target_estimates.py'...
[7.229s] Compiling '/home/alex/Diplomatiki/install/my_interfaces/local/lib/python3.10/dist-packages/my_interfaces/msg/_single_obstacle.py'...
[7.229s] Compiling '/home/alex/Diplomatiki/install/my_interfaces/local/lib/python3.10/dist-packages/my_interfaces/msg/_single_target_estimate.py'...
[7.233s] -- Installing: /home/alex/Diplomatiki/install/my_interfaces/local/lib/python3.10/dist-packages/my_interfaces/my_interfaces_s__rosidl_typesupport_fastrtps_c.cpython-310-x86_64-linux-gnu.so
[7.233s] -- Set runtime path of "/home/alex/Diplomatiki/install/my_interfaces/local/lib/python3.10/dist-packages/my_interfaces/my_interfaces_s__rosidl_typesupport_fastrtps_c.cpython-310-x86_64-linux-gnu.so" to ""
[7.233s] -- Installing: /home/alex/Diplomatiki/install/my_interfaces/local/lib/python3.10/dist-packages/my_interfaces/my_interfaces_s__rosidl_typesupport_introspection_c.cpython-310-x86_64-linux-gnu.so
[7.234s] -- Set runtime path of "/home/alex/Diplomatiki/install/my_interfaces/local/lib/python3.10/dist-packages/my_interfaces/my_interfaces_s__rosidl_typesupport_introspection_c.cpython-310-x86_64-linux-gnu.so" to ""
[7.234s] -- Installing: /home/alex/Diplomatiki/install/my_interfaces/local/lib/python3.10/dist-packages/my_interfaces/my_interfaces_s__rosidl_typesupport_c.cpython-310-x86_64-linux-gnu.so
[7.234s] -- Set runtime path of "/home/alex/Diplomatiki/install/my_interfaces/local/lib/python3.10/dist-packages/my_interfaces/my_interfaces_s__rosidl_typesupport_c.cpython-310-x86_64-linux-gnu.so" to ""
[7.234s] -- Installing: /home/alex/Diplomatiki/install/my_interfaces/lib/libmy_interfaces__rosidl_generator_py.so
[7.235s] -- Set runtime path of "/home/alex/Diplomatiki/install/my_interfaces/lib/libmy_interfaces__rosidl_generator_py.so" to ""
[7.235s] -- Installing: /home/alex/Diplomatiki/install/my_interfaces/share/my_interfaces/msg/CkTable.idl
[7.235s] -- Installing: /home/alex/Diplomatiki/install/my_interfaces/share/my_interfaces/msg/AgentData.idl
[7.235s] -- Installing: /home/alex/Diplomatiki/install/my_interfaces/share/my_interfaces/msg/SingleObstacle.idl
[7.235s] -- Installing: /home/alex/Diplomatiki/install/my_interfaces/share/my_interfaces/msg/MultipleObstacles.idl
[7.235s] -- Installing: /home/alex/Diplomatiki/install/my_interfaces/share/my_interfaces/msg/SingleTargetEstimate.idl
[7.235s] -- Installing: /home/alex/Diplomatiki/install/my_interfaces/share/my_interfaces/msg/MultipleTargetEstimates.idl
[7.235s] -- Installing: /home/alex/Diplomatiki/install/my_interfaces/share/my_interfaces/msg/CkTable.msg
[7.235s] -- Installing: /home/alex/Diplomatiki/install/my_interfaces/share/my_interfaces/msg/AgentData.msg
[7.235s] -- Installing: /home/alex/Diplomatiki/install/my_interfaces/share/my_interfaces/msg/SingleObstacle.msg
[7.235s] -- Installing: /home/alex/Diplomatiki/install/my_interfaces/share/my_interfaces/msg/MultipleObstacles.msg
[7.236s] -- Installing: /home/alex/Diplomatiki/install/my_interfaces/share/my_interfaces/msg/SingleTargetEstimate.msg
[7.236s] -- Installing: /home/alex/Diplomatiki/install/my_interfaces/share/my_interfaces/msg/MultipleTargetEstimates.msg
[7.236s] -- Installing: /home/alex/Diplomatiki/install/my_interfaces/share/ament_index/resource_index/package_run_dependencies/my_interfaces
[7.236s] -- Installing: /home/alex/Diplomatiki/install/my_interfaces/share/ament_index/resource_index/parent_prefix_path/my_interfaces
[7.236s] -- Installing: /home/alex/Diplomatiki/install/my_interfaces/share/my_interfaces/environment/ament_prefix_path.sh
[7.236s] -- Installing: /home/alex/Diplomatiki/install/my_interfaces/share/my_interfaces/environment/ament_prefix_path.dsv
[7.236s] -- Installing: /home/alex/Diplomatiki/install/my_interfaces/share/my_interfaces/environment/path.sh
[7.236s] -- Installing: /home/alex/Diplomatiki/install/my_interfaces/share/my_interfaces/environment/path.dsv
[7.237s] -- Installing: /home/alex/Diplomatiki/install/my_interfaces/share/my_interfaces/local_setup.bash
[7.237s] -- Installing: /home/alex/Diplomatiki/install/my_interfaces/share/my_interfaces/local_setup.sh
[7.237s] -- Installing: /home/alex/Diplomatiki/install/my_interfaces/share/my_interfaces/local_setup.zsh
[7.237s] -- Installing: /home/alex/Diplomatiki/install/my_interfaces/share/my_interfaces/local_setup.dsv
[7.237s] -- Installing: /home/alex/Diplomatiki/install/my_interfaces/share/my_interfaces/package.dsv
[7.237s] -- Installing: /home/alex/Diplomatiki/install/my_interfaces/share/ament_index/resource_index/packages/my_interfaces
[7.237s] -- Installing: /home/alex/Diplomatiki/install/my_interfaces/share/my_interfaces/cmake/export_my_interfaces__rosidl_generator_cExport.cmake
[7.237s] -- Installing: /home/alex/Diplomatiki/install/my_interfaces/share/my_interfaces/cmake/export_my_interfaces__rosidl_generator_cExport-noconfig.cmake
[7.238s] -- Installing: /home/alex/Diplomatiki/install/my_interfaces/share/my_interfaces/cmake/export_my_interfaces__rosidl_typesupport_fastrtps_cExport.cmake
[7.238s] -- Installing: /home/alex/Diplomatiki/install/my_interfaces/share/my_interfaces/cmake/export_my_interfaces__rosidl_typesupport_fastrtps_cExport-noconfig.cmake
[7.238s] -- Installing: /home/alex/Diplomatiki/install/my_interfaces/share/my_interfaces/cmake/my_interfaces__rosidl_typesupport_introspection_cExport.cmake
[7.238s] -- Installing: /home/alex/Diplomatiki/install/my_interfaces/share/my_interfaces/cmake/my_interfaces__rosidl_typesupport_introspection_cExport-noconfig.cmake
[7.238s] -- Installing: /home/alex/Diplomatiki/install/my_interfaces/share/my_interfaces/cmake/my_interfaces__rosidl_typesupport_cExport.cmake
[7.238s] -- Installing: /home/alex/Diplomatiki/install/my_interfaces/share/my_interfaces/cmake/my_interfaces__rosidl_typesupport_cExport-noconfig.cmake
[7.238s] -- Installing: /home/alex/Diplomatiki/install/my_interfaces/share/my_interfaces/cmake/export_my_interfaces__rosidl_generator_cppExport.cmake
[7.238s] -- Installing: /home/alex/Diplomatiki/install/my_interfaces/share/my_interfaces/cmake/export_my_interfaces__rosidl_typesupport_fastrtps_cppExport.cmake
[7.238s] -- Installing: /home/alex/Diplomatiki/install/my_interfaces/share/my_interfaces/cmake/export_my_interfaces__rosidl_typesupport_fastrtps_cppExport-noconfig.cmake
[7.239s] -- Installing: /home/alex/Diplomatiki/install/my_interfaces/share/my_interfaces/cmake/my_interfaces__rosidl_typesupport_introspection_cppExport.cmake
[7.239s] -- Installing: /home/alex/Diplomatiki/install/my_interfaces/share/my_interfaces/cmake/my_interfaces__rosidl_typesupport_introspection_cppExport-noconfig.cmake
[7.239s] -- Installing: /home/alex/Diplomatiki/install/my_interfaces/share/my_interfaces/cmake/my_interfaces__rosidl_typesupport_cppExport.cmake
[7.239s] -- Installing: /home/alex/Diplomatiki/install/my_interfaces/share/my_interfaces/cmake/my_interfaces__rosidl_typesupport_cppExport-noconfig.cmake
[7.239s] -- Installing: /home/alex/Diplomatiki/install/my_interfaces/share/my_interfaces/cmake/export_my_interfaces__rosidl_generator_pyExport.cmake
[7.239s] -- Installing: /home/alex/Diplomatiki/install/my_interfaces/share/my_interfaces/cmake/export_my_interfaces__rosidl_generator_pyExport-noconfig.cmake
[7.239s] -- Installing: /home/alex/Diplomatiki/install/my_interfaces/share/my_interfaces/cmake/rosidl_cmake-extras.cmake
[7.239s] -- Installing: /home/alex/Diplomatiki/install/my_interfaces/share/my_interfaces/cmake/ament_cmake_export_dependencies-extras.cmake
[7.239s] -- Installing: /home/alex/Diplomatiki/install/my_interfaces/share/my_interfaces/cmake/ament_cmake_export_include_directories-extras.cmake
[7.239s] -- Installing: /home/alex/Diplomatiki/install/my_interfaces/share/my_interfaces/cmake/ament_cmake_export_libraries-extras.cmake
[7.239s] -- Installing: /home/alex/Diplomatiki/install/my_interfaces/share/my_interfaces/cmake/ament_cmake_export_targets-extras.cmake
[7.239s] -- Installing: /home/alex/Diplomatiki/install/my_interfaces/share/my_interfaces/cmake/rosidl_cmake_export_typesupport_targets-extras.cmake
[7.239s] -- Installing: /home/alex/Diplomatiki/install/my_interfaces/share/my_interfaces/cmake/rosidl_cmake_export_typesupport_libraries-extras.cmake
[7.240s] -- Installing: /home/alex/Diplomatiki/install/my_interfaces/share/my_interfaces/cmake/my_interfacesConfig.cmake
[7.240s] -- Installing: /home/alex/Diplomatiki/install/my_interfaces/share/my_interfaces/cmake/my_interfacesConfig-version.cmake
[7.240s] -- Installing: /home/alex/Diplomatiki/install/my_interfaces/share/my_interfaces/package.xml
[7.242s] Invoked command in '/home/alex/Diplomatiki/build/my_interfaces' returned '0': CMAKE_PREFIX_PATH=/opt/ros/humble /usr/bin/cmake --install /home/alex/Diplomatiki/build/my_interfaces
