/home/avavvas/dipl/install/ergodic_exploration/lib/python3.10/site-packages/my_erg_lib/replay_buffer.py
/home/avavvas/dipl/install/ergodic_exploration/lib/python3.10/site-packages/my_erg_lib/model_dynamics.py
/home/avavvas/dipl/install/ergodic_exploration/lib/python3.10/site-packages/my_erg_lib/obstacles.py
/home/avavvas/dipl/install/ergodic_exploration/lib/python3.10/site-packages/my_erg_lib/vis.py
/home/avavvas/dipl/install/ergodic_exploration/lib/python3.10/site-packages/my_erg_lib/ergodic_controllers.py
/home/avavvas/dipl/install/ergodic_exploration/lib/python3.10/site-packages/my_erg_lib/basis.py
/home/avavvas/dipl/install/ergodic_exploration/lib/python3.10/site-packages/my_erg_lib/Utilities.py
/home/avavvas/dipl/install/ergodic_exploration/lib/python3.10/site-packages/my_erg_lib/__init__.py
/home/avavvas/dipl/install/ergodic_exploration/lib/python3.10/site-packages/my_erg_lib/agent.py
/home/avavvas/dipl/install/ergodic_exploration/lib/python3.10/site-packages/my_erg_lib/eid.py
/home/avavvas/dipl/install/ergodic_exploration/lib/python3.10/site-packages/ergodic_exploration/dummy_agent.py
/home/avavvas/dipl/install/ergodic_exploration/lib/python3.10/site-packages/ergodic_exploration/__init__.py
/home/avavvas/dipl/install/ergodic_exploration/lib/python3.10/site-packages/ergodic_exploration/agent_node.py
/home/avavvas/dipl/install/ergodic_exploration/lib/python3.10/site-packages/ergodic_exploration/environment.py
/home/avavvas/dipl/install/ergodic_exploration/lib/python3.10/site-packages/my_erg_lib/__pycache__/replay_buffer.cpython-310.pyc
/home/avavvas/dipl/install/ergodic_exploration/lib/python3.10/site-packages/my_erg_lib/__pycache__/model_dynamics.cpython-310.pyc
/home/avavvas/dipl/install/ergodic_exploration/lib/python3.10/site-packages/my_erg_lib/__pycache__/obstacles.cpython-310.pyc
/home/avavvas/dipl/install/ergodic_exploration/lib/python3.10/site-packages/my_erg_lib/__pycache__/vis.cpython-310.pyc
/home/avavvas/dipl/install/ergodic_exploration/lib/python3.10/site-packages/my_erg_lib/__pycache__/ergodic_controllers.cpython-310.pyc
/home/avavvas/dipl/install/ergodic_exploration/lib/python3.10/site-packages/my_erg_lib/__pycache__/basis.cpython-310.pyc
/home/avavvas/dipl/install/ergodic_exploration/lib/python3.10/site-packages/my_erg_lib/__pycache__/Utilities.cpython-310.pyc
/home/avavvas/dipl/install/ergodic_exploration/lib/python3.10/site-packages/my_erg_lib/__pycache__/__init__.cpython-310.pyc
/home/avavvas/dipl/install/ergodic_exploration/lib/python3.10/site-packages/my_erg_lib/__pycache__/agent.cpython-310.pyc
/home/avavvas/dipl/install/ergodic_exploration/lib/python3.10/site-packages/my_erg_lib/__pycache__/eid.cpython-310.pyc
/home/avavvas/dipl/install/ergodic_exploration/lib/python3.10/site-packages/ergodic_exploration/__pycache__/dummy_agent.cpython-310.pyc
/home/avavvas/dipl/install/ergodic_exploration/lib/python3.10/site-packages/ergodic_exploration/__pycache__/__init__.cpython-310.pyc
/home/avavvas/dipl/install/ergodic_exploration/lib/python3.10/site-packages/ergodic_exploration/__pycache__/agent_node.cpython-310.pyc
/home/avavvas/dipl/install/ergodic_exploration/lib/python3.10/site-packages/ergodic_exploration/__pycache__/environment.cpython-310.pyc
/home/avavvas/dipl/install/ergodic_exploration/share/ament_index/resource_index/packages/ergodic_exploration
/home/avavvas/dipl/install/ergodic_exploration/share/ergodic_exploration/package.xml
/home/avavvas/dipl/install/ergodic_exploration/share/ergodic_exploration/launch/multi_agent.launch.py
/home/avavvas/dipl/install/ergodic_exploration/share/ergodic_exploration/launch/fixed_wing_free_fly.launch.py
/home/avavvas/dipl/install/ergodic_exploration/share/ergodic_exploration/launch/drones_in_small_space.launch.py
/home/avavvas/dipl/install/ergodic_exploration/share/ergodic_exploration/launch/three_drones_big.launch.py
/home/avavvas/dipl/install/ergodic_exploration/share/ergodic_exploration/launch/big_environment_1.launch.py
/home/avavvas/dipl/install/ergodic_exploration/share/ergodic_exploration/launch/boats_simple.launch.py
/home/avavvas/dipl/install/ergodic_exploration/share/ergodic_exploration/meshes/drone_big.stl
/home/avavvas/dipl/install/ergodic_exploration/share/ergodic_exploration/meshes/car.stl
/home/avavvas/dipl/install/ergodic_exploration/share/ergodic_exploration/meshes/drone_small.stl
/home/avavvas/dipl/install/ergodic_exploration/share/ergodic_exploration/meshes/hermes_original.stl
/home/avavvas/dipl/install/ergodic_exploration/share/ergodic_exploration/meshes/boat.stl
/home/avavvas/dipl/install/ergodic_exploration/share/ergodic_exploration/meshes/hermes.stl
/home/avavvas/dipl/install/ergodic_exploration/lib/python3.10/site-packages/ergodic_exploration-0.0.0-py3.10.egg-info/SOURCES.txt
/home/avavvas/dipl/install/ergodic_exploration/lib/python3.10/site-packages/ergodic_exploration-0.0.0-py3.10.egg-info/requires.txt
/home/avavvas/dipl/install/ergodic_exploration/lib/python3.10/site-packages/ergodic_exploration-0.0.0-py3.10.egg-info/PKG-INFO
/home/avavvas/dipl/install/ergodic_exploration/lib/python3.10/site-packages/ergodic_exploration-0.0.0-py3.10.egg-info/entry_points.txt
/home/avavvas/dipl/install/ergodic_exploration/lib/python3.10/site-packages/ergodic_exploration-0.0.0-py3.10.egg-info/dependency_links.txt
/home/avavvas/dipl/install/ergodic_exploration/lib/python3.10/site-packages/ergodic_exploration-0.0.0-py3.10.egg-info/zip-safe
/home/avavvas/dipl/install/ergodic_exploration/lib/python3.10/site-packages/ergodic_exploration-0.0.0-py3.10.egg-info/top_level.txt
/home/avavvas/dipl/install/ergodic_exploration/lib/ergodic_exploration/agent_node
/home/avavvas/dipl/install/ergodic_exploration/lib/ergodic_exploration/environment_node
