[0.012s] Invoking command in '/home/avavvas/dipl/build/my_interfaces': CMAKE_PREFIX_PATH=${CMAKE_PREFIX_PATH}:/home/avavvas/dipl/install/ergodic_exploration:/opt/ros/humble VIRTUAL_ENV_PROMPT=(venv) /usr/bin/cmake --build /home/avavvas/dipl/build/my_interfaces -- -j12 -l12
[0.061s] [35m[1mConsolidate compiler generated dependencies of target my_interfaces__rosidl_generator_c[0m
[0.076s] [  2%] Built target my_interfaces__cpp
[0.076s] [ 12%] Built target my_interfaces__rosidl_generator_c
[0.078s] [ 12%] Built target ament_cmake_python_symlink_my_interfaces
[0.096s] [35m[1mConsolidate compiler generated dependencies of target my_interfaces__rosidl_typesupport_cpp[0m
[0.098s] [35m[1mConsolidate compiler generated dependencies of target my_interfaces__rosidl_typesupport_introspection_c[0m
[0.099s] [35m[1mConsolidate compiler generated dependencies of target my_interfaces__rosidl_typesupport_introspection_cpp[0m
[0.100s] [35m[1mConsolidate compiler generated dependencies of target my_interfaces__rosidl_typesupport_fastrtps_cpp[0m
[0.101s] [35m[1mConsolidate compiler generated dependencies of target my_interfaces__rosidl_typesupport_c[0m
[0.102s] [35m[1mConsolidate compiler generated dependencies of target my_interfaces__rosidl_typesupport_fastrtps_c[0m
[0.118s] [ 24%] Built target my_interfaces__rosidl_typesupport_introspection_c
[0.125s] [ 43%] Built target my_interfaces__rosidl_typesupport_cpp
[0.125s] [ 47%] Built target my_interfaces__rosidl_typesupport_c
[0.131s] [ 58%] Built target my_interfaces__rosidl_typesupport_fastrtps_c
[0.132s] [ 70%] Built target my_interfaces__rosidl_typesupport_introspection_cpp
[0.136s] [ 81%] Built target my_interfaces__rosidl_typesupport_fastrtps_cpp
[0.154s] [ 81%] Built target my_interfaces
[0.177s] [ 82%] Built target my_interfaces__py
[0.192s] [35m[1mConsolidate compiler generated dependencies of target my_interfaces__rosidl_generator_py[0m
[0.213s] [ 93%] Built target my_interfaces__rosidl_generator_py
[0.226s] [35m[1mConsolidate compiler generated dependencies of target my_interfaces__rosidl_typesupport_c__pyext[0m
[0.226s] [35m[1mConsolidate compiler generated dependencies of target my_interfaces__rosidl_typesupport_introspection_c__pyext[0m
[0.226s] [35m[1mConsolidate compiler generated dependencies of target my_interfaces__rosidl_typesupport_fastrtps_c__pyext[0m
[0.242s] [100%] Built target my_interfaces__rosidl_typesupport_c__pyext
[0.242s] [100%] Built target my_interfaces__rosidl_typesupport_fastrtps_c__pyext
[0.242s] [100%] Built target my_interfaces__rosidl_typesupport_introspection_c__pyext
[0.276s] running egg_info
[0.276s] writing my_interfaces.egg-info/PKG-INFO
[0.276s] writing dependency_links to my_interfaces.egg-info/dependency_links.txt
[0.276s] writing top-level names to my_interfaces.egg-info/top_level.txt
[0.278s] reading manifest file 'my_interfaces.egg-info/SOURCES.txt'
[0.278s] writing manifest file 'my_interfaces.egg-info/SOURCES.txt'
[0.300s] [100%] Built target ament_cmake_python_build_my_interfaces_egg
[0.310s] Invoked command in '/home/avavvas/dipl/build/my_interfaces' returned '0': CMAKE_PREFIX_PATH=${CMAKE_PREFIX_PATH}:/home/avavvas/dipl/install/ergodic_exploration:/opt/ros/humble VIRTUAL_ENV_PROMPT=(venv) /usr/bin/cmake --build /home/avavvas/dipl/build/my_interfaces -- -j12 -l12
[0.319s] Invoking command in '/home/avavvas/dipl/build/my_interfaces': CMAKE_PREFIX_PATH=${CMAKE_PREFIX_PATH}:/home/avavvas/dipl/install/ergodic_exploration:/opt/ros/humble VIRTUAL_ENV_PROMPT=(venv) /usr/bin/cmake --install /home/avavvas/dipl/build/my_interfaces
[0.328s] -- Install configuration: ""
[0.329s] -- Execute custom install script
[0.329s] -- Up-to-date symlink: /home/avavvas/dipl/install/my_interfaces/share/ament_index/resource_index/rosidl_interfaces/my_interfaces
[0.330s] -- Up-to-date symlink: /home/avavvas/dipl/install/my_interfaces/include/my_interfaces/my_interfaces/msg/agent_data.h
[0.330s] -- Up-to-date symlink: /home/avavvas/dipl/install/my_interfaces/include/my_interfaces/my_interfaces/msg/aircraft_data.h
[0.330s] -- Up-to-date symlink: /home/avavvas/dipl/install/my_interfaces/include/my_interfaces/my_interfaces/msg/ck_table.h
[0.330s] -- Up-to-date symlink: /home/avavvas/dipl/install/my_interfaces/include/my_interfaces/my_interfaces/msg/detail/agent_data__functions.h
[0.330s] -- Up-to-date symlink: /home/avavvas/dipl/install/my_interfaces/include/my_interfaces/my_interfaces/msg/detail/agent_data__struct.h
[0.331s] -- Up-to-date symlink: /home/avavvas/dipl/install/my_interfaces/include/my_interfaces/my_interfaces/msg/detail/agent_data__type_support.h
[0.331s] -- Up-to-date symlink: /home/avavvas/dipl/install/my_interfaces/include/my_interfaces/my_interfaces/msg/detail/aircraft_data__functions.h
[0.331s] -- Up-to-date symlink: /home/avavvas/dipl/install/my_interfaces/include/my_interfaces/my_interfaces/msg/detail/aircraft_data__struct.h
[0.331s] -- Up-to-date symlink: /home/avavvas/dipl/install/my_interfaces/include/my_interfaces/my_interfaces/msg/detail/aircraft_data__type_support.h
[0.331s] -- Up-to-date symlink: /home/avavvas/dipl/install/my_interfaces/include/my_interfaces/my_interfaces/msg/detail/ck_table__functions.h
[0.331s] -- Up-to-date symlink: /home/avavvas/dipl/install/my_interfaces/include/my_interfaces/my_interfaces/msg/detail/ck_table__struct.h
[0.331s] -- Up-to-date symlink: /home/avavvas/dipl/install/my_interfaces/include/my_interfaces/my_interfaces/msg/detail/ck_table__type_support.h
[0.331s] -- Up-to-date symlink: /home/avavvas/dipl/install/my_interfaces/include/my_interfaces/my_interfaces/msg/detail/multiple_obstacles__functions.h
[0.331s] -- Up-to-date symlink: /home/avavvas/dipl/install/my_interfaces/include/my_interfaces/my_interfaces/msg/detail/multiple_obstacles__struct.h
[0.332s] -- Up-to-date symlink: /home/avavvas/dipl/install/my_interfaces/include/my_interfaces/my_interfaces/msg/detail/multiple_obstacles__type_support.h
[0.332s] -- Up-to-date symlink: /home/avavvas/dipl/install/my_interfaces/include/my_interfaces/my_interfaces/msg/detail/multiple_target_estimates__functions.h
[0.332s] -- Up-to-date symlink: /home/avavvas/dipl/install/my_interfaces/include/my_interfaces/my_interfaces/msg/detail/multiple_target_estimates__struct.h
[0.332s] -- Up-to-date symlink: /home/avavvas/dipl/install/my_interfaces/include/my_interfaces/my_interfaces/msg/detail/multiple_target_estimates__type_support.h
[0.332s] -- Up-to-date symlink: /home/avavvas/dipl/install/my_interfaces/include/my_interfaces/my_interfaces/msg/detail/obs_avoidance_debug__functions.h
[0.332s] -- Up-to-date symlink: /home/avavvas/dipl/install/my_interfaces/include/my_interfaces/my_interfaces/msg/detail/obs_avoidance_debug__struct.h
[0.332s] -- Up-to-date symlink: /home/avavvas/dipl/install/my_interfaces/include/my_interfaces/my_interfaces/msg/detail/obs_avoidance_debug__type_support.h
[0.333s] -- Up-to-date symlink: /home/avavvas/dipl/install/my_interfaces/include/my_interfaces/my_interfaces/msg/detail/single_obstacle__functions.h
[0.333s] -- Up-to-date symlink: /home/avavvas/dipl/install/my_interfaces/include/my_interfaces/my_interfaces/msg/detail/single_obstacle__struct.h
[0.333s] -- Up-to-date symlink: /home/avavvas/dipl/install/my_interfaces/include/my_interfaces/my_interfaces/msg/detail/single_obstacle__type_support.h
[0.333s] -- Up-to-date symlink: /home/avavvas/dipl/install/my_interfaces/include/my_interfaces/my_interfaces/msg/detail/single_target_estimate__functions.h
[0.333s] -- Up-to-date symlink: /home/avavvas/dipl/install/my_interfaces/include/my_interfaces/my_interfaces/msg/detail/single_target_estimate__struct.h
[0.333s] -- Up-to-date symlink: /home/avavvas/dipl/install/my_interfaces/include/my_interfaces/my_interfaces/msg/detail/single_target_estimate__type_support.h
[0.333s] -- Up-to-date symlink: /home/avavvas/dipl/install/my_interfaces/include/my_interfaces/my_interfaces/msg/multiple_obstacles.h
[0.333s] -- Up-to-date symlink: /home/avavvas/dipl/install/my_interfaces/include/my_interfaces/my_interfaces/msg/multiple_target_estimates.h
[0.333s] -- Up-to-date symlink: /home/avavvas/dipl/install/my_interfaces/include/my_interfaces/my_interfaces/msg/obs_avoidance_debug.h
[0.333s] -- Up-to-date symlink: /home/avavvas/dipl/install/my_interfaces/include/my_interfaces/my_interfaces/msg/rosidl_generator_c__visibility_control.h
[0.334s] -- Up-to-date symlink: /home/avavvas/dipl/install/my_interfaces/include/my_interfaces/my_interfaces/msg/single_obstacle.h
[0.334s] -- Up-to-date symlink: /home/avavvas/dipl/install/my_interfaces/include/my_interfaces/my_interfaces/msg/single_target_estimate.h
[0.334s] -- Up-to-date symlink: /home/avavvas/dipl/install/my_interfaces/share/my_interfaces/environment/library_path.sh
[0.334s] -- Up-to-date symlink: /home/avavvas/dipl/install/my_interfaces/share/my_interfaces/environment/library_path.dsv
[0.335s] -- Up-to-date symlink: /home/avavvas/dipl/install/my_interfaces/include/my_interfaces/my_interfaces/msg/detail/agent_data__rosidl_typesupport_fastrtps_c.h
[0.335s] -- Up-to-date symlink: /home/avavvas/dipl/install/my_interfaces/include/my_interfaces/my_interfaces/msg/detail/aircraft_data__rosidl_typesupport_fastrtps_c.h
[0.335s] -- Up-to-date symlink: /home/avavvas/dipl/install/my_interfaces/include/my_interfaces/my_interfaces/msg/detail/ck_table__rosidl_typesupport_fastrtps_c.h
[0.335s] -- Up-to-date symlink: /home/avavvas/dipl/install/my_interfaces/include/my_interfaces/my_interfaces/msg/detail/multiple_obstacles__rosidl_typesupport_fastrtps_c.h
[0.335s] -- Up-to-date symlink: /home/avavvas/dipl/install/my_interfaces/include/my_interfaces/my_interfaces/msg/detail/multiple_target_estimates__rosidl_typesupport_fastrtps_c.h
[0.336s] -- Up-to-date symlink: /home/avavvas/dipl/install/my_interfaces/include/my_interfaces/my_interfaces/msg/detail/obs_avoidance_debug__rosidl_typesupport_fastrtps_c.h
[0.336s] -- Up-to-date symlink: /home/avavvas/dipl/install/my_interfaces/include/my_interfaces/my_interfaces/msg/detail/single_obstacle__rosidl_typesupport_fastrtps_c.h
[0.336s] -- Up-to-date symlink: /home/avavvas/dipl/install/my_interfaces/include/my_interfaces/my_interfaces/msg/detail/single_target_estimate__rosidl_typesupport_fastrtps_c.h
[0.336s] -- Up-to-date symlink: /home/avavvas/dipl/install/my_interfaces/include/my_interfaces/my_interfaces/msg/rosidl_typesupport_fastrtps_c__visibility_control.h
[0.336s] -- Up-to-date symlink: /home/avavvas/dipl/install/my_interfaces/include/my_interfaces/my_interfaces/msg/detail/agent_data__rosidl_typesupport_introspection_c.h
[0.337s] -- Up-to-date symlink: /home/avavvas/dipl/install/my_interfaces/include/my_interfaces/my_interfaces/msg/detail/aircraft_data__rosidl_typesupport_introspection_c.h
[0.337s] -- Up-to-date symlink: /home/avavvas/dipl/install/my_interfaces/include/my_interfaces/my_interfaces/msg/detail/ck_table__rosidl_typesupport_introspection_c.h
[0.337s] -- Up-to-date symlink: /home/avavvas/dipl/install/my_interfaces/include/my_interfaces/my_interfaces/msg/detail/multiple_obstacles__rosidl_typesupport_introspection_c.h
[0.337s] -- Up-to-date symlink: /home/avavvas/dipl/install/my_interfaces/include/my_interfaces/my_interfaces/msg/detail/multiple_target_estimates__rosidl_typesupport_introspection_c.h
[0.337s] -- Up-to-date symlink: /home/avavvas/dipl/install/my_interfaces/include/my_interfaces/my_interfaces/msg/detail/obs_avoidance_debug__rosidl_typesupport_introspection_c.h
[0.337s] -- Up-to-date symlink: /home/avavvas/dipl/install/my_interfaces/include/my_interfaces/my_interfaces/msg/detail/single_obstacle__rosidl_typesupport_introspection_c.h
[0.337s] -- Up-to-date symlink: /home/avavvas/dipl/install/my_interfaces/include/my_interfaces/my_interfaces/msg/detail/single_target_estimate__rosidl_typesupport_introspection_c.h
[0.337s] -- Up-to-date symlink: /home/avavvas/dipl/install/my_interfaces/include/my_interfaces/my_interfaces/msg/rosidl_typesupport_introspection_c__visibility_control.h
[0.338s] -- Up-to-date symlink: /home/avavvas/dipl/install/my_interfaces/include/my_interfaces/my_interfaces/msg/agent_data.hpp
[0.338s] -- Up-to-date symlink: /home/avavvas/dipl/install/my_interfaces/include/my_interfaces/my_interfaces/msg/aircraft_data.hpp
[0.338s] -- Up-to-date symlink: /home/avavvas/dipl/install/my_interfaces/include/my_interfaces/my_interfaces/msg/ck_table.hpp
[0.338s] -- Up-to-date symlink: /home/avavvas/dipl/install/my_interfaces/include/my_interfaces/my_interfaces/msg/detail/agent_data__builder.hpp
[0.338s] -- Up-to-date symlink: /home/avavvas/dipl/install/my_interfaces/include/my_interfaces/my_interfaces/msg/detail/agent_data__struct.hpp
[0.339s] -- Up-to-date symlink: /home/avavvas/dipl/install/my_interfaces/include/my_interfaces/my_interfaces/msg/detail/agent_data__traits.hpp
[0.339s] -- Up-to-date symlink: /home/avavvas/dipl/install/my_interfaces/include/my_interfaces/my_interfaces/msg/detail/agent_data__type_support.hpp
[0.339s] -- Up-to-date symlink: /home/avavvas/dipl/install/my_interfaces/include/my_interfaces/my_interfaces/msg/detail/aircraft_data__builder.hpp
[0.339s] -- Up-to-date symlink: /home/avavvas/dipl/install/my_interfaces/include/my_interfaces/my_interfaces/msg/detail/aircraft_data__struct.hpp
[0.339s] -- Up-to-date symlink: /home/avavvas/dipl/install/my_interfaces/include/my_interfaces/my_interfaces/msg/detail/aircraft_data__traits.hpp
[0.339s] -- Up-to-date symlink: /home/avavvas/dipl/install/my_interfaces/include/my_interfaces/my_interfaces/msg/detail/aircraft_data__type_support.hpp
[0.339s] -- Up-to-date symlink: /home/avavvas/dipl/install/my_interfaces/include/my_interfaces/my_interfaces/msg/detail/ck_table__builder.hpp
[0.339s] -- Up-to-date symlink: /home/avavvas/dipl/install/my_interfaces/include/my_interfaces/my_interfaces/msg/detail/ck_table__struct.hpp
[0.340s] -- Up-to-date symlink: /home/avavvas/dipl/install/my_interfaces/include/my_interfaces/my_interfaces/msg/detail/ck_table__traits.hpp
[0.340s] -- Up-to-date symlink: /home/avavvas/dipl/install/my_interfaces/include/my_interfaces/my_interfaces/msg/detail/ck_table__type_support.hpp
[0.340s] -- Up-to-date symlink: /home/avavvas/dipl/install/my_interfaces/include/my_interfaces/my_interfaces/msg/detail/multiple_obstacles__builder.hpp
[0.340s] -- Up-to-date symlink: /home/avavvas/dipl/install/my_interfaces/include/my_interfaces/my_interfaces/msg/detail/multiple_obstacles__struct.hpp
[0.340s] -- Up-to-date symlink: /home/avavvas/dipl/install/my_interfaces/include/my_interfaces/my_interfaces/msg/detail/multiple_obstacles__traits.hpp
[0.340s] -- Up-to-date symlink: /home/avavvas/dipl/install/my_interfaces/include/my_interfaces/my_interfaces/msg/detail/multiple_obstacles__type_support.hpp
[0.340s] -- Up-to-date symlink: /home/avavvas/dipl/install/my_interfaces/include/my_interfaces/my_interfaces/msg/detail/multiple_target_estimates__builder.hpp
[0.340s] -- Up-to-date symlink: /home/avavvas/dipl/install/my_interfaces/include/my_interfaces/my_interfaces/msg/detail/multiple_target_estimates__struct.hpp
[0.340s] -- Up-to-date symlink: /home/avavvas/dipl/install/my_interfaces/include/my_interfaces/my_interfaces/msg/detail/multiple_target_estimates__traits.hpp
[0.341s] -- Up-to-date symlink: /home/avavvas/dipl/install/my_interfaces/include/my_interfaces/my_interfaces/msg/detail/multiple_target_estimates__type_support.hpp
[0.341s] -- Up-to-date symlink: /home/avavvas/dipl/install/my_interfaces/include/my_interfaces/my_interfaces/msg/detail/obs_avoidance_debug__builder.hpp
[0.341s] -- Up-to-date symlink: /home/avavvas/dipl/install/my_interfaces/include/my_interfaces/my_interfaces/msg/detail/obs_avoidance_debug__struct.hpp
[0.341s] -- Up-to-date symlink: /home/avavvas/dipl/install/my_interfaces/include/my_interfaces/my_interfaces/msg/detail/obs_avoidance_debug__traits.hpp
[0.341s] -- Up-to-date symlink: /home/avavvas/dipl/install/my_interfaces/include/my_interfaces/my_interfaces/msg/detail/obs_avoidance_debug__type_support.hpp
[0.341s] -- Up-to-date symlink: /home/avavvas/dipl/install/my_interfaces/include/my_interfaces/my_interfaces/msg/detail/single_obstacle__builder.hpp
[0.341s] -- Up-to-date symlink: /home/avavvas/dipl/install/my_interfaces/include/my_interfaces/my_interfaces/msg/detail/single_obstacle__struct.hpp
[0.341s] -- Up-to-date symlink: /home/avavvas/dipl/install/my_interfaces/include/my_interfaces/my_interfaces/msg/detail/single_obstacle__traits.hpp
[0.341s] -- Up-to-date symlink: /home/avavvas/dipl/install/my_interfaces/include/my_interfaces/my_interfaces/msg/detail/single_obstacle__type_support.hpp
[0.342s] -- Up-to-date symlink: /home/avavvas/dipl/install/my_interfaces/include/my_interfaces/my_interfaces/msg/detail/single_target_estimate__builder.hpp
[0.342s] -- Up-to-date symlink: /home/avavvas/dipl/install/my_interfaces/include/my_interfaces/my_interfaces/msg/detail/single_target_estimate__struct.hpp
[0.342s] -- Up-to-date symlink: /home/avavvas/dipl/install/my_interfaces/include/my_interfaces/my_interfaces/msg/detail/single_target_estimate__traits.hpp
[0.342s] -- Up-to-date symlink: /home/avavvas/dipl/install/my_interfaces/include/my_interfaces/my_interfaces/msg/detail/single_target_estimate__type_support.hpp
[0.342s] -- Up-to-date symlink: /home/avavvas/dipl/install/my_interfaces/include/my_interfaces/my_interfaces/msg/multiple_obstacles.hpp
[0.342s] -- Up-to-date symlink: /home/avavvas/dipl/install/my_interfaces/include/my_interfaces/my_interfaces/msg/multiple_target_estimates.hpp
[0.342s] -- Up-to-date symlink: /home/avavvas/dipl/install/my_interfaces/include/my_interfaces/my_interfaces/msg/obs_avoidance_debug.hpp
[0.342s] -- Up-to-date symlink: /home/avavvas/dipl/install/my_interfaces/include/my_interfaces/my_interfaces/msg/rosidl_generator_cpp__visibility_control.hpp
[0.342s] -- Up-to-date symlink: /home/avavvas/dipl/install/my_interfaces/include/my_interfaces/my_interfaces/msg/single_obstacle.hpp
[0.343s] -- Up-to-date symlink: /home/avavvas/dipl/install/my_interfaces/include/my_interfaces/my_interfaces/msg/single_target_estimate.hpp
[0.343s] -- Up-to-date symlink: /home/avavvas/dipl/install/my_interfaces/include/my_interfaces/my_interfaces/msg/detail/agent_data__rosidl_typesupport_fastrtps_cpp.hpp
[0.343s] -- Up-to-date symlink: /home/avavvas/dipl/install/my_interfaces/include/my_interfaces/my_interfaces/msg/detail/aircraft_data__rosidl_typesupport_fastrtps_cpp.hpp
[0.344s] -- Up-to-date symlink: /home/avavvas/dipl/install/my_interfaces/include/my_interfaces/my_interfaces/msg/detail/ck_table__rosidl_typesupport_fastrtps_cpp.hpp
[0.344s] -- Up-to-date symlink: /home/avavvas/dipl/install/my_interfaces/include/my_interfaces/my_interfaces/msg/detail/multiple_obstacles__rosidl_typesupport_fastrtps_cpp.hpp
[0.344s] -- Up-to-date symlink: /home/avavvas/dipl/install/my_interfaces/include/my_interfaces/my_interfaces/msg/detail/multiple_target_estimates__rosidl_typesupport_fastrtps_cpp.hpp
[0.344s] -- Up-to-date symlink: /home/avavvas/dipl/install/my_interfaces/include/my_interfaces/my_interfaces/msg/detail/obs_avoidance_debug__rosidl_typesupport_fastrtps_cpp.hpp
[0.344s] -- Up-to-date symlink: /home/avavvas/dipl/install/my_interfaces/include/my_interfaces/my_interfaces/msg/detail/single_obstacle__rosidl_typesupport_fastrtps_cpp.hpp
[0.344s] -- Up-to-date symlink: /home/avavvas/dipl/install/my_interfaces/include/my_interfaces/my_interfaces/msg/detail/single_target_estimate__rosidl_typesupport_fastrtps_cpp.hpp
[0.344s] -- Up-to-date symlink: /home/avavvas/dipl/install/my_interfaces/include/my_interfaces/my_interfaces/msg/rosidl_typesupport_fastrtps_cpp__visibility_control.h
[0.345s] -- Up-to-date symlink: /home/avavvas/dipl/install/my_interfaces/include/my_interfaces/my_interfaces/msg/detail/agent_data__rosidl_typesupport_introspection_cpp.hpp
[0.345s] -- Up-to-date symlink: /home/avavvas/dipl/install/my_interfaces/include/my_interfaces/my_interfaces/msg/detail/aircraft_data__rosidl_typesupport_introspection_cpp.hpp
[0.345s] -- Up-to-date symlink: /home/avavvas/dipl/install/my_interfaces/include/my_interfaces/my_interfaces/msg/detail/ck_table__rosidl_typesupport_introspection_cpp.hpp
[0.345s] -- Up-to-date symlink: /home/avavvas/dipl/install/my_interfaces/include/my_interfaces/my_interfaces/msg/detail/multiple_obstacles__rosidl_typesupport_introspection_cpp.hpp
[0.345s] -- Up-to-date symlink: /home/avavvas/dipl/install/my_interfaces/include/my_interfaces/my_interfaces/msg/detail/multiple_target_estimates__rosidl_typesupport_introspection_cpp.hpp
[0.345s] -- Up-to-date symlink: /home/avavvas/dipl/install/my_interfaces/include/my_interfaces/my_interfaces/msg/detail/obs_avoidance_debug__rosidl_typesupport_introspection_cpp.hpp
[0.345s] -- Up-to-date symlink: /home/avavvas/dipl/install/my_interfaces/include/my_interfaces/my_interfaces/msg/detail/single_obstacle__rosidl_typesupport_introspection_cpp.hpp
[0.345s] -- Up-to-date symlink: /home/avavvas/dipl/install/my_interfaces/include/my_interfaces/my_interfaces/msg/detail/single_target_estimate__rosidl_typesupport_introspection_cpp.hpp
[0.346s] -- Up-to-date symlink: /home/avavvas/dipl/install/my_interfaces/share/my_interfaces/environment/pythonpath.sh
[0.346s] -- Up-to-date symlink: /home/avavvas/dipl/install/my_interfaces/share/my_interfaces/environment/pythonpath.dsv
[0.346s] -- Up-to-date symlink: /home/avavvas/dipl/install/my_interfaces/local/lib/python3.10/dist-packages/my_interfaces-0.0.0-py3.10.egg-info/PKG-INFO
[0.346s] -- Up-to-date symlink: /home/avavvas/dipl/install/my_interfaces/local/lib/python3.10/dist-packages/my_interfaces-0.0.0-py3.10.egg-info/SOURCES.txt
[0.346s] -- Up-to-date symlink: /home/avavvas/dipl/install/my_interfaces/local/lib/python3.10/dist-packages/my_interfaces-0.0.0-py3.10.egg-info/dependency_links.txt
[0.346s] -- Up-to-date symlink: /home/avavvas/dipl/install/my_interfaces/local/lib/python3.10/dist-packages/my_interfaces-0.0.0-py3.10.egg-info/top_level.txt
[0.347s] -- Up-to-date symlink: /home/avavvas/dipl/install/my_interfaces/local/lib/python3.10/dist-packages/my_interfaces/__init__.py
[0.347s] -- Up-to-date symlink: /home/avavvas/dipl/install/my_interfaces/local/lib/python3.10/dist-packages/my_interfaces/_my_interfaces_s.ep.rosidl_typesupport_c.c
[0.348s] -- Up-to-date symlink: /home/avavvas/dipl/install/my_interfaces/local/lib/python3.10/dist-packages/my_interfaces/_my_interfaces_s.ep.rosidl_typesupport_fastrtps_c.c
[0.348s] -- Up-to-date symlink: /home/avavvas/dipl/install/my_interfaces/local/lib/python3.10/dist-packages/my_interfaces/_my_interfaces_s.ep.rosidl_typesupport_introspection_c.c
[0.348s] -- Up-to-date symlink: /home/avavvas/dipl/install/my_interfaces/local/lib/python3.10/dist-packages/my_interfaces/libmy_interfaces__rosidl_generator_py.so
[0.348s] -- Up-to-date symlink: /home/avavvas/dipl/install/my_interfaces/local/lib/python3.10/dist-packages/my_interfaces/msg/__init__.py
[0.348s] -- Up-to-date symlink: /home/avavvas/dipl/install/my_interfaces/local/lib/python3.10/dist-packages/my_interfaces/msg/_agent_data.py
[0.348s] -- Up-to-date symlink: /home/avavvas/dipl/install/my_interfaces/local/lib/python3.10/dist-packages/my_interfaces/msg/_agent_data_s.c
[0.348s] -- Up-to-date symlink: /home/avavvas/dipl/install/my_interfaces/local/lib/python3.10/dist-packages/my_interfaces/msg/_aircraft_data.py
[0.348s] -- Up-to-date symlink: /home/avavvas/dipl/install/my_interfaces/local/lib/python3.10/dist-packages/my_interfaces/msg/_aircraft_data_s.c
[0.348s] -- Up-to-date symlink: /home/avavvas/dipl/install/my_interfaces/local/lib/python3.10/dist-packages/my_interfaces/msg/_ck_table.py
[0.349s] -- Up-to-date symlink: /home/avavvas/dipl/install/my_interfaces/local/lib/python3.10/dist-packages/my_interfaces/msg/_ck_table_s.c
[0.349s] -- Up-to-date symlink: /home/avavvas/dipl/install/my_interfaces/local/lib/python3.10/dist-packages/my_interfaces/msg/_multiple_obstacles.py
[0.349s] -- Up-to-date symlink: /home/avavvas/dipl/install/my_interfaces/local/lib/python3.10/dist-packages/my_interfaces/msg/_multiple_obstacles_s.c
[0.349s] -- Up-to-date symlink: /home/avavvas/dipl/install/my_interfaces/local/lib/python3.10/dist-packages/my_interfaces/msg/_multiple_target_estimates.py
[0.349s] -- Up-to-date symlink: /home/avavvas/dipl/install/my_interfaces/local/lib/python3.10/dist-packages/my_interfaces/msg/_multiple_target_estimates_s.c
[0.349s] -- Up-to-date symlink: /home/avavvas/dipl/install/my_interfaces/local/lib/python3.10/dist-packages/my_interfaces/msg/_obs_avoidance_debug.py
[0.349s] -- Up-to-date symlink: /home/avavvas/dipl/install/my_interfaces/local/lib/python3.10/dist-packages/my_interfaces/msg/_obs_avoidance_debug_s.c
[0.349s] -- Up-to-date symlink: /home/avavvas/dipl/install/my_interfaces/local/lib/python3.10/dist-packages/my_interfaces/msg/_single_obstacle.py
[0.349s] -- Up-to-date symlink: /home/avavvas/dipl/install/my_interfaces/local/lib/python3.10/dist-packages/my_interfaces/msg/_single_obstacle_s.c
[0.350s] -- Up-to-date symlink: /home/avavvas/dipl/install/my_interfaces/local/lib/python3.10/dist-packages/my_interfaces/msg/_single_target_estimate.py
[0.350s] -- Up-to-date symlink: /home/avavvas/dipl/install/my_interfaces/local/lib/python3.10/dist-packages/my_interfaces/msg/_single_target_estimate_s.c
[0.350s] -- Up-to-date symlink: /home/avavvas/dipl/install/my_interfaces/local/lib/python3.10/dist-packages/my_interfaces/my_interfaces_s__rosidl_typesupport_c.cpython-310-x86_64-linux-gnu.so
[0.350s] -- Up-to-date symlink: /home/avavvas/dipl/install/my_interfaces/local/lib/python3.10/dist-packages/my_interfaces/my_interfaces_s__rosidl_typesupport_fastrtps_c.cpython-310-x86_64-linux-gnu.so
[0.350s] -- Up-to-date symlink: /home/avavvas/dipl/install/my_interfaces/local/lib/python3.10/dist-packages/my_interfaces/my_interfaces_s__rosidl_typesupport_introspection_c.cpython-310-x86_64-linux-gnu.so
[0.350s] -- Up-to-date symlink: /home/avavvas/dipl/install/my_interfaces/local/lib/python3.10/dist-packages/my_interfaces/my_interfaces_s__rosidl_typesupport_fastrtps_c.cpython-310-x86_64-linux-gnu.so
[0.351s] -- Up-to-date symlink: /home/avavvas/dipl/install/my_interfaces/local/lib/python3.10/dist-packages/my_interfaces/my_interfaces_s__rosidl_typesupport_introspection_c.cpython-310-x86_64-linux-gnu.so
[0.351s] -- Up-to-date symlink: /home/avavvas/dipl/install/my_interfaces/local/lib/python3.10/dist-packages/my_interfaces/my_interfaces_s__rosidl_typesupport_c.cpython-310-x86_64-linux-gnu.so
[0.351s] -- Up-to-date symlink: /home/avavvas/dipl/install/my_interfaces/share/my_interfaces/msg/CkTable.idl
[0.351s] -- Up-to-date symlink: /home/avavvas/dipl/install/my_interfaces/share/my_interfaces/msg/AgentData.idl
[0.351s] -- Up-to-date symlink: /home/avavvas/dipl/install/my_interfaces/share/my_interfaces/msg/AircraftData.idl
[0.351s] -- Up-to-date symlink: /home/avavvas/dipl/install/my_interfaces/share/my_interfaces/msg/SingleObstacle.idl
[0.351s] -- Up-to-date symlink: /home/avavvas/dipl/install/my_interfaces/share/my_interfaces/msg/MultipleObstacles.idl
[0.351s] -- Up-to-date symlink: /home/avavvas/dipl/install/my_interfaces/share/my_interfaces/msg/SingleTargetEstimate.idl
[0.351s] -- Up-to-date symlink: /home/avavvas/dipl/install/my_interfaces/share/my_interfaces/msg/MultipleTargetEstimates.idl
[0.351s] -- Up-to-date symlink: /home/avavvas/dipl/install/my_interfaces/share/my_interfaces/msg/ObsAvoidanceDebug.idl
[0.352s] -- Up-to-date symlink: /home/avavvas/dipl/install/my_interfaces/share/my_interfaces/msg/CkTable.msg
[0.352s] -- Up-to-date symlink: /home/avavvas/dipl/install/my_interfaces/share/my_interfaces/msg/AgentData.msg
[0.352s] -- Up-to-date symlink: /home/avavvas/dipl/install/my_interfaces/share/my_interfaces/msg/AircraftData.msg
[0.352s] -- Up-to-date symlink: /home/avavvas/dipl/install/my_interfaces/share/my_interfaces/msg/SingleObstacle.msg
[0.352s] -- Up-to-date symlink: /home/avavvas/dipl/install/my_interfaces/share/my_interfaces/msg/MultipleObstacles.msg
[0.352s] -- Up-to-date symlink: /home/avavvas/dipl/install/my_interfaces/share/my_interfaces/msg/SingleTargetEstimate.msg
[0.352s] -- Up-to-date symlink: /home/avavvas/dipl/install/my_interfaces/share/my_interfaces/msg/MultipleTargetEstimates.msg
[0.352s] -- Up-to-date symlink: /home/avavvas/dipl/install/my_interfaces/share/my_interfaces/msg/ObsAvoidanceDebug.msg
[0.352s] -- Up-to-date symlink: /home/avavvas/dipl/install/my_interfaces/share/ament_index/resource_index/package_run_dependencies/my_interfaces
[0.352s] -- Up-to-date symlink: /home/avavvas/dipl/install/my_interfaces/share/ament_index/resource_index/parent_prefix_path/my_interfaces
[0.353s] -- Up-to-date symlink: /home/avavvas/dipl/install/my_interfaces/share/my_interfaces/environment/ament_prefix_path.sh
[0.353s] -- Up-to-date symlink: /home/avavvas/dipl/install/my_interfaces/share/my_interfaces/environment/ament_prefix_path.dsv
[0.353s] -- Up-to-date symlink: /home/avavvas/dipl/install/my_interfaces/share/my_interfaces/environment/path.sh
[0.353s] -- Up-to-date symlink: /home/avavvas/dipl/install/my_interfaces/share/my_interfaces/environment/path.dsv
[0.353s] -- Up-to-date symlink: /home/avavvas/dipl/install/my_interfaces/share/my_interfaces/local_setup.bash
[0.353s] -- Up-to-date symlink: /home/avavvas/dipl/install/my_interfaces/share/my_interfaces/local_setup.sh
[0.353s] -- Up-to-date symlink: /home/avavvas/dipl/install/my_interfaces/share/my_interfaces/local_setup.zsh
[0.353s] -- Up-to-date symlink: /home/avavvas/dipl/install/my_interfaces/share/my_interfaces/local_setup.dsv
[0.353s] -- Symlinking: /home/avavvas/dipl/install/my_interfaces/share/my_interfaces/package.dsv
[0.362s] -- Up-to-date symlink: /home/avavvas/dipl/install/my_interfaces/share/ament_index/resource_index/packages/my_interfaces
[0.362s] -- Up-to-date symlink: /home/avavvas/dipl/install/my_interfaces/share/my_interfaces/cmake/rosidl_cmake-extras.cmake
[0.362s] -- Up-to-date symlink: /home/avavvas/dipl/install/my_interfaces/share/my_interfaces/cmake/ament_cmake_export_dependencies-extras.cmake
[0.363s] -- Up-to-date symlink: /home/avavvas/dipl/install/my_interfaces/share/my_interfaces/cmake/ament_cmake_export_include_directories-extras.cmake
[0.363s] -- Up-to-date symlink: /home/avavvas/dipl/install/my_interfaces/share/my_interfaces/cmake/ament_cmake_export_libraries-extras.cmake
[0.363s] -- Up-to-date symlink: /home/avavvas/dipl/install/my_interfaces/share/my_interfaces/cmake/ament_cmake_export_targets-extras.cmake
[0.363s] -- Up-to-date symlink: /home/avavvas/dipl/install/my_interfaces/share/my_interfaces/cmake/rosidl_cmake_export_typesupport_targets-extras.cmake
[0.363s] -- Up-to-date symlink: /home/avavvas/dipl/install/my_interfaces/share/my_interfaces/cmake/rosidl_cmake_export_typesupport_libraries-extras.cmake
[0.363s] -- Up-to-date symlink: /home/avavvas/dipl/install/my_interfaces/share/my_interfaces/cmake/my_interfacesConfig.cmake
[0.363s] -- Up-to-date symlink: /home/avavvas/dipl/install/my_interfaces/share/my_interfaces/cmake/my_interfacesConfig-version.cmake
[0.363s] -- Up-to-date symlink: /home/avavvas/dipl/install/my_interfaces/share/my_interfaces/package.xml
[0.363s] -- Up-to-date: /home/avavvas/dipl/install/my_interfaces/lib/libmy_interfaces__rosidl_generator_c.so
[0.363s] -- Up-to-date: /home/avavvas/dipl/install/my_interfaces/lib/libmy_interfaces__rosidl_typesupport_fastrtps_c.so
[0.364s] -- Up-to-date: /home/avavvas/dipl/install/my_interfaces/lib/libmy_interfaces__rosidl_typesupport_introspection_c.so
[0.364s] -- Up-to-date: /home/avavvas/dipl/install/my_interfaces/lib/libmy_interfaces__rosidl_typesupport_c.so
[0.364s] -- Up-to-date: /home/avavvas/dipl/install/my_interfaces/lib/libmy_interfaces__rosidl_typesupport_fastrtps_cpp.so
[0.364s] -- Up-to-date: /home/avavvas/dipl/install/my_interfaces/lib/libmy_interfaces__rosidl_typesupport_introspection_cpp.so
[0.364s] -- Up-to-date: /home/avavvas/dipl/install/my_interfaces/lib/libmy_interfaces__rosidl_typesupport_cpp.so
[0.386s] Listing '/home/avavvas/dipl/install/my_interfaces/local/lib/python3.10/dist-packages/my_interfaces'...
[0.386s] Listing '/home/avavvas/dipl/install/my_interfaces/local/lib/python3.10/dist-packages/my_interfaces/msg'...
[0.389s] -- Up-to-date: /home/avavvas/dipl/install/my_interfaces/lib/libmy_interfaces__rosidl_generator_py.so
[0.389s] -- Up-to-date: /home/avavvas/dipl/install/my_interfaces/share/my_interfaces/cmake/export_my_interfaces__rosidl_generator_cExport.cmake
[0.389s] -- Up-to-date: /home/avavvas/dipl/install/my_interfaces/share/my_interfaces/cmake/export_my_interfaces__rosidl_generator_cExport-noconfig.cmake
[0.390s] -- Up-to-date: /home/avavvas/dipl/install/my_interfaces/share/my_interfaces/cmake/export_my_interfaces__rosidl_typesupport_fastrtps_cExport.cmake
[0.390s] -- Up-to-date: /home/avavvas/dipl/install/my_interfaces/share/my_interfaces/cmake/export_my_interfaces__rosidl_typesupport_fastrtps_cExport-noconfig.cmake
[0.390s] -- Up-to-date: /home/avavvas/dipl/install/my_interfaces/share/my_interfaces/cmake/my_interfaces__rosidl_typesupport_introspection_cExport.cmake
[0.390s] -- Up-to-date: /home/avavvas/dipl/install/my_interfaces/share/my_interfaces/cmake/my_interfaces__rosidl_typesupport_introspection_cExport-noconfig.cmake
[0.390s] -- Up-to-date: /home/avavvas/dipl/install/my_interfaces/share/my_interfaces/cmake/my_interfaces__rosidl_typesupport_cExport.cmake
[0.390s] -- Up-to-date: /home/avavvas/dipl/install/my_interfaces/share/my_interfaces/cmake/my_interfaces__rosidl_typesupport_cExport-noconfig.cmake
[0.390s] -- Up-to-date: /home/avavvas/dipl/install/my_interfaces/share/my_interfaces/cmake/export_my_interfaces__rosidl_generator_cppExport.cmake
[0.390s] -- Up-to-date: /home/avavvas/dipl/install/my_interfaces/share/my_interfaces/cmake/export_my_interfaces__rosidl_typesupport_fastrtps_cppExport.cmake
[0.390s] -- Up-to-date: /home/avavvas/dipl/install/my_interfaces/share/my_interfaces/cmake/export_my_interfaces__rosidl_typesupport_fastrtps_cppExport-noconfig.cmake
[0.391s] -- Up-to-date: /home/avavvas/dipl/install/my_interfaces/share/my_interfaces/cmake/my_interfaces__rosidl_typesupport_introspection_cppExport.cmake
[0.391s] -- Up-to-date: /home/avavvas/dipl/install/my_interfaces/share/my_interfaces/cmake/my_interfaces__rosidl_typesupport_introspection_cppExport-noconfig.cmake
[0.391s] -- Up-to-date: /home/avavvas/dipl/install/my_interfaces/share/my_interfaces/cmake/my_interfaces__rosidl_typesupport_cppExport.cmake
[0.391s] -- Up-to-date: /home/avavvas/dipl/install/my_interfaces/share/my_interfaces/cmake/my_interfaces__rosidl_typesupport_cppExport-noconfig.cmake
[0.391s] -- Up-to-date: /home/avavvas/dipl/install/my_interfaces/share/my_interfaces/cmake/export_my_interfaces__rosidl_generator_pyExport.cmake
[0.391s] -- Up-to-date: /home/avavvas/dipl/install/my_interfaces/share/my_interfaces/cmake/export_my_interfaces__rosidl_generator_pyExport-noconfig.cmake
[0.392s] Invoked command in '/home/avavvas/dipl/build/my_interfaces' returned '0': CMAKE_PREFIX_PATH=${CMAKE_PREFIX_PATH}:/home/avavvas/dipl/install/ergodic_exploration:/opt/ros/humble VIRTUAL_ENV_PROMPT=(venv) /usr/bin/cmake --install /home/avavvas/dipl/build/my_interfaces
