[0.011s] Invoking command in '/home/alex/Diplomatiki/build/my_interfaces': CMAKE_PREFIX_PATH=/opt/ros/humble /usr/bin/cmake /home/alex/Diplomatiki/src/my_interfaces -DCMAKE_INSTALL_PREFIX=/home/alex/Diplomatiki/install/my_interfaces
[0.128s] -- The C compiler identification is GNU 11.4.0
[0.234s] -- The CXX compiler identification is GNU 11.4.0
[0.250s] -- Detecting C compiler ABI info
[0.341s] -- Detecting C compiler ABI info - done
[0.352s] -- Check for working C compiler: /usr/bin/cc - skipped
[0.353s] -- Detecting C compile features
[0.353s] -- Detecting C compile features - done
[0.357s] -- Detecting CXX compiler ABI info
[0.461s] -- Detecting CXX compiler ABI info - done
[0.471s] -- Check for working CXX compiler: /usr/bin/c++ - skipped
[0.472s] -- Detecting CXX compile features
[0.473s] -- Detecting CXX compile features - done
[0.481s] -- Found ament_cmake: 1.3.12 (/opt/ros/humble/share/ament_cmake/cmake)
[0.968s] -- Found Python3: /usr/bin/python3 (found version "3.10.12") found components: Interpreter 
[1.109s] -- Found rosidl_default_generators: 1.2.0 (/opt/ros/humble/share/rosidl_default_generators/cmake)
[1.117s] -- Using all available rosidl_typesupport_c: rosidl_typesupport_fastrtps_c;rosidl_typesupport_introspection_c
[1.125s] -- Found rosidl_adapter: 3.1.7 (/opt/ros/humble/share/rosidl_adapter/cmake)
[1.189s] -- Using all available rosidl_typesupport_cpp: rosidl_typesupport_fastrtps_cpp;rosidl_typesupport_introspection_cpp
[1.244s] -- Found std_msgs: 4.9.0 (/opt/ros/humble/share/std_msgs/cmake)
[1.298s] -- Found geometry_msgs: 4.9.0 (/opt/ros/humble/share/geometry_msgs/cmake)
[1.828s] -- Found ament_cmake_ros: 0.10.0 (/opt/ros/humble/share/ament_cmake_ros/cmake)
[2.228s] -- Using all available rosidl_typesupport_c: rosidl_typesupport_fastrtps_c;rosidl_typesupport_introspection_c
[2.754s] -- Using all available rosidl_typesupport_cpp: rosidl_typesupport_fastrtps_cpp;rosidl_typesupport_introspection_cpp
[2.795s] -- Found PythonInterp: /usr/bin/python3 (found suitable version "3.10.12", minimum required is "3.6") 
[2.798s] -- Found python_cmake_module: 0.10.0 (/opt/ros/humble/share/python_cmake_module/cmake)
[2.840s] -- Found PythonLibs: /usr/lib/x86_64-linux-gnu/libpython3.10.so (found suitable version "3.10.12", minimum required is "3.5") 
[2.840s] -- Using PYTHON_EXECUTABLE: /usr/bin/python3
[2.840s] -- Using PYTHON_INCLUDE_DIRS: /usr/include/python3.10
[2.840s] -- Using PYTHON_LIBRARIES: /usr/lib/x86_64-linux-gnu/libpython3.10.so
[2.877s] -- Found PythonExtra: .so  
[2.994s] -- Found ament_lint_auto: 0.12.14 (/opt/ros/humble/share/ament_lint_auto/cmake)
[3.020s] -- Added test 'lint_cmake' to check CMake code style
[3.021s] -- Added test 'xmllint' to check XML markup files
[3.024s] -- Configuring done
[3.077s] -- Generating done
[3.094s] -- Build files have been written to: /home/alex/Diplomatiki/build/my_interfaces
[3.105s] Invoked command in '/home/alex/Diplomatiki/build/my_interfaces' returned '0': CMAKE_PREFIX_PATH=/opt/ros/humble /usr/bin/cmake /home/alex/Diplomatiki/src/my_interfaces -DCMAKE_INSTALL_PREFIX=/home/alex/Diplomatiki/install/my_interfaces
[3.108s] Invoking command in '/home/alex/Diplomatiki/build/my_interfaces': CMAKE_PREFIX_PATH=/opt/ros/humble /usr/bin/cmake --build /home/alex/Diplomatiki/build/my_interfaces -- -j6 -l6
[3.167s] [  1%] [34m[1mGenerating C code for ROS interfaces[0m
[3.175s] [  2%] [34m[1mGenerating C++ code for ROS interfaces[0m
[3.184s] [  2%] Built target ament_cmake_python_copy_my_interfaces
[3.466s] running egg_info
[3.486s] creating my_interfaces.egg-info
[3.486s] writing my_interfaces.egg-info/PKG-INFO
[3.487s] writing dependency_links to my_interfaces.egg-info/dependency_links.txt
[3.487s] writing top-level names to my_interfaces.egg-info/top_level.txt
[3.487s] writing manifest file 'my_interfaces.egg-info/SOURCES.txt'
[3.549s] reading manifest file 'my_interfaces.egg-info/SOURCES.txt'
[3.549s] writing manifest file 'my_interfaces.egg-info/SOURCES.txt'
[3.597s] [  2%] Built target ament_cmake_python_build_my_interfaces_egg
[4.324s] [  2%] Built target my_interfaces__cpp
[4.343s] [  4%] [34m[1mGenerating C++ type support dispatch for ROS interfaces[0m
[4.355s] [  5%] [34m[1mGenerating C++ type support for eProsima Fast-RTPS[0m
[4.357s] [  7%] [34m[1mGenerating C++ introspection for ROS interfaces[0m
[4.420s] [  8%] [32mBuilding C object CMakeFiles/my_interfaces__rosidl_generator_c.dir/rosidl_generator_c/my_interfaces/msg/detail/ck_table__functions.c.o[0m
[4.423s] [  9%] [32mBuilding C object CMakeFiles/my_interfaces__rosidl_generator_c.dir/rosidl_generator_c/my_interfaces/msg/detail/single_obstacle__functions.c.o[0m
[4.423s] [ 11%] [32mBuilding C object CMakeFiles/my_interfaces__rosidl_generator_c.dir/rosidl_generator_c/my_interfaces/msg/detail/agent_data__functions.c.o[0m
[4.526s] [ 12%] [32mBuilding C object CMakeFiles/my_interfaces__rosidl_generator_c.dir/rosidl_generator_c/my_interfaces/msg/detail/multiple_obstacles__functions.c.o[0m
[4.535s] [ 14%] [32mBuilding C object CMakeFiles/my_interfaces__rosidl_generator_c.dir/rosidl_generator_c/my_interfaces/msg/detail/single_target_estimate__functions.c.o[0m
[4.560s] [ 15%] [32mBuilding C object CMakeFiles/my_interfaces__rosidl_generator_c.dir/rosidl_generator_c/my_interfaces/msg/detail/multiple_target_estimates__functions.c.o[0m
[4.627s] [ 16%] [32m[1mLinking C shared library libmy_interfaces__rosidl_generator_c.so[0m
[4.679s] [ 16%] Built target my_interfaces__rosidl_generator_c
[4.692s] [ 18%] [34m[1mGenerating C type support for eProsima Fast-RTPS[0m
[4.700s] [ 19%] [34m[1mGenerating C type support dispatch for ROS interfaces[0m
[4.703s] [ 21%] [34m[1mGenerating C introspection for ROS interfaces[0m
[5.266s] [ 22%] [32mBuilding CXX object CMakeFiles/my_interfaces__rosidl_typesupport_cpp.dir/rosidl_typesupport_cpp/my_interfaces/msg/ck_table__type_support.cpp.o[0m
[5.620s] [ 23%] [32mBuilding CXX object CMakeFiles/my_interfaces__rosidl_typesupport_introspection_cpp.dir/rosidl_typesupport_introspection_cpp/my_interfaces/msg/detail/ck_table__type_support.cpp.o[0m
[5.709s] [ 25%] [32mBuilding CXX object CMakeFiles/my_interfaces__rosidl_typesupport_fastrtps_cpp.dir/rosidl_typesupport_fastrtps_cpp/my_interfaces/msg/detail/dds_fastrtps/ck_table__type_support.cpp.o[0m
[5.789s] [ 28%] [32mBuilding CXX object CMakeFiles/my_interfaces__rosidl_typesupport_cpp.dir/rosidl_typesupport_cpp/my_interfaces/msg/agent_data__type_support.cpp.o[0m
[5.789s] [ 28%] [32mBuilding CXX object CMakeFiles/my_interfaces__rosidl_typesupport_c.dir/rosidl_typesupport_c/my_interfaces/msg/ck_table__type_support.cpp.o[0m
[5.827s] [ 29%] [32mBuilding C object CMakeFiles/my_interfaces__rosidl_typesupport_introspection_c.dir/rosidl_typesupport_introspection_c/my_interfaces/msg/detail/ck_table__type_support.c.o[0m
[5.841s] [ 30%] [32mBuilding CXX object CMakeFiles/my_interfaces__rosidl_typesupport_fastrtps_c.dir/rosidl_typesupport_fastrtps_c/my_interfaces/msg/detail/ck_table__type_support_c.cpp.o[0m
[5.841s] [ 32%] [32mBuilding CXX object CMakeFiles/my_interfaces__rosidl_typesupport_c.dir/rosidl_typesupport_c/my_interfaces/msg/agent_data__type_support.cpp.o[0m
[5.893s] [ 33%] [32mBuilding CXX object CMakeFiles/my_interfaces__rosidl_typesupport_c.dir/rosidl_typesupport_c/my_interfaces/msg/single_obstacle__type_support.cpp.o[0m
[5.918s] [ 35%] [32mBuilding C object CMakeFiles/my_interfaces__rosidl_typesupport_introspection_c.dir/rosidl_typesupport_introspection_c/my_interfaces/msg/detail/agent_data__type_support.c.o[0m
[5.936s] [ 36%] [32mBuilding CXX object CMakeFiles/my_interfaces__rosidl_typesupport_c.dir/rosidl_typesupport_c/my_interfaces/msg/multiple_obstacles__type_support.cpp.o[0m
[5.994s] [ 39%] [32mBuilding C object CMakeFiles/my_interfaces__rosidl_typesupport_introspection_c.dir/rosidl_typesupport_introspection_c/my_interfaces/msg/detail/single_obstacle__type_support.c.o[0m
[5.994s] [ 39%] [32mBuilding CXX object CMakeFiles/my_interfaces__rosidl_typesupport_c.dir/rosidl_typesupport_c/my_interfaces/msg/single_target_estimate__type_support.cpp.o[0m
[6.028s] [ 40%] [32mBuilding CXX object CMakeFiles/my_interfaces__rosidl_typesupport_c.dir/rosidl_typesupport_c/my_interfaces/msg/multiple_target_estimates__type_support.cpp.o[0m
[6.071s] [ 42%] [32mBuilding C object CMakeFiles/my_interfaces__rosidl_typesupport_introspection_c.dir/rosidl_typesupport_introspection_c/my_interfaces/msg/detail/multiple_obstacles__type_support.c.o[0m
[6.074s] [ 43%] [32m[1mLinking CXX shared library libmy_interfaces__rosidl_typesupport_c.so[0m
[6.124s] [ 45%] [32mBuilding CXX object CMakeFiles/my_interfaces__rosidl_typesupport_cpp.dir/rosidl_typesupport_cpp/my_interfaces/msg/single_obstacle__type_support.cpp.o[0m
[6.142s] [ 46%] [32mBuilding C object CMakeFiles/my_interfaces__rosidl_typesupport_introspection_c.dir/rosidl_typesupport_introspection_c/my_interfaces/msg/detail/single_target_estimate__type_support.c.o[0m
[6.155s] [ 46%] Built target my_interfaces__rosidl_typesupport_c
[6.173s] [ 47%] [32mBuilding CXX object CMakeFiles/my_interfaces__rosidl_typesupport_cpp.dir/rosidl_typesupport_cpp/my_interfaces/msg/multiple_obstacles__type_support.cpp.o[0m
[6.201s] [ 49%] [32mBuilding C object CMakeFiles/my_interfaces__rosidl_typesupport_introspection_c.dir/rosidl_typesupport_introspection_c/my_interfaces/msg/detail/multiple_target_estimates__type_support.c.o[0m
[6.233s] [ 50%] [32mBuilding CXX object CMakeFiles/my_interfaces__rosidl_typesupport_introspection_cpp.dir/rosidl_typesupport_introspection_cpp/my_interfaces/msg/detail/agent_data__type_support.cpp.o[0m
[6.250s] [ 52%] [32m[1mLinking C shared library libmy_interfaces__rosidl_typesupport_introspection_c.so[0m
[6.286s] [ 52%] Built target my_interfaces__rosidl_typesupport_introspection_c
[6.304s] [ 53%] [32mBuilding CXX object CMakeFiles/my_interfaces__rosidl_typesupport_introspection_cpp.dir/rosidl_typesupport_introspection_cpp/my_interfaces/msg/detail/single_obstacle__type_support.cpp.o[0m
[6.337s] [ 54%] [32mBuilding CXX object CMakeFiles/my_interfaces__rosidl_typesupport_fastrtps_c.dir/rosidl_typesupport_fastrtps_c/my_interfaces/msg/detail/agent_data__type_support_c.cpp.o[0m
[6.353s] [ 56%] [32mBuilding CXX object CMakeFiles/my_interfaces__rosidl_typesupport_fastrtps_cpp.dir/rosidl_typesupport_fastrtps_cpp/my_interfaces/msg/detail/dds_fastrtps/agent_data__type_support.cpp.o[0m
[6.486s] [ 57%] [32mBuilding CXX object CMakeFiles/my_interfaces__rosidl_typesupport_cpp.dir/rosidl_typesupport_cpp/my_interfaces/msg/single_target_estimate__type_support.cpp.o[0m
[6.527s] [ 59%] [32mBuilding CXX object CMakeFiles/my_interfaces__rosidl_typesupport_cpp.dir/rosidl_typesupport_cpp/my_interfaces/msg/multiple_target_estimates__type_support.cpp.o[0m
[6.793s] [ 60%] [32mBuilding CXX object CMakeFiles/my_interfaces__rosidl_typesupport_fastrtps_c.dir/rosidl_typesupport_fastrtps_c/my_interfaces/msg/detail/single_obstacle__type_support_c.cpp.o[0m
[6.842s] [ 61%] [32mBuilding CXX object CMakeFiles/my_interfaces__rosidl_typesupport_fastrtps_c.dir/rosidl_typesupport_fastrtps_c/my_interfaces/msg/detail/multiple_obstacles__type_support_c.cpp.o[0m
[6.846s] [ 63%] [32m[1mLinking CXX shared library libmy_interfaces__rosidl_typesupport_cpp.so[0m
[6.914s] [ 64%] [32mBuilding CXX object CMakeFiles/my_interfaces__rosidl_typesupport_fastrtps_c.dir/rosidl_typesupport_fastrtps_c/my_interfaces/msg/detail/single_target_estimate__type_support_c.cpp.o[0m
[6.946s] [ 64%] Built target my_interfaces__rosidl_typesupport_cpp
[6.946s] [ 66%] [32mBuilding CXX object CMakeFiles/my_interfaces__rosidl_typesupport_introspection_cpp.dir/rosidl_typesupport_introspection_cpp/my_interfaces/msg/detail/multiple_obstacles__type_support.cpp.o[0m
[6.952s] [ 67%] [32mBuilding CXX object CMakeFiles/my_interfaces__rosidl_typesupport_fastrtps_c.dir/rosidl_typesupport_fastrtps_c/my_interfaces/msg/detail/multiple_target_estimates__type_support_c.cpp.o[0m
[7.303s] [ 69%] [32mBuilding CXX object CMakeFiles/my_interfaces__rosidl_typesupport_fastrtps_cpp.dir/rosidl_typesupport_fastrtps_cpp/my_interfaces/msg/detail/dds_fastrtps/single_obstacle__type_support.cpp.o[0m
[7.319s] [ 70%] [32mBuilding CXX object CMakeFiles/my_interfaces__rosidl_typesupport_fastrtps_cpp.dir/rosidl_typesupport_fastrtps_cpp/my_interfaces/msg/detail/dds_fastrtps/multiple_obstacles__type_support.cpp.o[0m
[7.383s] [ 71%] [32mBuilding CXX object CMakeFiles/my_interfaces__rosidl_typesupport_introspection_cpp.dir/rosidl_typesupport_introspection_cpp/my_interfaces/msg/detail/single_target_estimate__type_support.cpp.o[0m
[7.392s] [ 73%] [32mBuilding CXX object CMakeFiles/my_interfaces__rosidl_typesupport_fastrtps_cpp.dir/rosidl_typesupport_fastrtps_cpp/my_interfaces/msg/detail/dds_fastrtps/single_target_estimate__type_support.cpp.o[0m
[7.570s] [ 74%] [32m[1mLinking CXX shared library libmy_interfaces__rosidl_typesupport_fastrtps_c.so[0m
[7.590s] [ 76%] [32mBuilding CXX object CMakeFiles/my_interfaces__rosidl_typesupport_introspection_cpp.dir/rosidl_typesupport_introspection_cpp/my_interfaces/msg/detail/multiple_target_estimates__type_support.cpp.o[0m
[7.823s] [ 76%] Built target my_interfaces__rosidl_typesupport_fastrtps_c
[7.832s] [ 77%] [32mBuilding CXX object CMakeFiles/my_interfaces__rosidl_typesupport_fastrtps_cpp.dir/rosidl_typesupport_fastrtps_cpp/my_interfaces/msg/detail/dds_fastrtps/multiple_target_estimates__type_support.cpp.o[0m
[8.087s] [ 78%] [32m[1mLinking CXX shared library libmy_interfaces__rosidl_typesupport_introspection_cpp.so[0m
[8.186s] [ 78%] Built target my_interfaces__rosidl_typesupport_introspection_cpp
[8.259s] [ 80%] [32m[1mLinking CXX shared library libmy_interfaces__rosidl_typesupport_fastrtps_cpp.so[0m
[8.371s] [ 80%] Built target my_interfaces__rosidl_typesupport_fastrtps_cpp
[8.390s] [ 80%] Built target my_interfaces
[8.417s] [ 81%] [34m[1mGenerating Python code for ROS interfaces[0m
[9.588s] [ 81%] Built target my_interfaces__py
[9.609s] [ 84%] [32mBuilding C object CMakeFiles/my_interfaces__rosidl_generator_py.dir/rosidl_generator_py/my_interfaces/msg/_agent_data_s.c.o[0m
[9.609s] [ 85%] [32mBuilding C object CMakeFiles/my_interfaces__rosidl_generator_py.dir/rosidl_generator_py/my_interfaces/msg/_multiple_obstacles_s.c.o[0m
[9.609s] [ 87%] [32mBuilding C object CMakeFiles/my_interfaces__rosidl_generator_py.dir/rosidl_generator_py/my_interfaces/msg/_single_obstacle_s.c.o[0m
[9.609s] [ 87%] [32mBuilding C object CMakeFiles/my_interfaces__rosidl_generator_py.dir/rosidl_generator_py/my_interfaces/msg/_ck_table_s.c.o[0m
[9.609s] [ 88%] [32mBuilding C object CMakeFiles/my_interfaces__rosidl_generator_py.dir/rosidl_generator_py/my_interfaces/msg/_multiple_target_estimates_s.c.o[0m
[9.615s] [ 90%] [32mBuilding C object CMakeFiles/my_interfaces__rosidl_generator_py.dir/rosidl_generator_py/my_interfaces/msg/_single_target_estimate_s.c.o[0m
[9.761s] [ 91%] [32m[1mLinking C shared library rosidl_generator_py/my_interfaces/libmy_interfaces__rosidl_generator_py.so[0m
[9.806s] [ 91%] Built target my_interfaces__rosidl_generator_py
[9.825s] [ 92%] [32mBuilding C object CMakeFiles/my_interfaces__rosidl_typesupport_fastrtps_c__pyext.dir/rosidl_generator_py/my_interfaces/_my_interfaces_s.ep.rosidl_typesupport_fastrtps_c.c.o[0m
[9.826s] [ 94%] [32mBuilding C object CMakeFiles/my_interfaces__rosidl_typesupport_c__pyext.dir/rosidl_generator_py/my_interfaces/_my_interfaces_s.ep.rosidl_typesupport_c.c.o[0m
[9.829s] [ 95%] [32mBuilding C object CMakeFiles/my_interfaces__rosidl_typesupport_introspection_c__pyext.dir/rosidl_generator_py/my_interfaces/_my_interfaces_s.ep.rosidl_typesupport_introspection_c.c.o[0m
[9.926s] [ 97%] [32m[1mLinking C shared library rosidl_generator_py/my_interfaces/my_interfaces_s__rosidl_typesupport_c.cpython-310-x86_64-linux-gnu.so[0m
[9.927s] [ 98%] [32m[1mLinking C shared library rosidl_generator_py/my_interfaces/my_interfaces_s__rosidl_typesupport_fastrtps_c.cpython-310-x86_64-linux-gnu.so[0m
[9.929s] [100%] [32m[1mLinking C shared library rosidl_generator_py/my_interfaces/my_interfaces_s__rosidl_typesupport_introspection_c.cpython-310-x86_64-linux-gnu.so[0m
[9.966s] [100%] Built target my_interfaces__rosidl_typesupport_introspection_c__pyext
[9.966s] [100%] Built target my_interfaces__rosidl_typesupport_fastrtps_c__pyext
[9.971s] [100%] Built target my_interfaces__rosidl_typesupport_c__pyext
[9.982s] Invoked command in '/home/alex/Diplomatiki/build/my_interfaces' returned '0': CMAKE_PREFIX_PATH=/opt/ros/humble /usr/bin/cmake --build /home/alex/Diplomatiki/build/my_interfaces -- -j6 -l6
[9.991s] Invoking command in '/home/alex/Diplomatiki/build/my_interfaces': CMAKE_PREFIX_PATH=/opt/ros/humble /usr/bin/cmake --install /home/alex/Diplomatiki/build/my_interfaces
[9.997s] -- Install configuration: ""
[9.998s] -- Installing: /home/alex/Diplomatiki/install/my_interfaces/share/ament_index/resource_index/rosidl_interfaces/my_interfaces
[9.998s] -- Installing: /home/alex/Diplomatiki/install/my_interfaces/include/my_interfaces/my_interfaces
[9.998s] -- Installing: /home/alex/Diplomatiki/install/my_interfaces/include/my_interfaces/my_interfaces/msg
[9.998s] -- Installing: /home/alex/Diplomatiki/install/my_interfaces/include/my_interfaces/my_interfaces/msg/agent_data.h
[9.999s] -- Installing: /home/alex/Diplomatiki/install/my_interfaces/include/my_interfaces/my_interfaces/msg/multiple_obstacles.h
[9.999s] -- Installing: /home/alex/Diplomatiki/install/my_interfaces/include/my_interfaces/my_interfaces/msg/rosidl_generator_c__visibility_control.h
[9.999s] -- Installing: /home/alex/Diplomatiki/install/my_interfaces/include/my_interfaces/my_interfaces/msg/multiple_target_estimates.h
[9.999s] -- Installing: /home/alex/Diplomatiki/install/my_interfaces/include/my_interfaces/my_interfaces/msg/detail
[9.999s] -- Installing: /home/alex/Diplomatiki/install/my_interfaces/include/my_interfaces/my_interfaces/msg/detail/single_target_estimate__type_support.h
[9.999s] -- Installing: /home/alex/Diplomatiki/install/my_interfaces/include/my_interfaces/my_interfaces/msg/detail/single_obstacle__type_support.h
[9.999s] -- Installing: /home/alex/Diplomatiki/install/my_interfaces/include/my_interfaces/my_interfaces/msg/detail/single_target_estimate__struct.h
[9.999s] -- Installing: /home/alex/Diplomatiki/install/my_interfaces/include/my_interfaces/my_interfaces/msg/detail/agent_data__functions.h
[10.000s] -- Installing: /home/alex/Diplomatiki/install/my_interfaces/include/my_interfaces/my_interfaces/msg/detail/multiple_target_estimates__type_support.h
[10.000s] -- Installing: /home/alex/Diplomatiki/install/my_interfaces/include/my_interfaces/my_interfaces/msg/detail/multiple_obstacles__functions.c
[10.000s] -- Installing: /home/alex/Diplomatiki/install/my_interfaces/include/my_interfaces/my_interfaces/msg/detail/single_target_estimate__functions.h
[10.000s] -- Installing: /home/alex/Diplomatiki/install/my_interfaces/include/my_interfaces/my_interfaces/msg/detail/ck_table__struct.h
[10.000s] -- Installing: /home/alex/Diplomatiki/install/my_interfaces/include/my_interfaces/my_interfaces/msg/detail/agent_data__type_support.h
[10.000s] -- Installing: /home/alex/Diplomatiki/install/my_interfaces/include/my_interfaces/my_interfaces/msg/detail/single_obstacle__functions.h
[10.000s] -- Installing: /home/alex/Diplomatiki/install/my_interfaces/include/my_interfaces/my_interfaces/msg/detail/single_obstacle__struct.h
[10.000s] -- Installing: /home/alex/Diplomatiki/install/my_interfaces/include/my_interfaces/my_interfaces/msg/detail/agent_data__struct.h
[10.000s] -- Installing: /home/alex/Diplomatiki/install/my_interfaces/include/my_interfaces/my_interfaces/msg/detail/agent_data__functions.c
[10.000s] -- Installing: /home/alex/Diplomatiki/install/my_interfaces/include/my_interfaces/my_interfaces/msg/detail/multiple_obstacles__struct.h
[10.000s] -- Installing: /home/alex/Diplomatiki/install/my_interfaces/include/my_interfaces/my_interfaces/msg/detail/ck_table__functions.c
[10.000s] -- Installing: /home/alex/Diplomatiki/install/my_interfaces/include/my_interfaces/my_interfaces/msg/detail/single_obstacle__functions.c
[10.000s] -- Installing: /home/alex/Diplomatiki/install/my_interfaces/include/my_interfaces/my_interfaces/msg/detail/single_target_estimate__functions.c
[10.000s] -- Installing: /home/alex/Diplomatiki/install/my_interfaces/include/my_interfaces/my_interfaces/msg/detail/multiple_obstacles__type_support.h
[10.001s] -- Installing: /home/alex/Diplomatiki/install/my_interfaces/include/my_interfaces/my_interfaces/msg/detail/multiple_target_estimates__functions.h
[10.001s] -- Installing: /home/alex/Diplomatiki/install/my_interfaces/include/my_interfaces/my_interfaces/msg/detail/ck_table__functions.h
[10.001s] -- Installing: /home/alex/Diplomatiki/install/my_interfaces/include/my_interfaces/my_interfaces/msg/detail/multiple_target_estimates__functions.c
[10.001s] -- Installing: /home/alex/Diplomatiki/install/my_interfaces/include/my_interfaces/my_interfaces/msg/detail/multiple_target_estimates__struct.h
[10.001s] -- Installing: /home/alex/Diplomatiki/install/my_interfaces/include/my_interfaces/my_interfaces/msg/detail/multiple_obstacles__functions.h
[10.001s] -- Installing: /home/alex/Diplomatiki/install/my_interfaces/include/my_interfaces/my_interfaces/msg/detail/ck_table__type_support.h
[10.001s] -- Installing: /home/alex/Diplomatiki/install/my_interfaces/include/my_interfaces/my_interfaces/msg/single_target_estimate.h
[10.001s] -- Installing: /home/alex/Diplomatiki/install/my_interfaces/include/my_interfaces/my_interfaces/msg/ck_table.h
[10.001s] -- Installing: /home/alex/Diplomatiki/install/my_interfaces/include/my_interfaces/my_interfaces/msg/single_obstacle.h
[10.001s] -- Installing: /home/alex/Diplomatiki/install/my_interfaces/share/my_interfaces/environment/library_path.sh
[10.001s] -- Installing: /home/alex/Diplomatiki/install/my_interfaces/share/my_interfaces/environment/library_path.dsv
[10.001s] -- Installing: /home/alex/Diplomatiki/install/my_interfaces/lib/libmy_interfaces__rosidl_generator_c.so
[10.001s] -- Set runtime path of "/home/alex/Diplomatiki/install/my_interfaces/lib/libmy_interfaces__rosidl_generator_c.so" to ""
[10.001s] -- Up-to-date: /home/alex/Diplomatiki/install/my_interfaces/include/my_interfaces/my_interfaces
[10.001s] -- Up-to-date: /home/alex/Diplomatiki/install/my_interfaces/include/my_interfaces/my_interfaces/msg
[10.001s] -- Installing: /home/alex/Diplomatiki/install/my_interfaces/include/my_interfaces/my_interfaces/msg/rosidl_typesupport_fastrtps_c__visibility_control.h
[10.001s] -- Up-to-date: /home/alex/Diplomatiki/install/my_interfaces/include/my_interfaces/my_interfaces/msg/detail
[10.001s] -- Installing: /home/alex/Diplomatiki/install/my_interfaces/include/my_interfaces/my_interfaces/msg/detail/single_obstacle__rosidl_typesupport_fastrtps_c.h
[10.001s] -- Installing: /home/alex/Diplomatiki/install/my_interfaces/include/my_interfaces/my_interfaces/msg/detail/multiple_target_estimates__rosidl_typesupport_fastrtps_c.h
[10.002s] -- Installing: /home/alex/Diplomatiki/install/my_interfaces/include/my_interfaces/my_interfaces/msg/detail/ck_table__rosidl_typesupport_fastrtps_c.h
[10.002s] -- Installing: /home/alex/Diplomatiki/install/my_interfaces/include/my_interfaces/my_interfaces/msg/detail/multiple_obstacles__rosidl_typesupport_fastrtps_c.h
[10.002s] -- Installing: /home/alex/Diplomatiki/install/my_interfaces/include/my_interfaces/my_interfaces/msg/detail/single_target_estimate__rosidl_typesupport_fastrtps_c.h
[10.002s] -- Installing: /home/alex/Diplomatiki/install/my_interfaces/include/my_interfaces/my_interfaces/msg/detail/agent_data__rosidl_typesupport_fastrtps_c.h
[10.002s] -- Installing: /home/alex/Diplomatiki/install/my_interfaces/lib/libmy_interfaces__rosidl_typesupport_fastrtps_c.so
[10.002s] -- Set runtime path of "/home/alex/Diplomatiki/install/my_interfaces/lib/libmy_interfaces__rosidl_typesupport_fastrtps_c.so" to ""
[10.002s] -- Up-to-date: /home/alex/Diplomatiki/install/my_interfaces/include/my_interfaces/my_interfaces
[10.002s] -- Up-to-date: /home/alex/Diplomatiki/install/my_interfaces/include/my_interfaces/my_interfaces/msg
[10.002s] -- Up-to-date: /home/alex/Diplomatiki/install/my_interfaces/include/my_interfaces/my_interfaces/msg/detail
[10.002s] -- Installing: /home/alex/Diplomatiki/install/my_interfaces/include/my_interfaces/my_interfaces/msg/detail/multiple_obstacles__rosidl_typesupport_introspection_c.h
[10.002s] -- Installing: /home/alex/Diplomatiki/install/my_interfaces/include/my_interfaces/my_interfaces/msg/detail/ck_table__rosidl_typesupport_introspection_c.h
[10.002s] -- Installing: /home/alex/Diplomatiki/install/my_interfaces/include/my_interfaces/my_interfaces/msg/detail/multiple_target_estimates__rosidl_typesupport_introspection_c.h
[10.002s] -- Installing: /home/alex/Diplomatiki/install/my_interfaces/include/my_interfaces/my_interfaces/msg/detail/agent_data__rosidl_typesupport_introspection_c.h
[10.002s] -- Installing: /home/alex/Diplomatiki/install/my_interfaces/include/my_interfaces/my_interfaces/msg/detail/ck_table__type_support.c
[10.002s] -- Installing: /home/alex/Diplomatiki/install/my_interfaces/include/my_interfaces/my_interfaces/msg/detail/single_obstacle__rosidl_typesupport_introspection_c.h
[10.002s] -- Installing: /home/alex/Diplomatiki/install/my_interfaces/include/my_interfaces/my_interfaces/msg/detail/multiple_obstacles__type_support.c
[10.002s] -- Installing: /home/alex/Diplomatiki/install/my_interfaces/include/my_interfaces/my_interfaces/msg/detail/agent_data__type_support.c
[10.002s] -- Installing: /home/alex/Diplomatiki/install/my_interfaces/include/my_interfaces/my_interfaces/msg/detail/single_obstacle__type_support.c
[10.003s] -- Installing: /home/alex/Diplomatiki/install/my_interfaces/include/my_interfaces/my_interfaces/msg/detail/single_target_estimate__rosidl_typesupport_introspection_c.h
[10.003s] -- Installing: /home/alex/Diplomatiki/install/my_interfaces/include/my_interfaces/my_interfaces/msg/detail/single_target_estimate__type_support.c
[10.003s] -- Installing: /home/alex/Diplomatiki/install/my_interfaces/include/my_interfaces/my_interfaces/msg/detail/multiple_target_estimates__type_support.c
[10.003s] -- Installing: /home/alex/Diplomatiki/install/my_interfaces/include/my_interfaces/my_interfaces/msg/rosidl_typesupport_introspection_c__visibility_control.h
[10.003s] -- Installing: /home/alex/Diplomatiki/install/my_interfaces/lib/libmy_interfaces__rosidl_typesupport_introspection_c.so
[10.003s] -- Set runtime path of "/home/alex/Diplomatiki/install/my_interfaces/lib/libmy_interfaces__rosidl_typesupport_introspection_c.so" to ""
[10.003s] -- Installing: /home/alex/Diplomatiki/install/my_interfaces/lib/libmy_interfaces__rosidl_typesupport_c.so
[10.003s] -- Set runtime path of "/home/alex/Diplomatiki/install/my_interfaces/lib/libmy_interfaces__rosidl_typesupport_c.so" to ""
[10.003s] -- Up-to-date: /home/alex/Diplomatiki/install/my_interfaces/include/my_interfaces/my_interfaces
[10.003s] -- Up-to-date: /home/alex/Diplomatiki/install/my_interfaces/include/my_interfaces/my_interfaces/msg
[10.003s] -- Installing: /home/alex/Diplomatiki/install/my_interfaces/include/my_interfaces/my_interfaces/msg/ck_table.hpp
[10.003s] -- Installing: /home/alex/Diplomatiki/install/my_interfaces/include/my_interfaces/my_interfaces/msg/multiple_obstacles.hpp
[10.003s] -- Installing: /home/alex/Diplomatiki/install/my_interfaces/include/my_interfaces/my_interfaces/msg/rosidl_generator_cpp__visibility_control.hpp
[10.003s] -- Installing: /home/alex/Diplomatiki/install/my_interfaces/include/my_interfaces/my_interfaces/msg/single_obstacle.hpp
[10.003s] -- Installing: /home/alex/Diplomatiki/install/my_interfaces/include/my_interfaces/my_interfaces/msg/agent_data.hpp
[10.003s] -- Installing: /home/alex/Diplomatiki/install/my_interfaces/include/my_interfaces/my_interfaces/msg/multiple_target_estimates.hpp
[10.004s] -- Up-to-date: /home/alex/Diplomatiki/install/my_interfaces/include/my_interfaces/my_interfaces/msg/detail
[10.004s] -- Installing: /home/alex/Diplomatiki/install/my_interfaces/include/my_interfaces/my_interfaces/msg/detail/multiple_target_estimates__traits.hpp
[10.004s] -- Installing: /home/alex/Diplomatiki/install/my_interfaces/include/my_interfaces/my_interfaces/msg/detail/single_obstacle__builder.hpp
[10.004s] -- Installing: /home/alex/Diplomatiki/install/my_interfaces/include/my_interfaces/my_interfaces/msg/detail/ck_table__traits.hpp
[10.004s] -- Installing: /home/alex/Diplomatiki/install/my_interfaces/include/my_interfaces/my_interfaces/msg/detail/single_target_estimate__builder.hpp
[10.004s] -- Installing: /home/alex/Diplomatiki/install/my_interfaces/include/my_interfaces/my_interfaces/msg/detail/multiple_obstacles__builder.hpp
[10.004s] -- Installing: /home/alex/Diplomatiki/install/my_interfaces/include/my_interfaces/my_interfaces/msg/detail/ck_table__type_support.hpp
[10.004s] -- Installing: /home/alex/Diplomatiki/install/my_interfaces/include/my_interfaces/my_interfaces/msg/detail/multiple_obstacles__type_support.hpp
[10.004s] -- Installing: /home/alex/Diplomatiki/install/my_interfaces/include/my_interfaces/my_interfaces/msg/detail/single_target_estimate__traits.hpp
[10.004s] -- Installing: /home/alex/Diplomatiki/install/my_interfaces/include/my_interfaces/my_interfaces/msg/detail/ck_table__struct.hpp
[10.004s] -- Installing: /home/alex/Diplomatiki/install/my_interfaces/include/my_interfaces/my_interfaces/msg/detail/single_target_estimate__type_support.hpp
[10.004s] -- Installing: /home/alex/Diplomatiki/install/my_interfaces/include/my_interfaces/my_interfaces/msg/detail/agent_data__struct.hpp
[10.004s] -- Installing: /home/alex/Diplomatiki/install/my_interfaces/include/my_interfaces/my_interfaces/msg/detail/multiple_target_estimates__builder.hpp
[10.004s] -- Installing: /home/alex/Diplomatiki/install/my_interfaces/include/my_interfaces/my_interfaces/msg/detail/single_obstacle__struct.hpp
[10.004s] -- Installing: /home/alex/Diplomatiki/install/my_interfaces/include/my_interfaces/my_interfaces/msg/detail/multiple_obstacles__struct.hpp
[10.004s] -- Installing: /home/alex/Diplomatiki/install/my_interfaces/include/my_interfaces/my_interfaces/msg/detail/multiple_obstacles__traits.hpp
[10.005s] -- Installing: /home/alex/Diplomatiki/install/my_interfaces/include/my_interfaces/my_interfaces/msg/detail/multiple_target_estimates__type_support.hpp
[10.005s] -- Installing: /home/alex/Diplomatiki/install/my_interfaces/include/my_interfaces/my_interfaces/msg/detail/multiple_target_estimates__struct.hpp
[10.005s] -- Installing: /home/alex/Diplomatiki/install/my_interfaces/include/my_interfaces/my_interfaces/msg/detail/ck_table__builder.hpp
[10.005s] -- Installing: /home/alex/Diplomatiki/install/my_interfaces/include/my_interfaces/my_interfaces/msg/detail/agent_data__type_support.hpp
[10.005s] -- Installing: /home/alex/Diplomatiki/install/my_interfaces/include/my_interfaces/my_interfaces/msg/detail/single_obstacle__traits.hpp
[10.005s] -- Installing: /home/alex/Diplomatiki/install/my_interfaces/include/my_interfaces/my_interfaces/msg/detail/single_target_estimate__struct.hpp
[10.005s] -- Installing: /home/alex/Diplomatiki/install/my_interfaces/include/my_interfaces/my_interfaces/msg/detail/agent_data__traits.hpp
[10.005s] -- Installing: /home/alex/Diplomatiki/install/my_interfaces/include/my_interfaces/my_interfaces/msg/detail/single_obstacle__type_support.hpp
[10.005s] -- Installing: /home/alex/Diplomatiki/install/my_interfaces/include/my_interfaces/my_interfaces/msg/detail/agent_data__builder.hpp
[10.005s] -- Installing: /home/alex/Diplomatiki/install/my_interfaces/include/my_interfaces/my_interfaces/msg/single_target_estimate.hpp
[10.005s] -- Up-to-date: /home/alex/Diplomatiki/install/my_interfaces/include/my_interfaces/my_interfaces
[10.005s] -- Up-to-date: /home/alex/Diplomatiki/install/my_interfaces/include/my_interfaces/my_interfaces/msg
[10.005s] -- Installing: /home/alex/Diplomatiki/install/my_interfaces/include/my_interfaces/my_interfaces/msg/rosidl_typesupport_fastrtps_cpp__visibility_control.h
[10.005s] -- Up-to-date: /home/alex/Diplomatiki/install/my_interfaces/include/my_interfaces/my_interfaces/msg/detail
[10.006s] -- Installing: /home/alex/Diplomatiki/install/my_interfaces/include/my_interfaces/my_interfaces/msg/detail/dds_fastrtps
[10.006s] -- Installing: /home/alex/Diplomatiki/install/my_interfaces/include/my_interfaces/my_interfaces/msg/detail/single_obstacle__rosidl_typesupport_fastrtps_cpp.hpp
[10.006s] -- Installing: /home/alex/Diplomatiki/install/my_interfaces/include/my_interfaces/my_interfaces/msg/detail/agent_data__rosidl_typesupport_fastrtps_cpp.hpp
[10.006s] -- Installing: /home/alex/Diplomatiki/install/my_interfaces/include/my_interfaces/my_interfaces/msg/detail/multiple_obstacles__rosidl_typesupport_fastrtps_cpp.hpp
[10.006s] -- Installing: /home/alex/Diplomatiki/install/my_interfaces/include/my_interfaces/my_interfaces/msg/detail/single_target_estimate__rosidl_typesupport_fastrtps_cpp.hpp
[10.006s] -- Installing: /home/alex/Diplomatiki/install/my_interfaces/include/my_interfaces/my_interfaces/msg/detail/multiple_target_estimates__rosidl_typesupport_fastrtps_cpp.hpp
[10.006s] -- Installing: /home/alex/Diplomatiki/install/my_interfaces/include/my_interfaces/my_interfaces/msg/detail/ck_table__rosidl_typesupport_fastrtps_cpp.hpp
[10.006s] -- Installing: /home/alex/Diplomatiki/install/my_interfaces/lib/libmy_interfaces__rosidl_typesupport_fastrtps_cpp.so
[10.007s] -- Set runtime path of "/home/alex/Diplomatiki/install/my_interfaces/lib/libmy_interfaces__rosidl_typesupport_fastrtps_cpp.so" to ""
[10.007s] -- Up-to-date: /home/alex/Diplomatiki/install/my_interfaces/include/my_interfaces/my_interfaces
[10.007s] -- Up-to-date: /home/alex/Diplomatiki/install/my_interfaces/include/my_interfaces/my_interfaces/msg
[10.007s] -- Up-to-date: /home/alex/Diplomatiki/install/my_interfaces/include/my_interfaces/my_interfaces/msg/detail
[10.007s] -- Installing: /home/alex/Diplomatiki/install/my_interfaces/include/my_interfaces/my_interfaces/msg/detail/agent_data__rosidl_typesupport_introspection_cpp.hpp
[10.007s] -- Installing: /home/alex/Diplomatiki/install/my_interfaces/include/my_interfaces/my_interfaces/msg/detail/single_target_estimate__type_support.cpp
[10.007s] -- Installing: /home/alex/Diplomatiki/install/my_interfaces/include/my_interfaces/my_interfaces/msg/detail/multiple_target_estimates__type_support.cpp
[10.007s] -- Installing: /home/alex/Diplomatiki/install/my_interfaces/include/my_interfaces/my_interfaces/msg/detail/single_obstacle__rosidl_typesupport_introspection_cpp.hpp
[10.007s] -- Installing: /home/alex/Diplomatiki/install/my_interfaces/include/my_interfaces/my_interfaces/msg/detail/multiple_target_estimates__rosidl_typesupport_introspection_cpp.hpp
[10.007s] -- Installing: /home/alex/Diplomatiki/install/my_interfaces/include/my_interfaces/my_interfaces/msg/detail/single_target_estimate__rosidl_typesupport_introspection_cpp.hpp
[10.007s] -- Installing: /home/alex/Diplomatiki/install/my_interfaces/include/my_interfaces/my_interfaces/msg/detail/ck_table__rosidl_typesupport_introspection_cpp.hpp
[10.008s] -- Installing: /home/alex/Diplomatiki/install/my_interfaces/include/my_interfaces/my_interfaces/msg/detail/single_obstacle__type_support.cpp
[10.008s] -- Installing: /home/alex/Diplomatiki/install/my_interfaces/include/my_interfaces/my_interfaces/msg/detail/ck_table__type_support.cpp
[10.008s] -- Installing: /home/alex/Diplomatiki/install/my_interfaces/include/my_interfaces/my_interfaces/msg/detail/multiple_obstacles__type_support.cpp
[10.008s] -- Installing: /home/alex/Diplomatiki/install/my_interfaces/include/my_interfaces/my_interfaces/msg/detail/multiple_obstacles__rosidl_typesupport_introspection_cpp.hpp
[10.008s] -- Installing: /home/alex/Diplomatiki/install/my_interfaces/include/my_interfaces/my_interfaces/msg/detail/agent_data__type_support.cpp
[10.008s] -- Installing: /home/alex/Diplomatiki/install/my_interfaces/lib/libmy_interfaces__rosidl_typesupport_introspection_cpp.so
[10.008s] -- Set runtime path of "/home/alex/Diplomatiki/install/my_interfaces/lib/libmy_interfaces__rosidl_typesupport_introspection_cpp.so" to ""
[10.008s] -- Installing: /home/alex/Diplomatiki/install/my_interfaces/lib/libmy_interfaces__rosidl_typesupport_cpp.so
[10.008s] -- Set runtime path of "/home/alex/Diplomatiki/install/my_interfaces/lib/libmy_interfaces__rosidl_typesupport_cpp.so" to ""
[10.008s] -- Installing: /home/alex/Diplomatiki/install/my_interfaces/share/my_interfaces/environment/pythonpath.sh
[10.009s] -- Installing: /home/alex/Diplomatiki/install/my_interfaces/share/my_interfaces/environment/pythonpath.dsv
[10.009s] -- Installing: /home/alex/Diplomatiki/install/my_interfaces/local/lib/python3.10/dist-packages/my_interfaces-0.0.0-py3.10.egg-info
[10.009s] -- Installing: /home/alex/Diplomatiki/install/my_interfaces/local/lib/python3.10/dist-packages/my_interfaces-0.0.0-py3.10.egg-info/SOURCES.txt
[10.009s] -- Installing: /home/alex/Diplomatiki/install/my_interfaces/local/lib/python3.10/dist-packages/my_interfaces-0.0.0-py3.10.egg-info/dependency_links.txt
[10.009s] -- Installing: /home/alex/Diplomatiki/install/my_interfaces/local/lib/python3.10/dist-packages/my_interfaces-0.0.0-py3.10.egg-info/PKG-INFO
[10.009s] -- Installing: /home/alex/Diplomatiki/install/my_interfaces/local/lib/python3.10/dist-packages/my_interfaces-0.0.0-py3.10.egg-info/top_level.txt
[10.009s] -- Installing: /home/alex/Diplomatiki/install/my_interfaces/local/lib/python3.10/dist-packages/my_interfaces
[10.009s] -- Installing: /home/alex/Diplomatiki/install/my_interfaces/local/lib/python3.10/dist-packages/my_interfaces/msg
[10.009s] -- Installing: /home/alex/Diplomatiki/install/my_interfaces/local/lib/python3.10/dist-packages/my_interfaces/msg/_multiple_obstacles.py
[10.009s] -- Installing: /home/alex/Diplomatiki/install/my_interfaces/local/lib/python3.10/dist-packages/my_interfaces/msg/__init__.py
[10.009s] -- Installing: /home/alex/Diplomatiki/install/my_interfaces/local/lib/python3.10/dist-packages/my_interfaces/msg/_agent_data.py
[10.010s] -- Installing: /home/alex/Diplomatiki/install/my_interfaces/local/lib/python3.10/dist-packages/my_interfaces/msg/_agent_data_s.c
[10.010s] -- Installing: /home/alex/Diplomatiki/install/my_interfaces/local/lib/python3.10/dist-packages/my_interfaces/msg/_ck_table.py
[10.010s] -- Installing: /home/alex/Diplomatiki/install/my_interfaces/local/lib/python3.10/dist-packages/my_interfaces/msg/_ck_table_s.c
[10.010s] -- Installing: /home/alex/Diplomatiki/install/my_interfaces/local/lib/python3.10/dist-packages/my_interfaces/msg/_multiple_obstacles_s.c
[10.010s] -- Installing: /home/alex/Diplomatiki/install/my_interfaces/local/lib/python3.10/dist-packages/my_interfaces/msg/_single_target_estimate_s.c
[10.010s] -- Installing: /home/alex/Diplomatiki/install/my_interfaces/local/lib/python3.10/dist-packages/my_interfaces/msg/_single_obstacle_s.c
[10.010s] -- Installing: /home/alex/Diplomatiki/install/my_interfaces/local/lib/python3.10/dist-packages/my_interfaces/msg/_single_target_estimate.py
[10.010s] -- Installing: /home/alex/Diplomatiki/install/my_interfaces/local/lib/python3.10/dist-packages/my_interfaces/msg/_single_obstacle.py
[10.010s] -- Installing: /home/alex/Diplomatiki/install/my_interfaces/local/lib/python3.10/dist-packages/my_interfaces/msg/_multiple_target_estimates.py
[10.010s] -- Installing: /home/alex/Diplomatiki/install/my_interfaces/local/lib/python3.10/dist-packages/my_interfaces/msg/_multiple_target_estimates_s.c
[10.010s] -- Installing: /home/alex/Diplomatiki/install/my_interfaces/local/lib/python3.10/dist-packages/my_interfaces/__init__.py
[10.010s] -- Installing: /home/alex/Diplomatiki/install/my_interfaces/local/lib/python3.10/dist-packages/my_interfaces/libmy_interfaces__rosidl_generator_py.so
[10.011s] -- Installing: /home/alex/Diplomatiki/install/my_interfaces/local/lib/python3.10/dist-packages/my_interfaces/_my_interfaces_s.ep.rosidl_typesupport_c.c
[10.011s] -- Installing: /home/alex/Diplomatiki/install/my_interfaces/local/lib/python3.10/dist-packages/my_interfaces/my_interfaces_s__rosidl_typesupport_fastrtps_c.cpython-310-x86_64-linux-gnu.so
[10.011s] -- Installing: /home/alex/Diplomatiki/install/my_interfaces/local/lib/python3.10/dist-packages/my_interfaces/_my_interfaces_s.ep.rosidl_typesupport_introspection_c.c
[10.011s] -- Installing: /home/alex/Diplomatiki/install/my_interfaces/local/lib/python3.10/dist-packages/my_interfaces/my_interfaces_s__rosidl_typesupport_c.cpython-310-x86_64-linux-gnu.so
[10.011s] -- Installing: /home/alex/Diplomatiki/install/my_interfaces/local/lib/python3.10/dist-packages/my_interfaces/_my_interfaces_s.ep.rosidl_typesupport_fastrtps_c.c
[10.011s] -- Installing: /home/alex/Diplomatiki/install/my_interfaces/local/lib/python3.10/dist-packages/my_interfaces/my_interfaces_s__rosidl_typesupport_introspection_c.cpython-310-x86_64-linux-gnu.so
[10.044s] Listing '/home/alex/Diplomatiki/install/my_interfaces/local/lib/python3.10/dist-packages/my_interfaces'...
[10.044s] Compiling '/home/alex/Diplomatiki/install/my_interfaces/local/lib/python3.10/dist-packages/my_interfaces/__init__.py'...
[10.044s] Listing '/home/alex/Diplomatiki/install/my_interfaces/local/lib/python3.10/dist-packages/my_interfaces/msg'...
[10.044s] Compiling '/home/alex/Diplomatiki/install/my_interfaces/local/lib/python3.10/dist-packages/my_interfaces/msg/__init__.py'...
[10.044s] Compiling '/home/alex/Diplomatiki/install/my_interfaces/local/lib/python3.10/dist-packages/my_interfaces/msg/_agent_data.py'...
[10.044s] Compiling '/home/alex/Diplomatiki/install/my_interfaces/local/lib/python3.10/dist-packages/my_interfaces/msg/_ck_table.py'...
[10.045s] Compiling '/home/alex/Diplomatiki/install/my_interfaces/local/lib/python3.10/dist-packages/my_interfaces/msg/_multiple_obstacles.py'...
[10.045s] Compiling '/home/alex/Diplomatiki/install/my_interfaces/local/lib/python3.10/dist-packages/my_interfaces/msg/_multiple_target_estimates.py'...
[10.045s] Compiling '/home/alex/Diplomatiki/install/my_interfaces/local/lib/python3.10/dist-packages/my_interfaces/msg/_single_obstacle.py'...
[10.045s] Compiling '/home/alex/Diplomatiki/install/my_interfaces/local/lib/python3.10/dist-packages/my_interfaces/msg/_single_target_estimate.py'...
[10.048s] -- Installing: /home/alex/Diplomatiki/install/my_interfaces/local/lib/python3.10/dist-packages/my_interfaces/my_interfaces_s__rosidl_typesupport_fastrtps_c.cpython-310-x86_64-linux-gnu.so
[10.049s] -- Set runtime path of "/home/alex/Diplomatiki/install/my_interfaces/local/lib/python3.10/dist-packages/my_interfaces/my_interfaces_s__rosidl_typesupport_fastrtps_c.cpython-310-x86_64-linux-gnu.so" to ""
[10.049s] -- Installing: /home/alex/Diplomatiki/install/my_interfaces/local/lib/python3.10/dist-packages/my_interfaces/my_interfaces_s__rosidl_typesupport_introspection_c.cpython-310-x86_64-linux-gnu.so
[10.049s] -- Set runtime path of "/home/alex/Diplomatiki/install/my_interfaces/local/lib/python3.10/dist-packages/my_interfaces/my_interfaces_s__rosidl_typesupport_introspection_c.cpython-310-x86_64-linux-gnu.so" to ""
[10.049s] -- Installing: /home/alex/Diplomatiki/install/my_interfaces/local/lib/python3.10/dist-packages/my_interfaces/my_interfaces_s__rosidl_typesupport_c.cpython-310-x86_64-linux-gnu.so
[10.050s] -- Set runtime path of "/home/alex/Diplomatiki/install/my_interfaces/local/lib/python3.10/dist-packages/my_interfaces/my_interfaces_s__rosidl_typesupport_c.cpython-310-x86_64-linux-gnu.so" to ""
[10.050s] -- Installing: /home/alex/Diplomatiki/install/my_interfaces/lib/libmy_interfaces__rosidl_generator_py.so
[10.050s] -- Set runtime path of "/home/alex/Diplomatiki/install/my_interfaces/lib/libmy_interfaces__rosidl_generator_py.so" to ""
[10.051s] -- Installing: /home/alex/Diplomatiki/install/my_interfaces/share/my_interfaces/msg/CkTable.idl
[10.051s] -- Installing: /home/alex/Diplomatiki/install/my_interfaces/share/my_interfaces/msg/AgentData.idl
[10.051s] -- Installing: /home/alex/Diplomatiki/install/my_interfaces/share/my_interfaces/msg/SingleObstacle.idl
[10.051s] -- Installing: /home/alex/Diplomatiki/install/my_interfaces/share/my_interfaces/msg/MultipleObstacles.idl
[10.051s] -- Installing: /home/alex/Diplomatiki/install/my_interfaces/share/my_interfaces/msg/SingleTargetEstimate.idl
[10.052s] -- Installing: /home/alex/Diplomatiki/install/my_interfaces/share/my_interfaces/msg/MultipleTargetEstimates.idl
[10.052s] -- Installing: /home/alex/Diplomatiki/install/my_interfaces/share/my_interfaces/msg/CkTable.msg
[10.052s] -- Installing: /home/alex/Diplomatiki/install/my_interfaces/share/my_interfaces/msg/AgentData.msg
[10.052s] -- Installing: /home/alex/Diplomatiki/install/my_interfaces/share/my_interfaces/msg/SingleObstacle.msg
[10.052s] -- Installing: /home/alex/Diplomatiki/install/my_interfaces/share/my_interfaces/msg/MultipleObstacles.msg
[10.052s] -- Installing: /home/alex/Diplomatiki/install/my_interfaces/share/my_interfaces/msg/SingleTargetEstimate.msg
[10.052s] -- Installing: /home/alex/Diplomatiki/install/my_interfaces/share/my_interfaces/msg/MultipleTargetEstimates.msg
[10.053s] -- Installing: /home/alex/Diplomatiki/install/my_interfaces/share/ament_index/resource_index/package_run_dependencies/my_interfaces
[10.053s] -- Installing: /home/alex/Diplomatiki/install/my_interfaces/share/ament_index/resource_index/parent_prefix_path/my_interfaces
[10.053s] -- Installing: /home/alex/Diplomatiki/install/my_interfaces/share/my_interfaces/environment/ament_prefix_path.sh
[10.053s] -- Installing: /home/alex/Diplomatiki/install/my_interfaces/share/my_interfaces/environment/ament_prefix_path.dsv
[10.053s] -- Installing: /home/alex/Diplomatiki/install/my_interfaces/share/my_interfaces/environment/path.sh
[10.053s] -- Installing: /home/alex/Diplomatiki/install/my_interfaces/share/my_interfaces/environment/path.dsv
[10.054s] -- Installing: /home/alex/Diplomatiki/install/my_interfaces/share/my_interfaces/local_setup.bash
[10.054s] -- Installing: /home/alex/Diplomatiki/install/my_interfaces/share/my_interfaces/local_setup.sh
[10.054s] -- Installing: /home/alex/Diplomatiki/install/my_interfaces/share/my_interfaces/local_setup.zsh
[10.054s] -- Installing: /home/alex/Diplomatiki/install/my_interfaces/share/my_interfaces/local_setup.dsv
[10.054s] -- Installing: /home/alex/Diplomatiki/install/my_interfaces/share/my_interfaces/package.dsv
[10.054s] -- Installing: /home/alex/Diplomatiki/install/my_interfaces/share/ament_index/resource_index/packages/my_interfaces
[10.054s] -- Installing: /home/alex/Diplomatiki/install/my_interfaces/share/my_interfaces/cmake/export_my_interfaces__rosidl_generator_cExport.cmake
[10.055s] -- Installing: /home/alex/Diplomatiki/install/my_interfaces/share/my_interfaces/cmake/export_my_interfaces__rosidl_generator_cExport-noconfig.cmake
[10.055s] -- Installing: /home/alex/Diplomatiki/install/my_interfaces/share/my_interfaces/cmake/export_my_interfaces__rosidl_typesupport_fastrtps_cExport.cmake
[10.055s] -- Installing: /home/alex/Diplomatiki/install/my_interfaces/share/my_interfaces/cmake/export_my_interfaces__rosidl_typesupport_fastrtps_cExport-noconfig.cmake
[10.055s] -- Installing: /home/alex/Diplomatiki/install/my_interfaces/share/my_interfaces/cmake/my_interfaces__rosidl_typesupport_introspection_cExport.cmake
[10.055s] -- Installing: /home/alex/Diplomatiki/install/my_interfaces/share/my_interfaces/cmake/my_interfaces__rosidl_typesupport_introspection_cExport-noconfig.cmake
[10.055s] -- Installing: /home/alex/Diplomatiki/install/my_interfaces/share/my_interfaces/cmake/my_interfaces__rosidl_typesupport_cExport.cmake
[10.055s] -- Installing: /home/alex/Diplomatiki/install/my_interfaces/share/my_interfaces/cmake/my_interfaces__rosidl_typesupport_cExport-noconfig.cmake
[10.055s] -- Installing: /home/alex/Diplomatiki/install/my_interfaces/share/my_interfaces/cmake/export_my_interfaces__rosidl_generator_cppExport.cmake
[10.056s] -- Installing: /home/alex/Diplomatiki/install/my_interfaces/share/my_interfaces/cmake/export_my_interfaces__rosidl_typesupport_fastrtps_cppExport.cmake
[10.056s] -- Installing: /home/alex/Diplomatiki/install/my_interfaces/share/my_interfaces/cmake/export_my_interfaces__rosidl_typesupport_fastrtps_cppExport-noconfig.cmake
[10.056s] -- Installing: /home/alex/Diplomatiki/install/my_interfaces/share/my_interfaces/cmake/my_interfaces__rosidl_typesupport_introspection_cppExport.cmake
[10.056s] -- Installing: /home/alex/Diplomatiki/install/my_interfaces/share/my_interfaces/cmake/my_interfaces__rosidl_typesupport_introspection_cppExport-noconfig.cmake
[10.056s] -- Installing: /home/alex/Diplomatiki/install/my_interfaces/share/my_interfaces/cmake/my_interfaces__rosidl_typesupport_cppExport.cmake
[10.056s] -- Installing: /home/alex/Diplomatiki/install/my_interfaces/share/my_interfaces/cmake/my_interfaces__rosidl_typesupport_cppExport-noconfig.cmake
[10.056s] -- Installing: /home/alex/Diplomatiki/install/my_interfaces/share/my_interfaces/cmake/export_my_interfaces__rosidl_generator_pyExport.cmake
[10.057s] -- Installing: /home/alex/Diplomatiki/install/my_interfaces/share/my_interfaces/cmake/export_my_interfaces__rosidl_generator_pyExport-noconfig.cmake
[10.057s] -- Installing: /home/alex/Diplomatiki/install/my_interfaces/share/my_interfaces/cmake/rosidl_cmake-extras.cmake
[10.057s] -- Installing: /home/alex/Diplomatiki/install/my_interfaces/share/my_interfaces/cmake/ament_cmake_export_dependencies-extras.cmake
[10.057s] -- Installing: /home/alex/Diplomatiki/install/my_interfaces/share/my_interfaces/cmake/ament_cmake_export_include_directories-extras.cmake
[10.057s] -- Installing: /home/alex/Diplomatiki/install/my_interfaces/share/my_interfaces/cmake/ament_cmake_export_libraries-extras.cmake
[10.058s] -- Installing: /home/alex/Diplomatiki/install/my_interfaces/share/my_interfaces/cmake/ament_cmake_export_targets-extras.cmake
[10.058s] -- Installing: /home/alex/Diplomatiki/install/my_interfaces/share/my_interfaces/cmake/rosidl_cmake_export_typesupport_targets-extras.cmake
[10.058s] -- Installing: /home/alex/Diplomatiki/install/my_interfaces/share/my_interfaces/cmake/rosidl_cmake_export_typesupport_libraries-extras.cmake
[10.058s] -- Installing: /home/alex/Diplomatiki/install/my_interfaces/share/my_interfaces/cmake/my_interfacesConfig.cmake
[10.058s] -- Installing: /home/alex/Diplomatiki/install/my_interfaces/share/my_interfaces/cmake/my_interfacesConfig-version.cmake
[10.058s] -- Installing: /home/alex/Diplomatiki/install/my_interfaces/share/my_interfaces/package.xml
[10.059s] Invoked command in '/home/alex/Diplomatiki/build/my_interfaces' returned '0': CMAKE_PREFIX_PATH=/opt/ros/humble /usr/bin/cmake --install /home/alex/Diplomatiki/build/my_interfaces
