[0.009s] Invoking command in '/home/avavvas/dipl/build/my_interfaces': CMAKE_PREFIX_PATH=${CMAKE_PREFIX_PATH}:/home/avavvas/dipl/install/ergodic_exploration:/opt/ros/humble VIRTUAL_ENV_PROMPT=(venv) /usr/bin/cmake /home/avavvas/dipl/src/my_interfaces -DAMENT_CMAKE_SYMLINK_INSTALL=1 -DCMAKE_INSTALL_PREFIX=/home/avavvas/dipl/install/my_interfaces
[0.066s] -- The C compiler identification is GNU 11.4.0
[0.124s] -- The CXX compiler identification is GNU 11.4.0
[0.128s] -- Detecting C compiler ABI info
[0.211s] -- Detecting C compiler ABI info - done
[0.223s] -- Check for working C compiler: /usr/bin/cc - skipped
[0.223s] -- Detecting C compile features
[0.224s] -- Detecting C compile features - done
[0.228s] -- Detecting CXX compiler ABI info
[0.319s] -- Detecting CXX compiler ABI info - done
[0.327s] -- Check for working CXX compiler: /usr/bin/c++ - skipped
[0.327s] -- Detecting CXX compile features
[0.328s] -- Detecting CXX compile features - done
[0.329s] -- Found ament_cmake: 1.3.12 (/opt/ros/humble/share/ament_cmake/cmake)
[0.559s] -- Found Python3: /home/avavvas/venvs/venv/bin/python3 (found version "3.10.12") found components: Interpreter 
[0.597s] -- Override CMake install command with custom implementation using symlinks instead of copying resources
[0.609s] -- Found rosidl_default_generators: 1.2.0 (/opt/ros/humble/share/rosidl_default_generators/cmake)
[0.610s] -- Using all available rosidl_typesupport_c: rosidl_typesupport_fastrtps_c;rosidl_typesupport_introspection_c
[0.613s] -- Found rosidl_adapter: 3.1.7 (/opt/ros/humble/share/rosidl_adapter/cmake)
[0.634s] -- Using all available rosidl_typesupport_cpp: rosidl_typesupport_fastrtps_cpp;rosidl_typesupport_introspection_cpp
[0.651s] -- Found std_msgs: 4.9.0 (/opt/ros/humble/share/std_msgs/cmake)
[0.664s] -- Found geometry_msgs: 4.9.0 (/opt/ros/humble/share/geometry_msgs/cmake)
[0.870s] -- Found ament_cmake_ros: 0.10.0 (/opt/ros/humble/share/ament_cmake_ros/cmake)
[1.038s] -- Using all available rosidl_typesupport_c: rosidl_typesupport_fastrtps_c;rosidl_typesupport_introspection_c
[1.265s] -- Using all available rosidl_typesupport_cpp: rosidl_typesupport_fastrtps_cpp;rosidl_typesupport_introspection_cpp
[1.285s] -- Found PythonInterp: /home/avavvas/venvs/venv/bin/python3 (found suitable version "3.10.12", minimum required is "3.6") 
[1.287s] -- Found python_cmake_module: 0.10.0 (/opt/ros/humble/share/python_cmake_module/cmake)
[1.306s] -- Found PythonLibs: /usr/lib/x86_64-linux-gnu/libpython3.10.so (found suitable version "3.10.12", minimum required is "3.5") 
[1.306s] -- Using PYTHON_EXECUTABLE: /home/avavvas/venvs/venv/bin/python3
[1.306s] -- Using PYTHON_INCLUDE_DIRS: /usr/include/python3.10
[1.306s] -- Using PYTHON_LIBRARIES: /usr/lib/x86_64-linux-gnu/libpython3.10.so
[1.330s] -- Found PythonExtra: .so  
[1.391s] -- Found ament_lint_auto: 0.12.14 (/opt/ros/humble/share/ament_lint_auto/cmake)
[1.400s] -- Added test 'lint_cmake' to check CMake code style
[1.401s] -- Added test 'xmllint' to check XML markup files
[1.402s] -- Configuring done
[1.426s] -- Generating done
[1.433s] -- Build files have been written to: /home/avavvas/dipl/build/my_interfaces
[1.438s] Invoked command in '/home/avavvas/dipl/build/my_interfaces' returned '0': CMAKE_PREFIX_PATH=${CMAKE_PREFIX_PATH}:/home/avavvas/dipl/install/ergodic_exploration:/opt/ros/humble VIRTUAL_ENV_PROMPT=(venv) /usr/bin/cmake /home/avavvas/dipl/src/my_interfaces -DAMENT_CMAKE_SYMLINK_INSTALL=1 -DCMAKE_INSTALL_PREFIX=/home/avavvas/dipl/install/my_interfaces
[1.441s] Invoking command in '/home/avavvas/dipl/build/my_interfaces': CMAKE_PREFIX_PATH=${CMAKE_PREFIX_PATH}:/home/avavvas/dipl/install/ergodic_exploration:/opt/ros/humble VIRTUAL_ENV_PROMPT=(venv) /usr/bin/cmake --build /home/avavvas/dipl/build/my_interfaces -- -j12 -l12
[1.479s] [  1%] [34m[1mGenerating C code for ROS interfaces[0m
[1.488s] [  2%] [34m[1mGenerating C++ code for ROS interfaces[0m
[1.496s] [  2%] Built target ament_cmake_python_symlink_my_interfaces
[1.636s] running egg_info
[1.643s] creating my_interfaces.egg-info
[1.643s] writing my_interfaces.egg-info/PKG-INFO
[1.644s] writing dependency_links to my_interfaces.egg-info/dependency_links.txt
[1.644s] writing top-level names to my_interfaces.egg-info/top_level.txt
[1.644s] writing manifest file 'my_interfaces.egg-info/SOURCES.txt'
[1.665s] reading manifest file 'my_interfaces.egg-info/SOURCES.txt'
[1.666s] writing manifest file 'my_interfaces.egg-info/SOURCES.txt'
[1.687s] [  2%] Built target ament_cmake_python_build_my_interfaces_egg
[2.369s] [  4%] [32mBuilding C object CMakeFiles/my_interfaces__rosidl_generator_c.dir/rosidl_generator_c/my_interfaces/msg/detail/multiple_obstacles__functions.c.o[0m
[2.369s] [  4%] [32mBuilding C object CMakeFiles/my_interfaces__rosidl_generator_c.dir/rosidl_generator_c/my_interfaces/msg/detail/ck_table__functions.c.o[0m
[2.369s] [  5%] [32mBuilding C object CMakeFiles/my_interfaces__rosidl_generator_c.dir/rosidl_generator_c/my_interfaces/msg/detail/agent_data__functions.c.o[0m
[2.369s] [  7%] [32mBuilding C object CMakeFiles/my_interfaces__rosidl_generator_c.dir/rosidl_generator_c/my_interfaces/msg/detail/single_obstacle__functions.c.o[0m
[2.369s] [  7%] [32mBuilding C object CMakeFiles/my_interfaces__rosidl_generator_c.dir/rosidl_generator_c/my_interfaces/msg/detail/aircraft_data__functions.c.o[0m
[2.370s] [  9%] [32mBuilding C object CMakeFiles/my_interfaces__rosidl_generator_c.dir/rosidl_generator_c/my_interfaces/msg/detail/joystick_data__functions.c.o[0m
[2.370s] [  9%] [32mBuilding C object CMakeFiles/my_interfaces__rosidl_generator_c.dir/rosidl_generator_c/my_interfaces/msg/detail/single_target_estimate__functions.c.o[0m
[2.370s] [ 10%] [32mBuilding C object CMakeFiles/my_interfaces__rosidl_generator_c.dir/rosidl_generator_c/my_interfaces/msg/detail/multiple_target_estimates__functions.c.o[0m
[2.371s] [ 11%] [32mBuilding C object CMakeFiles/my_interfaces__rosidl_generator_c.dir/rosidl_generator_c/my_interfaces/msg/detail/obs_avoidance_debug__functions.c.o[0m
[2.419s] [ 12%] [32m[1mLinking C shared library libmy_interfaces__rosidl_generator_c.so[0m
[2.444s] [ 12%] Built target my_interfaces__cpp
[2.454s] [ 15%] [34m[1mGenerating C++ type support for eProsima Fast-RTPS[0m
[2.454s] [ 15%] [34m[1mGenerating C++ introspection for ROS interfaces[0m
[2.454s] [ 15%] [34m[1mGenerating C++ type support dispatch for ROS interfaces[0m
[2.457s] [ 15%] Built target my_interfaces__rosidl_generator_c
[2.465s] [ 16%] [34m[1mGenerating C introspection for ROS interfaces[0m
[2.466s] [ 17%] [34m[1mGenerating C type support dispatch for ROS interfaces[0m
[2.467s] [ 18%] [34m[1mGenerating C type support for eProsima Fast-RTPS[0m
[3.247s] [ 21%] [32mBuilding CXX object CMakeFiles/my_interfaces__rosidl_typesupport_introspection_cpp.dir/rosidl_typesupport_introspection_cpp/my_interfaces/msg/detail/ck_table__type_support.cpp.o[0m
[3.247s] [ 23%] [32mBuilding CXX object CMakeFiles/my_interfaces__rosidl_typesupport_introspection_cpp.dir/rosidl_typesupport_introspection_cpp/my_interfaces/msg/detail/single_obstacle__type_support.cpp.o[0m
[3.247s] [ 23%] [32mBuilding CXX object CMakeFiles/my_interfaces__rosidl_typesupport_introspection_cpp.dir/rosidl_typesupport_introspection_cpp/my_interfaces/msg/detail/multiple_obstacles__type_support.cpp.o[0m
[3.247s] [ 23%] [32mBuilding CXX object CMakeFiles/my_interfaces__rosidl_typesupport_introspection_cpp.dir/rosidl_typesupport_introspection_cpp/my_interfaces/msg/detail/aircraft_data__type_support.cpp.o[0m
[3.248s] [ 24%] [32mBuilding CXX object CMakeFiles/my_interfaces__rosidl_typesupport_introspection_cpp.dir/rosidl_typesupport_introspection_cpp/my_interfaces/msg/detail/single_target_estimate__type_support.cpp.o[0m
[3.248s] [ 25%] [32mBuilding CXX object CMakeFiles/my_interfaces__rosidl_typesupport_introspection_cpp.dir/rosidl_typesupport_introspection_cpp/my_interfaces/msg/detail/agent_data__type_support.cpp.o[0m
[3.250s] [ 26%] [32mBuilding CXX object CMakeFiles/my_interfaces__rosidl_typesupport_introspection_cpp.dir/rosidl_typesupport_introspection_cpp/my_interfaces/msg/detail/multiple_target_estimates__type_support.cpp.o[0m
[3.439s] [ 27%] [32mBuilding CXX object CMakeFiles/my_interfaces__rosidl_typesupport_fastrtps_c.dir/rosidl_typesupport_fastrtps_c/my_interfaces/msg/detail/ck_table__type_support_c.cpp.o[0m
[3.621s] [ 28%] [32mBuilding CXX object CMakeFiles/my_interfaces__rosidl_typesupport_fastrtps_c.dir/rosidl_typesupport_fastrtps_c/my_interfaces/msg/detail/agent_data__type_support_c.cpp.o[0m
[3.691s] [ 29%] [32mBuilding CXX object CMakeFiles/my_interfaces__rosidl_typesupport_fastrtps_c.dir/rosidl_typesupport_fastrtps_c/my_interfaces/msg/detail/aircraft_data__type_support_c.cpp.o[0m
[3.706s] [ 30%] [32mBuilding CXX object CMakeFiles/my_interfaces__rosidl_typesupport_introspection_cpp.dir/rosidl_typesupport_introspection_cpp/my_interfaces/msg/detail/obs_avoidance_debug__type_support.cpp.o[0m
[3.736s] [ 31%] [32mBuilding CXX object CMakeFiles/my_interfaces__rosidl_typesupport_introspection_cpp.dir/rosidl_typesupport_introspection_cpp/my_interfaces/msg/detail/joystick_data__type_support.cpp.o[0m
[3.749s] [ 32%] [32mBuilding CXX object CMakeFiles/my_interfaces__rosidl_typesupport_fastrtps_c.dir/rosidl_typesupport_fastrtps_c/my_interfaces/msg/detail/single_obstacle__type_support_c.cpp.o[0m
[3.769s] [ 33%] [32mBuilding CXX object CMakeFiles/my_interfaces__rosidl_typesupport_fastrtps_c.dir/rosidl_typesupport_fastrtps_c/my_interfaces/msg/detail/multiple_obstacles__type_support_c.cpp.o[0m
[3.828s] [ 34%] [32mBuilding CXX object CMakeFiles/my_interfaces__rosidl_typesupport_fastrtps_c.dir/rosidl_typesupport_fastrtps_c/my_interfaces/msg/detail/single_target_estimate__type_support_c.cpp.o[0m
[3.855s] [ 35%] [32mBuilding CXX object CMakeFiles/my_interfaces__rosidl_typesupport_fastrtps_c.dir/rosidl_typesupport_fastrtps_c/my_interfaces/msg/detail/multiple_target_estimates__type_support_c.cpp.o[0m
[3.893s] [ 36%] [32mBuilding CXX object CMakeFiles/my_interfaces__rosidl_typesupport_cpp.dir/rosidl_typesupport_cpp/my_interfaces/msg/ck_table__type_support.cpp.o[0m
[3.976s] [ 37%] [32mBuilding CXX object CMakeFiles/my_interfaces__rosidl_typesupport_cpp.dir/rosidl_typesupport_cpp/my_interfaces/msg/agent_data__type_support.cpp.o[0m
[4.064s] [ 38%] [32mBuilding CXX object CMakeFiles/my_interfaces__rosidl_typesupport_c.dir/rosidl_typesupport_c/my_interfaces/msg/ck_table__type_support.cpp.o[0m
[4.068s] [ 40%] [32mBuilding C object CMakeFiles/my_interfaces__rosidl_typesupport_introspection_c.dir/rosidl_typesupport_introspection_c/my_interfaces/msg/detail/ck_table__type_support.c.o[0m
[4.102s] [ 41%] [32mBuilding CXX object CMakeFiles/my_interfaces__rosidl_typesupport_fastrtps_c.dir/rosidl_typesupport_fastrtps_c/my_interfaces/msg/detail/obs_avoidance_debug__type_support_c.cpp.o[0m
[4.107s] [ 42%] [32mBuilding CXX object CMakeFiles/my_interfaces__rosidl_typesupport_c.dir/rosidl_typesupport_c/my_interfaces/msg/agent_data__type_support.cpp.o[0m
[4.131s] [ 43%] [32mBuilding C object CMakeFiles/my_interfaces__rosidl_typesupport_introspection_c.dir/rosidl_typesupport_introspection_c/my_interfaces/msg/detail/agent_data__type_support.c.o[0m
[4.138s] [ 44%] [32mBuilding CXX object CMakeFiles/my_interfaces__rosidl_typesupport_c.dir/rosidl_typesupport_c/my_interfaces/msg/aircraft_data__type_support.cpp.o[0m
[4.143s] [ 46%] [32mBuilding CXX object CMakeFiles/my_interfaces__rosidl_typesupport_cpp.dir/rosidl_typesupport_cpp/my_interfaces/msg/aircraft_data__type_support.cpp.o[0m
[4.143s] [ 46%] [32mBuilding CXX object CMakeFiles/my_interfaces__rosidl_typesupport_cpp.dir/rosidl_typesupport_cpp/my_interfaces/msg/single_obstacle__type_support.cpp.o[0m
[4.161s] [ 47%] [32mBuilding CXX object CMakeFiles/my_interfaces__rosidl_typesupport_fastrtps_cpp.dir/rosidl_typesupport_fastrtps_cpp/my_interfaces/msg/detail/dds_fastrtps/ck_table__type_support.cpp.o[0m
[4.165s] [ 48%] [32mBuilding CXX object CMakeFiles/my_interfaces__rosidl_typesupport_fastrtps_c.dir/rosidl_typesupport_fastrtps_c/my_interfaces/msg/detail/joystick_data__type_support_c.cpp.o[0m
[4.174s] [ 49%] [32mBuilding CXX object CMakeFiles/my_interfaces__rosidl_typesupport_c.dir/rosidl_typesupport_c/my_interfaces/msg/single_obstacle__type_support.cpp.o[0m
[4.178s] [ 50%] [32mBuilding CXX object CMakeFiles/my_interfaces__rosidl_typesupport_fastrtps_cpp.dir/rosidl_typesupport_fastrtps_cpp/my_interfaces/msg/detail/dds_fastrtps/agent_data__type_support.cpp.o[0m
[4.182s] [ 51%] [32mBuilding C object CMakeFiles/my_interfaces__rosidl_typesupport_introspection_c.dir/rosidl_typesupport_introspection_c/my_interfaces/msg/detail/aircraft_data__type_support.c.o[0m
[4.204s] [ 52%] [32mBuilding CXX object CMakeFiles/my_interfaces__rosidl_typesupport_fastrtps_cpp.dir/rosidl_typesupport_fastrtps_cpp/my_interfaces/msg/detail/dds_fastrtps/aircraft_data__type_support.cpp.o[0m
[4.208s] [ 53%] [32mBuilding CXX object CMakeFiles/my_interfaces__rosidl_typesupport_c.dir/rosidl_typesupport_c/my_interfaces/msg/multiple_obstacles__type_support.cpp.o[0m
[4.219s] [ 54%] [32mBuilding C object CMakeFiles/my_interfaces__rosidl_typesupport_introspection_c.dir/rosidl_typesupport_introspection_c/my_interfaces/msg/detail/single_obstacle__type_support.c.o[0m
[4.226s] [ 56%] [32mBuilding CXX object CMakeFiles/my_interfaces__rosidl_typesupport_c.dir/rosidl_typesupport_c/my_interfaces/msg/single_target_estimate__type_support.cpp.o[0m
[4.226s] [ 56%] [32m[1mLinking CXX shared library libmy_interfaces__rosidl_typesupport_introspection_cpp.so[0m
[4.238s] [ 57%] [32mBuilding CXX object CMakeFiles/my_interfaces__rosidl_typesupport_fastrtps_cpp.dir/rosidl_typesupport_fastrtps_cpp/my_interfaces/msg/detail/dds_fastrtps/single_obstacle__type_support.cpp.o[0m
[4.252s] [ 60%] [32mBuilding CXX object CMakeFiles/my_interfaces__rosidl_typesupport_c.dir/rosidl_typesupport_c/my_interfaces/msg/multiple_target_estimates__type_support.cpp.o[0m
[4.252s] [ 60%] [32mBuilding C object CMakeFiles/my_interfaces__rosidl_typesupport_introspection_c.dir/rosidl_typesupport_introspection_c/my_interfaces/msg/detail/multiple_obstacles__type_support.c.o[0m
[4.281s] [ 61%] [32mBuilding CXX object CMakeFiles/my_interfaces__rosidl_typesupport_c.dir/rosidl_typesupport_c/my_interfaces/msg/obs_avoidance_debug__type_support.cpp.o[0m
[4.287s] [ 62%] [32mBuilding C object CMakeFiles/my_interfaces__rosidl_typesupport_introspection_c.dir/rosidl_typesupport_introspection_c/my_interfaces/msg/detail/single_target_estimate__type_support.c.o[0m
[4.289s] [ 63%] [32mBuilding CXX object CMakeFiles/my_interfaces__rosidl_typesupport_c.dir/rosidl_typesupport_c/my_interfaces/msg/joystick_data__type_support.cpp.o[0m
[4.312s] [ 64%] [32mBuilding CXX object CMakeFiles/my_interfaces__rosidl_typesupport_cpp.dir/rosidl_typesupport_cpp/my_interfaces/msg/multiple_obstacles__type_support.cpp.o[0m
[4.319s] [ 65%] [32m[1mLinking CXX shared library libmy_interfaces__rosidl_typesupport_c.so[0m
[4.320s] [ 66%] [32mBuilding C object CMakeFiles/my_interfaces__rosidl_typesupport_introspection_c.dir/rosidl_typesupport_introspection_c/my_interfaces/msg/detail/multiple_target_estimates__type_support.c.o[0m
[4.349s] [ 66%] Built target my_interfaces__rosidl_typesupport_introspection_cpp
[4.358s] [ 67%] [32mBuilding CXX object CMakeFiles/my_interfaces__rosidl_typesupport_fastrtps_cpp.dir/rosidl_typesupport_fastrtps_cpp/my_interfaces/msg/detail/dds_fastrtps/multiple_obstacles__type_support.cpp.o[0m
[4.364s] [ 68%] [32mBuilding C object CMakeFiles/my_interfaces__rosidl_typesupport_introspection_c.dir/rosidl_typesupport_introspection_c/my_interfaces/msg/detail/obs_avoidance_debug__type_support.c.o[0m
[4.369s] [ 68%] Built target my_interfaces__rosidl_typesupport_c
[4.382s] [ 69%] [32mBuilding CXX object CMakeFiles/my_interfaces__rosidl_typesupport_fastrtps_cpp.dir/rosidl_typesupport_fastrtps_cpp/my_interfaces/msg/detail/dds_fastrtps/single_target_estimate__type_support.cpp.o[0m
[4.401s] [ 70%] [32mBuilding C object CMakeFiles/my_interfaces__rosidl_typesupport_introspection_c.dir/rosidl_typesupport_introspection_c/my_interfaces/msg/detail/joystick_data__type_support.c.o[0m
[4.435s] [ 71%] [32m[1mLinking C shared library libmy_interfaces__rosidl_typesupport_introspection_c.so[0m
[4.454s] [ 72%] [32mBuilding CXX object CMakeFiles/my_interfaces__rosidl_typesupport_cpp.dir/rosidl_typesupport_cpp/my_interfaces/msg/single_target_estimate__type_support.cpp.o[0m
[4.455s] [ 73%] [32mBuilding CXX object CMakeFiles/my_interfaces__rosidl_typesupport_fastrtps_cpp.dir/rosidl_typesupport_fastrtps_cpp/my_interfaces/msg/detail/dds_fastrtps/multiple_target_estimates__type_support.cpp.o[0m
[4.462s] [ 74%] [32mBuilding CXX object CMakeFiles/my_interfaces__rosidl_typesupport_fastrtps_cpp.dir/rosidl_typesupport_fastrtps_cpp/my_interfaces/msg/detail/dds_fastrtps/obs_avoidance_debug__type_support.cpp.o[0m
[4.473s] [ 74%] Built target my_interfaces__rosidl_typesupport_introspection_c
[4.481s] [ 75%] [32mBuilding CXX object CMakeFiles/my_interfaces__rosidl_typesupport_cpp.dir/rosidl_typesupport_cpp/my_interfaces/msg/multiple_target_estimates__type_support.cpp.o[0m
[4.557s] [ 76%] [32mBuilding CXX object CMakeFiles/my_interfaces__rosidl_typesupport_fastrtps_cpp.dir/rosidl_typesupport_fastrtps_cpp/my_interfaces/msg/detail/dds_fastrtps/joystick_data__type_support.cpp.o[0m
[4.572s] [ 77%] [32m[1mLinking CXX shared library libmy_interfaces__rosidl_typesupport_fastrtps_c.so[0m
[4.613s] [ 78%] [32mBuilding CXX object CMakeFiles/my_interfaces__rosidl_typesupport_cpp.dir/rosidl_typesupport_cpp/my_interfaces/msg/obs_avoidance_debug__type_support.cpp.o[0m
[4.672s] [ 80%] [32mBuilding CXX object CMakeFiles/my_interfaces__rosidl_typesupport_cpp.dir/rosidl_typesupport_cpp/my_interfaces/msg/joystick_data__type_support.cpp.o[0m
[4.682s] [ 80%] Built target my_interfaces__rosidl_typesupport_fastrtps_c
[4.896s] [ 81%] [32m[1mLinking CXX shared library libmy_interfaces__rosidl_typesupport_cpp.so[0m
[4.929s] [ 81%] Built target my_interfaces__rosidl_typesupport_cpp
[4.963s] [ 82%] [32m[1mLinking CXX shared library libmy_interfaces__rosidl_typesupport_fastrtps_cpp.so[0m
[5.024s] [ 82%] Built target my_interfaces__rosidl_typesupport_fastrtps_cpp
[5.045s] [ 82%] Built target my_interfaces
[5.084s] [ 83%] [34m[1mGenerating Python code for ROS interfaces[0m
[6.628s] [ 83%] Built target my_interfaces__py
[6.657s] [ 84%] [32mBuilding C object CMakeFiles/my_interfaces__rosidl_generator_py.dir/rosidl_generator_py/my_interfaces/msg/_multiple_target_estimates_s.c.o[0m
[6.657s] [ 87%] [32mBuilding C object CMakeFiles/my_interfaces__rosidl_generator_py.dir/rosidl_generator_py/my_interfaces/msg/_agent_data_s.c.o[0m
[6.657s] [ 87%] [32mBuilding C object CMakeFiles/my_interfaces__rosidl_generator_py.dir/rosidl_generator_py/my_interfaces/msg/_single_obstacle_s.c.o[0m
[6.658s] [ 87%] [32mBuilding C object CMakeFiles/my_interfaces__rosidl_generator_py.dir/rosidl_generator_py/my_interfaces/msg/_ck_table_s.c.o[0m
[6.658s] [ 88%] [32mBuilding C object CMakeFiles/my_interfaces__rosidl_generator_py.dir/rosidl_generator_py/my_interfaces/msg/_aircraft_data_s.c.o[0m
[6.658s] [ 90%] [32mBuilding C object CMakeFiles/my_interfaces__rosidl_generator_py.dir/rosidl_generator_py/my_interfaces/msg/_joystick_data_s.c.o[0m
[6.659s] [ 90%] [32mBuilding C object CMakeFiles/my_interfaces__rosidl_generator_py.dir/rosidl_generator_py/my_interfaces/msg/_multiple_obstacles_s.c.o[0m
[6.660s] [ 91%] [32mBuilding C object CMakeFiles/my_interfaces__rosidl_generator_py.dir/rosidl_generator_py/my_interfaces/msg/_single_target_estimate_s.c.o[0m
[6.661s] [ 92%] [32mBuilding C object CMakeFiles/my_interfaces__rosidl_generator_py.dir/rosidl_generator_py/my_interfaces/msg/_obs_avoidance_debug_s.c.o[0m
[6.805s] [ 93%] [32m[1mLinking C shared library rosidl_generator_py/my_interfaces/libmy_interfaces__rosidl_generator_py.so[0m
[6.846s] [ 93%] Built target my_interfaces__rosidl_generator_py
[6.868s] [ 94%] [32mBuilding C object CMakeFiles/my_interfaces__rosidl_typesupport_fastrtps_c__pyext.dir/rosidl_generator_py/my_interfaces/_my_interfaces_s.ep.rosidl_typesupport_fastrtps_c.c.o[0m
[6.869s] [ 95%] [32mBuilding C object CMakeFiles/my_interfaces__rosidl_typesupport_c__pyext.dir/rosidl_generator_py/my_interfaces/_my_interfaces_s.ep.rosidl_typesupport_c.c.o[0m
[6.870s] [ 96%] [32mBuilding C object CMakeFiles/my_interfaces__rosidl_typesupport_introspection_c__pyext.dir/rosidl_generator_py/my_interfaces/_my_interfaces_s.ep.rosidl_typesupport_introspection_c.c.o[0m
[6.938s] [ 97%] [32m[1mLinking C shared library rosidl_generator_py/my_interfaces/my_interfaces_s__rosidl_typesupport_fastrtps_c.cpython-310-x86_64-linux-gnu.so[0m
[6.939s] [ 98%] [32m[1mLinking C shared library rosidl_generator_py/my_interfaces/my_interfaces_s__rosidl_typesupport_introspection_c.cpython-310-x86_64-linux-gnu.so[0m
[6.966s] [ 98%] Built target my_interfaces__rosidl_typesupport_introspection_c__pyext
[6.973s] [ 98%] Built target my_interfaces__rosidl_typesupport_fastrtps_c__pyext
[6.973s] [100%] [32m[1mLinking C shared library rosidl_generator_py/my_interfaces/my_interfaces_s__rosidl_typesupport_c.cpython-310-x86_64-linux-gnu.so[0m
[7.019s] [100%] Built target my_interfaces__rosidl_typesupport_c__pyext
[7.036s] Invoked command in '/home/avavvas/dipl/build/my_interfaces' returned '0': CMAKE_PREFIX_PATH=${CMAKE_PREFIX_PATH}:/home/avavvas/dipl/install/ergodic_exploration:/opt/ros/humble VIRTUAL_ENV_PROMPT=(venv) /usr/bin/cmake --build /home/avavvas/dipl/build/my_interfaces -- -j12 -l12
[7.048s] Invoking command in '/home/avavvas/dipl/build/my_interfaces': CMAKE_PREFIX_PATH=${CMAKE_PREFIX_PATH}:/home/avavvas/dipl/install/ergodic_exploration:/opt/ros/humble VIRTUAL_ENV_PROMPT=(venv) /usr/bin/cmake --install /home/avavvas/dipl/build/my_interfaces
[7.057s] -- Install configuration: ""
[7.057s] -- Execute custom install script
[7.058s] -- Symlinking: /home/avavvas/dipl/install/my_interfaces/share/ament_index/resource_index/rosidl_interfaces/my_interfaces
[7.067s] -- Symlinking: /home/avavvas/dipl/install/my_interfaces/include/my_interfaces/my_interfaces/msg/agent_data.h
[7.076s] -- Symlinking: /home/avavvas/dipl/install/my_interfaces/include/my_interfaces/my_interfaces/msg/aircraft_data.h
[7.087s] -- Symlinking: /home/avavvas/dipl/install/my_interfaces/include/my_interfaces/my_interfaces/msg/ck_table.h
[7.100s] -- Symlinking: /home/avavvas/dipl/install/my_interfaces/include/my_interfaces/my_interfaces/msg/detail/agent_data__functions.h
[7.109s] -- Symlinking: /home/avavvas/dipl/install/my_interfaces/include/my_interfaces/my_interfaces/msg/detail/agent_data__struct.h
[7.118s] -- Symlinking: /home/avavvas/dipl/install/my_interfaces/include/my_interfaces/my_interfaces/msg/detail/agent_data__type_support.h
[7.122s] -- Symlinking: /home/avavvas/dipl/install/my_interfaces/include/my_interfaces/my_interfaces/msg/detail/aircraft_data__functions.h
[7.129s] -- Symlinking: /home/avavvas/dipl/install/my_interfaces/include/my_interfaces/my_interfaces/msg/detail/aircraft_data__struct.h
[7.136s] -- Symlinking: /home/avavvas/dipl/install/my_interfaces/include/my_interfaces/my_interfaces/msg/detail/aircraft_data__type_support.h
[7.145s] -- Symlinking: /home/avavvas/dipl/install/my_interfaces/include/my_interfaces/my_interfaces/msg/detail/ck_table__functions.h
[7.155s] -- Symlinking: /home/avavvas/dipl/install/my_interfaces/include/my_interfaces/my_interfaces/msg/detail/ck_table__struct.h
[7.166s] -- Symlinking: /home/avavvas/dipl/install/my_interfaces/include/my_interfaces/my_interfaces/msg/detail/ck_table__type_support.h
[7.177s] -- Symlinking: /home/avavvas/dipl/install/my_interfaces/include/my_interfaces/my_interfaces/msg/detail/joystick_data__functions.h
[7.187s] -- Symlinking: /home/avavvas/dipl/install/my_interfaces/include/my_interfaces/my_interfaces/msg/detail/joystick_data__struct.h
[7.198s] -- Symlinking: /home/avavvas/dipl/install/my_interfaces/include/my_interfaces/my_interfaces/msg/detail/joystick_data__type_support.h
[7.207s] -- Symlinking: /home/avavvas/dipl/install/my_interfaces/include/my_interfaces/my_interfaces/msg/detail/multiple_obstacles__functions.h
[7.216s] -- Symlinking: /home/avavvas/dipl/install/my_interfaces/include/my_interfaces/my_interfaces/msg/detail/multiple_obstacles__struct.h
[7.225s] -- Symlinking: /home/avavvas/dipl/install/my_interfaces/include/my_interfaces/my_interfaces/msg/detail/multiple_obstacles__type_support.h
[7.235s] -- Symlinking: /home/avavvas/dipl/install/my_interfaces/include/my_interfaces/my_interfaces/msg/detail/multiple_target_estimates__functions.h
[7.246s] -- Symlinking: /home/avavvas/dipl/install/my_interfaces/include/my_interfaces/my_interfaces/msg/detail/multiple_target_estimates__struct.h
[7.257s] -- Symlinking: /home/avavvas/dipl/install/my_interfaces/include/my_interfaces/my_interfaces/msg/detail/multiple_target_estimates__type_support.h
[7.268s] -- Symlinking: /home/avavvas/dipl/install/my_interfaces/include/my_interfaces/my_interfaces/msg/detail/obs_avoidance_debug__functions.h
[7.280s] -- Symlinking: /home/avavvas/dipl/install/my_interfaces/include/my_interfaces/my_interfaces/msg/detail/obs_avoidance_debug__struct.h
[7.291s] -- Symlinking: /home/avavvas/dipl/install/my_interfaces/include/my_interfaces/my_interfaces/msg/detail/obs_avoidance_debug__type_support.h
[7.300s] -- Symlinking: /home/avavvas/dipl/install/my_interfaces/include/my_interfaces/my_interfaces/msg/detail/single_obstacle__functions.h
[7.311s] -- Symlinking: /home/avavvas/dipl/install/my_interfaces/include/my_interfaces/my_interfaces/msg/detail/single_obstacle__struct.h
[7.320s] -- Symlinking: /home/avavvas/dipl/install/my_interfaces/include/my_interfaces/my_interfaces/msg/detail/single_obstacle__type_support.h
[7.327s] -- Symlinking: /home/avavvas/dipl/install/my_interfaces/include/my_interfaces/my_interfaces/msg/detail/single_target_estimate__functions.h
[7.333s] -- Symlinking: /home/avavvas/dipl/install/my_interfaces/include/my_interfaces/my_interfaces/msg/detail/single_target_estimate__struct.h
[7.342s] -- Symlinking: /home/avavvas/dipl/install/my_interfaces/include/my_interfaces/my_interfaces/msg/detail/single_target_estimate__type_support.h
[7.351s] -- Symlinking: /home/avavvas/dipl/install/my_interfaces/include/my_interfaces/my_interfaces/msg/joystick_data.h
[7.360s] -- Symlinking: /home/avavvas/dipl/install/my_interfaces/include/my_interfaces/my_interfaces/msg/multiple_obstacles.h
[7.371s] -- Symlinking: /home/avavvas/dipl/install/my_interfaces/include/my_interfaces/my_interfaces/msg/multiple_target_estimates.h
[7.383s] -- Symlinking: /home/avavvas/dipl/install/my_interfaces/include/my_interfaces/my_interfaces/msg/obs_avoidance_debug.h
[7.390s] -- Symlinking: /home/avavvas/dipl/install/my_interfaces/include/my_interfaces/my_interfaces/msg/rosidl_generator_c__visibility_control.h
[7.397s] -- Symlinking: /home/avavvas/dipl/install/my_interfaces/include/my_interfaces/my_interfaces/msg/single_obstacle.h
[7.404s] -- Symlinking: /home/avavvas/dipl/install/my_interfaces/include/my_interfaces/my_interfaces/msg/single_target_estimate.h
[7.410s] -- Symlinking: /home/avavvas/dipl/install/my_interfaces/share/my_interfaces/environment/library_path.sh
[7.416s] -- Symlinking: /home/avavvas/dipl/install/my_interfaces/share/my_interfaces/environment/library_path.dsv
[7.424s] -- Symlinking: /home/avavvas/dipl/install/my_interfaces/include/my_interfaces/my_interfaces/msg/detail/agent_data__rosidl_typesupport_fastrtps_c.h
[7.435s] -- Symlinking: /home/avavvas/dipl/install/my_interfaces/include/my_interfaces/my_interfaces/msg/detail/aircraft_data__rosidl_typesupport_fastrtps_c.h
[7.444s] -- Symlinking: /home/avavvas/dipl/install/my_interfaces/include/my_interfaces/my_interfaces/msg/detail/ck_table__rosidl_typesupport_fastrtps_c.h
[7.452s] -- Symlinking: /home/avavvas/dipl/install/my_interfaces/include/my_interfaces/my_interfaces/msg/detail/joystick_data__rosidl_typesupport_fastrtps_c.h
[7.462s] -- Symlinking: /home/avavvas/dipl/install/my_interfaces/include/my_interfaces/my_interfaces/msg/detail/multiple_obstacles__rosidl_typesupport_fastrtps_c.h
[7.473s] -- Symlinking: /home/avavvas/dipl/install/my_interfaces/include/my_interfaces/my_interfaces/msg/detail/multiple_target_estimates__rosidl_typesupport_fastrtps_c.h
[7.484s] -- Symlinking: /home/avavvas/dipl/install/my_interfaces/include/my_interfaces/my_interfaces/msg/detail/obs_avoidance_debug__rosidl_typesupport_fastrtps_c.h
[7.492s] -- Symlinking: /home/avavvas/dipl/install/my_interfaces/include/my_interfaces/my_interfaces/msg/detail/single_obstacle__rosidl_typesupport_fastrtps_c.h
[7.497s] -- Symlinking: /home/avavvas/dipl/install/my_interfaces/include/my_interfaces/my_interfaces/msg/detail/single_target_estimate__rosidl_typesupport_fastrtps_c.h
[7.502s] -- Symlinking: /home/avavvas/dipl/install/my_interfaces/include/my_interfaces/my_interfaces/msg/rosidl_typesupport_fastrtps_c__visibility_control.h
[7.511s] -- Symlinking: /home/avavvas/dipl/install/my_interfaces/include/my_interfaces/my_interfaces/msg/detail/agent_data__rosidl_typesupport_introspection_c.h
[7.522s] -- Symlinking: /home/avavvas/dipl/install/my_interfaces/include/my_interfaces/my_interfaces/msg/detail/aircraft_data__rosidl_typesupport_introspection_c.h
[7.531s] -- Symlinking: /home/avavvas/dipl/install/my_interfaces/include/my_interfaces/my_interfaces/msg/detail/ck_table__rosidl_typesupport_introspection_c.h
[7.537s] -- Symlinking: /home/avavvas/dipl/install/my_interfaces/include/my_interfaces/my_interfaces/msg/detail/joystick_data__rosidl_typesupport_introspection_c.h
[7.544s] -- Symlinking: /home/avavvas/dipl/install/my_interfaces/include/my_interfaces/my_interfaces/msg/detail/multiple_obstacles__rosidl_typesupport_introspection_c.h
[7.550s] -- Symlinking: /home/avavvas/dipl/install/my_interfaces/include/my_interfaces/my_interfaces/msg/detail/multiple_target_estimates__rosidl_typesupport_introspection_c.h
[7.557s] -- Symlinking: /home/avavvas/dipl/install/my_interfaces/include/my_interfaces/my_interfaces/msg/detail/obs_avoidance_debug__rosidl_typesupport_introspection_c.h
[7.564s] -- Symlinking: /home/avavvas/dipl/install/my_interfaces/include/my_interfaces/my_interfaces/msg/detail/single_obstacle__rosidl_typesupport_introspection_c.h
[7.573s] -- Symlinking: /home/avavvas/dipl/install/my_interfaces/include/my_interfaces/my_interfaces/msg/detail/single_target_estimate__rosidl_typesupport_introspection_c.h
[7.583s] -- Symlinking: /home/avavvas/dipl/install/my_interfaces/include/my_interfaces/my_interfaces/msg/rosidl_typesupport_introspection_c__visibility_control.h
[7.594s] -- Symlinking: /home/avavvas/dipl/install/my_interfaces/include/my_interfaces/my_interfaces/msg/agent_data.hpp
[7.603s] -- Symlinking: /home/avavvas/dipl/install/my_interfaces/include/my_interfaces/my_interfaces/msg/aircraft_data.hpp
[7.612s] -- Symlinking: /home/avavvas/dipl/install/my_interfaces/include/my_interfaces/my_interfaces/msg/ck_table.hpp
[7.619s] -- Symlinking: /home/avavvas/dipl/install/my_interfaces/include/my_interfaces/my_interfaces/msg/detail/agent_data__builder.hpp
[7.626s] -- Symlinking: /home/avavvas/dipl/install/my_interfaces/include/my_interfaces/my_interfaces/msg/detail/agent_data__struct.hpp
[7.631s] -- Symlinking: /home/avavvas/dipl/install/my_interfaces/include/my_interfaces/my_interfaces/msg/detail/agent_data__traits.hpp
[7.638s] -- Symlinking: /home/avavvas/dipl/install/my_interfaces/include/my_interfaces/my_interfaces/msg/detail/agent_data__type_support.hpp
[7.643s] -- Symlinking: /home/avavvas/dipl/install/my_interfaces/include/my_interfaces/my_interfaces/msg/detail/aircraft_data__builder.hpp
[7.650s] -- Symlinking: /home/avavvas/dipl/install/my_interfaces/include/my_interfaces/my_interfaces/msg/detail/aircraft_data__struct.hpp
[7.655s] -- Symlinking: /home/avavvas/dipl/install/my_interfaces/include/my_interfaces/my_interfaces/msg/detail/aircraft_data__traits.hpp
[7.662s] -- Symlinking: /home/avavvas/dipl/install/my_interfaces/include/my_interfaces/my_interfaces/msg/detail/aircraft_data__type_support.hpp
[7.667s] -- Symlinking: /home/avavvas/dipl/install/my_interfaces/include/my_interfaces/my_interfaces/msg/detail/ck_table__builder.hpp
[7.674s] -- Symlinking: /home/avavvas/dipl/install/my_interfaces/include/my_interfaces/my_interfaces/msg/detail/ck_table__struct.hpp
[7.679s] -- Symlinking: /home/avavvas/dipl/install/my_interfaces/include/my_interfaces/my_interfaces/msg/detail/ck_table__traits.hpp
[7.684s] -- Symlinking: /home/avavvas/dipl/install/my_interfaces/include/my_interfaces/my_interfaces/msg/detail/ck_table__type_support.hpp
[7.690s] -- Symlinking: /home/avavvas/dipl/install/my_interfaces/include/my_interfaces/my_interfaces/msg/detail/joystick_data__builder.hpp
[7.698s] -- Symlinking: /home/avavvas/dipl/install/my_interfaces/include/my_interfaces/my_interfaces/msg/detail/joystick_data__struct.hpp
[7.706s] -- Symlinking: /home/avavvas/dipl/install/my_interfaces/include/my_interfaces/my_interfaces/msg/detail/joystick_data__traits.hpp
[7.715s] -- Symlinking: /home/avavvas/dipl/install/my_interfaces/include/my_interfaces/my_interfaces/msg/detail/joystick_data__type_support.hpp
[7.727s] -- Symlinking: /home/avavvas/dipl/install/my_interfaces/include/my_interfaces/my_interfaces/msg/detail/multiple_obstacles__builder.hpp
[7.737s] -- Symlinking: /home/avavvas/dipl/install/my_interfaces/include/my_interfaces/my_interfaces/msg/detail/multiple_obstacles__struct.hpp
[7.747s] -- Symlinking: /home/avavvas/dipl/install/my_interfaces/include/my_interfaces/my_interfaces/msg/detail/multiple_obstacles__traits.hpp
[7.759s] -- Symlinking: /home/avavvas/dipl/install/my_interfaces/include/my_interfaces/my_interfaces/msg/detail/multiple_obstacles__type_support.hpp
[7.768s] -- Symlinking: /home/avavvas/dipl/install/my_interfaces/include/my_interfaces/my_interfaces/msg/detail/multiple_target_estimates__builder.hpp
[7.776s] -- Symlinking: /home/avavvas/dipl/install/my_interfaces/include/my_interfaces/my_interfaces/msg/detail/multiple_target_estimates__struct.hpp
[7.785s] -- Symlinking: /home/avavvas/dipl/install/my_interfaces/include/my_interfaces/my_interfaces/msg/detail/multiple_target_estimates__traits.hpp
[7.795s] -- Symlinking: /home/avavvas/dipl/install/my_interfaces/include/my_interfaces/my_interfaces/msg/detail/multiple_target_estimates__type_support.hpp
[7.806s] -- Symlinking: /home/avavvas/dipl/install/my_interfaces/include/my_interfaces/my_interfaces/msg/detail/obs_avoidance_debug__builder.hpp
[7.815s] -- Symlinking: /home/avavvas/dipl/install/my_interfaces/include/my_interfaces/my_interfaces/msg/detail/obs_avoidance_debug__struct.hpp
[7.825s] -- Symlinking: /home/avavvas/dipl/install/my_interfaces/include/my_interfaces/my_interfaces/msg/detail/obs_avoidance_debug__traits.hpp
[7.836s] -- Symlinking: /home/avavvas/dipl/install/my_interfaces/include/my_interfaces/my_interfaces/msg/detail/obs_avoidance_debug__type_support.hpp
[7.847s] -- Symlinking: /home/avavvas/dipl/install/my_interfaces/include/my_interfaces/my_interfaces/msg/detail/single_obstacle__builder.hpp
[7.857s] -- Symlinking: /home/avavvas/dipl/install/my_interfaces/include/my_interfaces/my_interfaces/msg/detail/single_obstacle__struct.hpp
[7.867s] -- Symlinking: /home/avavvas/dipl/install/my_interfaces/include/my_interfaces/my_interfaces/msg/detail/single_obstacle__traits.hpp
[7.879s] -- Symlinking: /home/avavvas/dipl/install/my_interfaces/include/my_interfaces/my_interfaces/msg/detail/single_obstacle__type_support.hpp
[7.889s] -- Symlinking: /home/avavvas/dipl/install/my_interfaces/include/my_interfaces/my_interfaces/msg/detail/single_target_estimate__builder.hpp
[7.899s] -- Symlinking: /home/avavvas/dipl/install/my_interfaces/include/my_interfaces/my_interfaces/msg/detail/single_target_estimate__struct.hpp
[7.910s] -- Symlinking: /home/avavvas/dipl/install/my_interfaces/include/my_interfaces/my_interfaces/msg/detail/single_target_estimate__traits.hpp
[7.917s] -- Symlinking: /home/avavvas/dipl/install/my_interfaces/include/my_interfaces/my_interfaces/msg/detail/single_target_estimate__type_support.hpp
[7.927s] -- Symlinking: /home/avavvas/dipl/install/my_interfaces/include/my_interfaces/my_interfaces/msg/joystick_data.hpp
[7.937s] -- Symlinking: /home/avavvas/dipl/install/my_interfaces/include/my_interfaces/my_interfaces/msg/multiple_obstacles.hpp
[7.946s] -- Symlinking: /home/avavvas/dipl/install/my_interfaces/include/my_interfaces/my_interfaces/msg/multiple_target_estimates.hpp
[7.954s] -- Symlinking: /home/avavvas/dipl/install/my_interfaces/include/my_interfaces/my_interfaces/msg/obs_avoidance_debug.hpp
[7.965s] -- Symlinking: /home/avavvas/dipl/install/my_interfaces/include/my_interfaces/my_interfaces/msg/rosidl_generator_cpp__visibility_control.hpp
[7.976s] -- Symlinking: /home/avavvas/dipl/install/my_interfaces/include/my_interfaces/my_interfaces/msg/single_obstacle.hpp
[7.983s] -- Symlinking: /home/avavvas/dipl/install/my_interfaces/include/my_interfaces/my_interfaces/msg/single_target_estimate.hpp
[7.993s] -- Symlinking: /home/avavvas/dipl/install/my_interfaces/include/my_interfaces/my_interfaces/msg/detail/agent_data__rosidl_typesupport_fastrtps_cpp.hpp
[8.004s] -- Symlinking: /home/avavvas/dipl/install/my_interfaces/include/my_interfaces/my_interfaces/msg/detail/aircraft_data__rosidl_typesupport_fastrtps_cpp.hpp
[8.017s] -- Symlinking: /home/avavvas/dipl/install/my_interfaces/include/my_interfaces/my_interfaces/msg/detail/ck_table__rosidl_typesupport_fastrtps_cpp.hpp
[8.026s] -- Symlinking: /home/avavvas/dipl/install/my_interfaces/include/my_interfaces/my_interfaces/msg/detail/joystick_data__rosidl_typesupport_fastrtps_cpp.hpp
[8.032s] -- Symlinking: /home/avavvas/dipl/install/my_interfaces/include/my_interfaces/my_interfaces/msg/detail/multiple_obstacles__rosidl_typesupport_fastrtps_cpp.hpp
[8.038s] -- Symlinking: /home/avavvas/dipl/install/my_interfaces/include/my_interfaces/my_interfaces/msg/detail/multiple_target_estimates__rosidl_typesupport_fastrtps_cpp.hpp
[8.048s] -- Symlinking: /home/avavvas/dipl/install/my_interfaces/include/my_interfaces/my_interfaces/msg/detail/obs_avoidance_debug__rosidl_typesupport_fastrtps_cpp.hpp
[8.063s] -- Symlinking: /home/avavvas/dipl/install/my_interfaces/include/my_interfaces/my_interfaces/msg/detail/single_obstacle__rosidl_typesupport_fastrtps_cpp.hpp
[8.077s] -- Symlinking: /home/avavvas/dipl/install/my_interfaces/include/my_interfaces/my_interfaces/msg/detail/single_target_estimate__rosidl_typesupport_fastrtps_cpp.hpp
[8.089s] -- Symlinking: /home/avavvas/dipl/install/my_interfaces/include/my_interfaces/my_interfaces/msg/rosidl_typesupport_fastrtps_cpp__visibility_control.h
[8.101s] -- Symlinking: /home/avavvas/dipl/install/my_interfaces/include/my_interfaces/my_interfaces/msg/detail/agent_data__rosidl_typesupport_introspection_cpp.hpp
[8.111s] -- Symlinking: /home/avavvas/dipl/install/my_interfaces/include/my_interfaces/my_interfaces/msg/detail/aircraft_data__rosidl_typesupport_introspection_cpp.hpp
[8.121s] -- Symlinking: /home/avavvas/dipl/install/my_interfaces/include/my_interfaces/my_interfaces/msg/detail/ck_table__rosidl_typesupport_introspection_cpp.hpp
[8.131s] -- Symlinking: /home/avavvas/dipl/install/my_interfaces/include/my_interfaces/my_interfaces/msg/detail/joystick_data__rosidl_typesupport_introspection_cpp.hpp
[8.142s] -- Symlinking: /home/avavvas/dipl/install/my_interfaces/include/my_interfaces/my_interfaces/msg/detail/multiple_obstacles__rosidl_typesupport_introspection_cpp.hpp
[8.151s] -- Symlinking: /home/avavvas/dipl/install/my_interfaces/include/my_interfaces/my_interfaces/msg/detail/multiple_target_estimates__rosidl_typesupport_introspection_cpp.hpp
[8.163s] -- Symlinking: /home/avavvas/dipl/install/my_interfaces/include/my_interfaces/my_interfaces/msg/detail/obs_avoidance_debug__rosidl_typesupport_introspection_cpp.hpp
[8.171s] -- Symlinking: /home/avavvas/dipl/install/my_interfaces/include/my_interfaces/my_interfaces/msg/detail/single_obstacle__rosidl_typesupport_introspection_cpp.hpp
[8.181s] -- Symlinking: /home/avavvas/dipl/install/my_interfaces/include/my_interfaces/my_interfaces/msg/detail/single_target_estimate__rosidl_typesupport_introspection_cpp.hpp
[8.191s] -- Symlinking: /home/avavvas/dipl/install/my_interfaces/share/my_interfaces/environment/pythonpath.sh
[8.201s] -- Symlinking: /home/avavvas/dipl/install/my_interfaces/share/my_interfaces/environment/pythonpath.dsv
[8.209s] -- Symlinking: /home/avavvas/dipl/install/my_interfaces/lib/python3.10/site-packages/my_interfaces-0.0.0-py3.10.egg-info/PKG-INFO
[8.220s] -- Symlinking: /home/avavvas/dipl/install/my_interfaces/lib/python3.10/site-packages/my_interfaces-0.0.0-py3.10.egg-info/SOURCES.txt
[8.230s] -- Symlinking: /home/avavvas/dipl/install/my_interfaces/lib/python3.10/site-packages/my_interfaces-0.0.0-py3.10.egg-info/dependency_links.txt
[8.241s] -- Symlinking: /home/avavvas/dipl/install/my_interfaces/lib/python3.10/site-packages/my_interfaces-0.0.0-py3.10.egg-info/top_level.txt
[8.252s] -- Symlinking: /home/avavvas/dipl/install/my_interfaces/lib/python3.10/site-packages/my_interfaces/__init__.py
[8.264s] -- Symlinking: /home/avavvas/dipl/install/my_interfaces/lib/python3.10/site-packages/my_interfaces/_my_interfaces_s.ep.rosidl_typesupport_c.c
[8.277s] -- Symlinking: /home/avavvas/dipl/install/my_interfaces/lib/python3.10/site-packages/my_interfaces/_my_interfaces_s.ep.rosidl_typesupport_fastrtps_c.c
[8.288s] -- Symlinking: /home/avavvas/dipl/install/my_interfaces/lib/python3.10/site-packages/my_interfaces/_my_interfaces_s.ep.rosidl_typesupport_introspection_c.c
[8.294s] -- Symlinking: /home/avavvas/dipl/install/my_interfaces/lib/python3.10/site-packages/my_interfaces/libmy_interfaces__rosidl_generator_py.so
[8.307s] -- Symlinking: /home/avavvas/dipl/install/my_interfaces/lib/python3.10/site-packages/my_interfaces/msg/__init__.py
[8.317s] -- Symlinking: /home/avavvas/dipl/install/my_interfaces/lib/python3.10/site-packages/my_interfaces/msg/_agent_data.py
[8.328s] -- Symlinking: /home/avavvas/dipl/install/my_interfaces/lib/python3.10/site-packages/my_interfaces/msg/_agent_data_s.c
[8.340s] -- Symlinking: /home/avavvas/dipl/install/my_interfaces/lib/python3.10/site-packages/my_interfaces/msg/_aircraft_data.py
[8.350s] -- Symlinking: /home/avavvas/dipl/install/my_interfaces/lib/python3.10/site-packages/my_interfaces/msg/_aircraft_data_s.c
[8.360s] -- Symlinking: /home/avavvas/dipl/install/my_interfaces/lib/python3.10/site-packages/my_interfaces/msg/_ck_table.py
[8.372s] -- Symlinking: /home/avavvas/dipl/install/my_interfaces/lib/python3.10/site-packages/my_interfaces/msg/_ck_table_s.c
[8.383s] -- Symlinking: /home/avavvas/dipl/install/my_interfaces/lib/python3.10/site-packages/my_interfaces/msg/_joystick_data.py
[8.392s] -- Symlinking: /home/avavvas/dipl/install/my_interfaces/lib/python3.10/site-packages/my_interfaces/msg/_joystick_data_s.c
[8.401s] -- Symlinking: /home/avavvas/dipl/install/my_interfaces/lib/python3.10/site-packages/my_interfaces/msg/_multiple_obstacles.py
[8.409s] -- Symlinking: /home/avavvas/dipl/install/my_interfaces/lib/python3.10/site-packages/my_interfaces/msg/_multiple_obstacles_s.c
[8.420s] -- Symlinking: /home/avavvas/dipl/install/my_interfaces/lib/python3.10/site-packages/my_interfaces/msg/_multiple_target_estimates.py
[8.431s] -- Symlinking: /home/avavvas/dipl/install/my_interfaces/lib/python3.10/site-packages/my_interfaces/msg/_multiple_target_estimates_s.c
[8.441s] -- Symlinking: /home/avavvas/dipl/install/my_interfaces/lib/python3.10/site-packages/my_interfaces/msg/_obs_avoidance_debug.py
[8.449s] -- Symlinking: /home/avavvas/dipl/install/my_interfaces/lib/python3.10/site-packages/my_interfaces/msg/_obs_avoidance_debug_s.c
[8.459s] -- Symlinking: /home/avavvas/dipl/install/my_interfaces/lib/python3.10/site-packages/my_interfaces/msg/_single_obstacle.py
[8.470s] -- Symlinking: /home/avavvas/dipl/install/my_interfaces/lib/python3.10/site-packages/my_interfaces/msg/_single_obstacle_s.c
[8.481s] -- Symlinking: /home/avavvas/dipl/install/my_interfaces/lib/python3.10/site-packages/my_interfaces/msg/_single_target_estimate.py
[8.490s] -- Symlinking: /home/avavvas/dipl/install/my_interfaces/lib/python3.10/site-packages/my_interfaces/msg/_single_target_estimate_s.c
[8.500s] -- Symlinking: /home/avavvas/dipl/install/my_interfaces/lib/python3.10/site-packages/my_interfaces/my_interfaces_s__rosidl_typesupport_c.cpython-310-x86_64-linux-gnu.so
[8.510s] -- Symlinking: /home/avavvas/dipl/install/my_interfaces/lib/python3.10/site-packages/my_interfaces/my_interfaces_s__rosidl_typesupport_fastrtps_c.cpython-310-x86_64-linux-gnu.so
[8.518s] -- Symlinking: /home/avavvas/dipl/install/my_interfaces/lib/python3.10/site-packages/my_interfaces/my_interfaces_s__rosidl_typesupport_introspection_c.cpython-310-x86_64-linux-gnu.so
[8.530s] -- Up-to-date symlink: /home/avavvas/dipl/install/my_interfaces/lib/python3.10/site-packages/my_interfaces/my_interfaces_s__rosidl_typesupport_fastrtps_c.cpython-310-x86_64-linux-gnu.so
[8.530s] -- Up-to-date symlink: /home/avavvas/dipl/install/my_interfaces/lib/python3.10/site-packages/my_interfaces/my_interfaces_s__rosidl_typesupport_introspection_c.cpython-310-x86_64-linux-gnu.so
[8.530s] -- Up-to-date symlink: /home/avavvas/dipl/install/my_interfaces/lib/python3.10/site-packages/my_interfaces/my_interfaces_s__rosidl_typesupport_c.cpython-310-x86_64-linux-gnu.so
[8.530s] -- Symlinking: /home/avavvas/dipl/install/my_interfaces/share/my_interfaces/msg/CkTable.idl
[8.539s] -- Symlinking: /home/avavvas/dipl/install/my_interfaces/share/my_interfaces/msg/AgentData.idl
[8.549s] -- Symlinking: /home/avavvas/dipl/install/my_interfaces/share/my_interfaces/msg/AircraftData.idl
[8.560s] -- Symlinking: /home/avavvas/dipl/install/my_interfaces/share/my_interfaces/msg/SingleObstacle.idl
[8.570s] -- Symlinking: /home/avavvas/dipl/install/my_interfaces/share/my_interfaces/msg/MultipleObstacles.idl
[8.582s] -- Symlinking: /home/avavvas/dipl/install/my_interfaces/share/my_interfaces/msg/SingleTargetEstimate.idl
[8.591s] -- Symlinking: /home/avavvas/dipl/install/my_interfaces/share/my_interfaces/msg/MultipleTargetEstimates.idl
[8.600s] -- Symlinking: /home/avavvas/dipl/install/my_interfaces/share/my_interfaces/msg/ObsAvoidanceDebug.idl
[8.610s] -- Symlinking: /home/avavvas/dipl/install/my_interfaces/share/my_interfaces/msg/JoystickData.idl
[8.619s] -- Symlinking: /home/avavvas/dipl/install/my_interfaces/share/my_interfaces/msg/CkTable.msg
[8.627s] -- Symlinking: /home/avavvas/dipl/install/my_interfaces/share/my_interfaces/msg/AgentData.msg
[8.638s] -- Symlinking: /home/avavvas/dipl/install/my_interfaces/share/my_interfaces/msg/AircraftData.msg
[8.643s] -- Symlinking: /home/avavvas/dipl/install/my_interfaces/share/my_interfaces/msg/SingleObstacle.msg
[8.651s] -- Symlinking: /home/avavvas/dipl/install/my_interfaces/share/my_interfaces/msg/MultipleObstacles.msg
[8.659s] -- Symlinking: /home/avavvas/dipl/install/my_interfaces/share/my_interfaces/msg/SingleTargetEstimate.msg
[8.668s] -- Symlinking: /home/avavvas/dipl/install/my_interfaces/share/my_interfaces/msg/MultipleTargetEstimates.msg
[8.680s] -- Symlinking: /home/avavvas/dipl/install/my_interfaces/share/my_interfaces/msg/ObsAvoidanceDebug.msg
[8.692s] -- Symlinking: /home/avavvas/dipl/install/my_interfaces/share/my_interfaces/msg/JoystickData.msg
[8.700s] -- Symlinking: /home/avavvas/dipl/install/my_interfaces/share/ament_index/resource_index/package_run_dependencies/my_interfaces
[8.710s] -- Symlinking: /home/avavvas/dipl/install/my_interfaces/share/ament_index/resource_index/parent_prefix_path/my_interfaces
[8.721s] -- Symlinking: /home/avavvas/dipl/install/my_interfaces/share/my_interfaces/environment/ament_prefix_path.sh
[8.729s] -- Symlinking: /home/avavvas/dipl/install/my_interfaces/share/my_interfaces/environment/ament_prefix_path.dsv
[8.738s] -- Symlinking: /home/avavvas/dipl/install/my_interfaces/share/my_interfaces/environment/path.sh
[8.750s] -- Symlinking: /home/avavvas/dipl/install/my_interfaces/share/my_interfaces/environment/path.dsv
[8.760s] -- Symlinking: /home/avavvas/dipl/install/my_interfaces/share/my_interfaces/local_setup.bash
[8.770s] -- Symlinking: /home/avavvas/dipl/install/my_interfaces/share/my_interfaces/local_setup.sh
[8.780s] -- Symlinking: /home/avavvas/dipl/install/my_interfaces/share/my_interfaces/local_setup.zsh
[8.789s] -- Symlinking: /home/avavvas/dipl/install/my_interfaces/share/my_interfaces/local_setup.dsv
[8.799s] -- Symlinking: /home/avavvas/dipl/install/my_interfaces/share/my_interfaces/package.dsv
[8.812s] -- Symlinking: /home/avavvas/dipl/install/my_interfaces/share/ament_index/resource_index/packages/my_interfaces
[8.823s] -- Symlinking: /home/avavvas/dipl/install/my_interfaces/share/my_interfaces/cmake/rosidl_cmake-extras.cmake
[8.831s] -- Symlinking: /home/avavvas/dipl/install/my_interfaces/share/my_interfaces/cmake/ament_cmake_export_dependencies-extras.cmake
[8.837s] -- Symlinking: /home/avavvas/dipl/install/my_interfaces/share/my_interfaces/cmake/ament_cmake_export_include_directories-extras.cmake
[8.844s] -- Symlinking: /home/avavvas/dipl/install/my_interfaces/share/my_interfaces/cmake/ament_cmake_export_libraries-extras.cmake
[8.851s] -- Symlinking: /home/avavvas/dipl/install/my_interfaces/share/my_interfaces/cmake/ament_cmake_export_targets-extras.cmake
[8.855s] -- Symlinking: /home/avavvas/dipl/install/my_interfaces/share/my_interfaces/cmake/rosidl_cmake_export_typesupport_targets-extras.cmake
[8.863s] -- Symlinking: /home/avavvas/dipl/install/my_interfaces/share/my_interfaces/cmake/rosidl_cmake_export_typesupport_libraries-extras.cmake
[8.875s] -- Symlinking: /home/avavvas/dipl/install/my_interfaces/share/my_interfaces/cmake/my_interfacesConfig.cmake
[8.883s] -- Symlinking: /home/avavvas/dipl/install/my_interfaces/share/my_interfaces/cmake/my_interfacesConfig-version.cmake
[8.895s] -- Symlinking: /home/avavvas/dipl/install/my_interfaces/share/my_interfaces/package.xml
[8.906s] -- Installing: /home/avavvas/dipl/install/my_interfaces/lib/libmy_interfaces__rosidl_generator_c.so
[8.906s] -- Set runtime path of "/home/avavvas/dipl/install/my_interfaces/lib/libmy_interfaces__rosidl_generator_c.so" to ""
[8.907s] -- Installing: /home/avavvas/dipl/install/my_interfaces/lib/libmy_interfaces__rosidl_typesupport_fastrtps_c.so
[8.907s] -- Set runtime path of "/home/avavvas/dipl/install/my_interfaces/lib/libmy_interfaces__rosidl_typesupport_fastrtps_c.so" to ""
[8.907s] -- Installing: /home/avavvas/dipl/install/my_interfaces/lib/libmy_interfaces__rosidl_typesupport_introspection_c.so
[8.907s] -- Set runtime path of "/home/avavvas/dipl/install/my_interfaces/lib/libmy_interfaces__rosidl_typesupport_introspection_c.so" to ""
[8.907s] -- Installing: /home/avavvas/dipl/install/my_interfaces/lib/libmy_interfaces__rosidl_typesupport_c.so
[8.907s] -- Set runtime path of "/home/avavvas/dipl/install/my_interfaces/lib/libmy_interfaces__rosidl_typesupport_c.so" to ""
[8.907s] -- Installing: /home/avavvas/dipl/install/my_interfaces/lib/libmy_interfaces__rosidl_typesupport_fastrtps_cpp.so
[8.908s] -- Set runtime path of "/home/avavvas/dipl/install/my_interfaces/lib/libmy_interfaces__rosidl_typesupport_fastrtps_cpp.so" to ""
[8.908s] -- Installing: /home/avavvas/dipl/install/my_interfaces/lib/libmy_interfaces__rosidl_typesupport_introspection_cpp.so
[8.908s] -- Set runtime path of "/home/avavvas/dipl/install/my_interfaces/lib/libmy_interfaces__rosidl_typesupport_introspection_cpp.so" to ""
[8.908s] -- Installing: /home/avavvas/dipl/install/my_interfaces/lib/libmy_interfaces__rosidl_typesupport_cpp.so
[8.908s] -- Set runtime path of "/home/avavvas/dipl/install/my_interfaces/lib/libmy_interfaces__rosidl_typesupport_cpp.so" to ""
[8.944s] Listing '/home/avavvas/dipl/install/my_interfaces/lib/python3.10/site-packages/my_interfaces'...
[8.944s] Compiling '/home/avavvas/dipl/install/my_interfaces/lib/python3.10/site-packages/my_interfaces/__init__.py'...
[8.944s] Listing '/home/avavvas/dipl/install/my_interfaces/lib/python3.10/site-packages/my_interfaces/msg'...
[8.944s] Compiling '/home/avavvas/dipl/install/my_interfaces/lib/python3.10/site-packages/my_interfaces/msg/__init__.py'...
[8.944s] Compiling '/home/avavvas/dipl/install/my_interfaces/lib/python3.10/site-packages/my_interfaces/msg/_agent_data.py'...
[8.944s] Compiling '/home/avavvas/dipl/install/my_interfaces/lib/python3.10/site-packages/my_interfaces/msg/_aircraft_data.py'...
[8.944s] Compiling '/home/avavvas/dipl/install/my_interfaces/lib/python3.10/site-packages/my_interfaces/msg/_ck_table.py'...
[8.944s] Compiling '/home/avavvas/dipl/install/my_interfaces/lib/python3.10/site-packages/my_interfaces/msg/_joystick_data.py'...
[8.944s] Compiling '/home/avavvas/dipl/install/my_interfaces/lib/python3.10/site-packages/my_interfaces/msg/_multiple_obstacles.py'...
[8.944s] Compiling '/home/avavvas/dipl/install/my_interfaces/lib/python3.10/site-packages/my_interfaces/msg/_multiple_target_estimates.py'...
[8.944s] Compiling '/home/avavvas/dipl/install/my_interfaces/lib/python3.10/site-packages/my_interfaces/msg/_obs_avoidance_debug.py'...
[8.944s] Compiling '/home/avavvas/dipl/install/my_interfaces/lib/python3.10/site-packages/my_interfaces/msg/_single_obstacle.py'...
[8.944s] Compiling '/home/avavvas/dipl/install/my_interfaces/lib/python3.10/site-packages/my_interfaces/msg/_single_target_estimate.py'...
[8.947s] -- Installing: /home/avavvas/dipl/install/my_interfaces/lib/libmy_interfaces__rosidl_generator_py.so
[8.947s] -- Set runtime path of "/home/avavvas/dipl/install/my_interfaces/lib/libmy_interfaces__rosidl_generator_py.so" to ""
[8.947s] -- Installing: /home/avavvas/dipl/install/my_interfaces/share/my_interfaces/cmake/export_my_interfaces__rosidl_generator_cExport.cmake
[8.947s] -- Installing: /home/avavvas/dipl/install/my_interfaces/share/my_interfaces/cmake/export_my_interfaces__rosidl_generator_cExport-noconfig.cmake
[8.947s] -- Installing: /home/avavvas/dipl/install/my_interfaces/share/my_interfaces/cmake/export_my_interfaces__rosidl_typesupport_fastrtps_cExport.cmake
[8.947s] -- Installing: /home/avavvas/dipl/install/my_interfaces/share/my_interfaces/cmake/export_my_interfaces__rosidl_typesupport_fastrtps_cExport-noconfig.cmake
[8.947s] -- Installing: /home/avavvas/dipl/install/my_interfaces/share/my_interfaces/cmake/my_interfaces__rosidl_typesupport_introspection_cExport.cmake
[8.947s] -- Installing: /home/avavvas/dipl/install/my_interfaces/share/my_interfaces/cmake/my_interfaces__rosidl_typesupport_introspection_cExport-noconfig.cmake
[8.947s] -- Installing: /home/avavvas/dipl/install/my_interfaces/share/my_interfaces/cmake/my_interfaces__rosidl_typesupport_cExport.cmake
[8.947s] -- Installing: /home/avavvas/dipl/install/my_interfaces/share/my_interfaces/cmake/my_interfaces__rosidl_typesupport_cExport-noconfig.cmake
[8.947s] -- Installing: /home/avavvas/dipl/install/my_interfaces/share/my_interfaces/cmake/export_my_interfaces__rosidl_generator_cppExport.cmake
[8.947s] -- Installing: /home/avavvas/dipl/install/my_interfaces/share/my_interfaces/cmake/export_my_interfaces__rosidl_typesupport_fastrtps_cppExport.cmake
[8.947s] -- Installing: /home/avavvas/dipl/install/my_interfaces/share/my_interfaces/cmake/export_my_interfaces__rosidl_typesupport_fastrtps_cppExport-noconfig.cmake
[8.947s] -- Installing: /home/avavvas/dipl/install/my_interfaces/share/my_interfaces/cmake/my_interfaces__rosidl_typesupport_introspection_cppExport.cmake
[8.947s] -- Installing: /home/avavvas/dipl/install/my_interfaces/share/my_interfaces/cmake/my_interfaces__rosidl_typesupport_introspection_cppExport-noconfig.cmake
[8.947s] -- Installing: /home/avavvas/dipl/install/my_interfaces/share/my_interfaces/cmake/my_interfaces__rosidl_typesupport_cppExport.cmake
[8.948s] -- Installing: /home/avavvas/dipl/install/my_interfaces/share/my_interfaces/cmake/my_interfaces__rosidl_typesupport_cppExport-noconfig.cmake
[8.948s] -- Installing: /home/avavvas/dipl/install/my_interfaces/share/my_interfaces/cmake/export_my_interfaces__rosidl_generator_pyExport.cmake
[8.948s] -- Installing: /home/avavvas/dipl/install/my_interfaces/share/my_interfaces/cmake/export_my_interfaces__rosidl_generator_pyExport-noconfig.cmake
[8.949s] Invoked command in '/home/avavvas/dipl/build/my_interfaces' returned '0': CMAKE_PREFIX_PATH=${CMAKE_PREFIX_PATH}:/home/avavvas/dipl/install/ergodic_exploration:/opt/ros/humble VIRTUAL_ENV_PROMPT=(venv) /usr/bin/cmake --install /home/avavvas/dipl/build/my_interfaces
