[0.068s] DEBUG:colcon:Command line arguments: ['/usr/bin/colcon', 'build', '--symlink-install']
[0.068s] DEBUG:colcon:Parsed command line arguments: Namespace(log_base=None, log_level=None, verb_name='build', build_base='build', install_base='install', merge_install=False, symlink_install=True, test_result_base=None, continue_on_error=False, executor='parallel', parallel_workers=12, event_handlers=None, ignore_user_meta=False, metas=['./colcon.meta'], base_paths=['.'], packages_ignore=None, packages_ignore_regex=None, paths=None, packages_up_to=None, packages_up_to_regex=None, packages_above=None, packages_above_and_dependencies=None, packages_above_depth=None, packages_select_by_dep=None, packages_skip_by_dep=None, packages_skip_up_to=None, packages_select_build_failed=False, packages_skip_build_finished=False, packages_select_test_failures=False, packages_skip_test_passed=False, packages_select=None, packages_skip=None, packages_select_regex=None, packages_skip_regex=None, packages_start=None, packages_end=None, allow_overriding=[], cmake_args=None, cmake_target=None, cmake_target_skip_unavailable=False, cmake_clean_cache=False, cmake_clean_first=False, cmake_force_configure=False, ament_cmake_args=None, catkin_cmake_args=None, catkin_skip_building_tests=False, mixin_files=None, mixin=None, verb_parser=<colcon_mixin.mixin.mixin_argument.MixinArgumentDecorator object at 0x7bb49aa56890>, verb_extension=<colcon_core.verb.build.BuildVerb object at 0x7bb49ab5bee0>, main=<bound method BuildVerb.main of <colcon_core.verb.build.BuildVerb object at 0x7bb49ab5bee0>>, mixin_verb=('build',))
[0.167s] Level 1:colcon.colcon_core.package_discovery:discover_packages(colcon_meta) check parameters
[0.167s] Level 1:colcon.colcon_core.package_discovery:discover_packages(recursive) check parameters
[0.167s] Level 1:colcon.colcon_core.package_discovery:discover_packages(ignore) check parameters
[0.167s] Level 1:colcon.colcon_core.package_discovery:discover_packages(path) check parameters
[0.167s] Level 1:colcon.colcon_core.package_discovery:discover_packages(colcon_meta) discover
[0.167s] Level 1:colcon.colcon_core.package_discovery:discover_packages(recursive) discover
[0.167s] INFO:colcon.colcon_core.package_discovery:Crawling recursively for packages in '/home/avavvas/dipl'
[0.167s] Level 1:colcon.colcon_core.package_identification:_identify(.) by extensions ['ignore', 'ignore_ament_install']
[0.167s] Level 1:colcon.colcon_core.package_identification:_identify(.) by extension 'ignore'
[0.167s] Level 1:colcon.colcon_core.package_identification:_identify(.) by extension 'ignore_ament_install'
[0.167s] Level 1:colcon.colcon_core.package_identification:_identify(.) by extensions ['colcon_pkg']
[0.168s] Level 1:colcon.colcon_core.package_identification:_identify(.) by extension 'colcon_pkg'
[0.168s] Level 1:colcon.colcon_core.package_identification:_identify(.) by extensions ['colcon_meta']
[0.168s] Level 1:colcon.colcon_core.package_identification:_identify(.) by extension 'colcon_meta'
[0.168s] Level 1:colcon.colcon_core.package_identification:_identify(.) by extensions ['ros']
[0.168s] Level 1:colcon.colcon_core.package_identification:_identify(.) by extension 'ros'
[0.190s] Level 1:colcon.colcon_core.package_identification:_identify(.) by extensions ['cmake', 'python']
[0.190s] Level 1:colcon.colcon_core.package_identification:_identify(.) by extension 'cmake'
[0.190s] Level 1:colcon.colcon_core.package_identification:_identify(.) by extension 'python'
[0.190s] Level 1:colcon.colcon_core.package_identification:_identify(.) by extensions ['python_setup_py']
[0.191s] Level 1:colcon.colcon_core.package_identification:_identify(.) by extension 'python_setup_py'
[0.191s] Level 1:colcon.colcon_core.package_identification:_identify(__pycache__) by extensions ['ignore', 'ignore_ament_install']
[0.191s] Level 1:colcon.colcon_core.package_identification:_identify(__pycache__) by extension 'ignore'
[0.191s] Level 1:colcon.colcon_core.package_identification:_identify(__pycache__) by extension 'ignore_ament_install'
[0.191s] Level 1:colcon.colcon_core.package_identification:_identify(__pycache__) by extensions ['colcon_pkg']
[0.191s] Level 1:colcon.colcon_core.package_identification:_identify(__pycache__) by extension 'colcon_pkg'
[0.191s] Level 1:colcon.colcon_core.package_identification:_identify(__pycache__) by extensions ['colcon_meta']
[0.191s] Level 1:colcon.colcon_core.package_identification:_identify(__pycache__) by extension 'colcon_meta'
[0.191s] Level 1:colcon.colcon_core.package_identification:_identify(__pycache__) by extensions ['ros']
[0.191s] Level 1:colcon.colcon_core.package_identification:_identify(__pycache__) by extension 'ros'
[0.191s] Level 1:colcon.colcon_core.package_identification:_identify(__pycache__) by extensions ['cmake', 'python']
[0.191s] Level 1:colcon.colcon_core.package_identification:_identify(__pycache__) by extension 'cmake'
[0.191s] Level 1:colcon.colcon_core.package_identification:_identify(__pycache__) by extension 'python'
[0.191s] Level 1:colcon.colcon_core.package_identification:_identify(__pycache__) by extensions ['python_setup_py']
[0.191s] Level 1:colcon.colcon_core.package_identification:_identify(__pycache__) by extension 'python_setup_py'
[0.191s] Level 1:colcon.colcon_core.package_identification:_identify(build) by extensions ['ignore', 'ignore_ament_install']
[0.191s] Level 1:colcon.colcon_core.package_identification:_identify(build) by extension 'ignore'
[0.191s] Level 1:colcon.colcon_core.package_identification:_identify(build) ignored
[0.191s] Level 1:colcon.colcon_core.package_identification:_identify(images) by extensions ['ignore', 'ignore_ament_install']
[0.191s] Level 1:colcon.colcon_core.package_identification:_identify(images) by extension 'ignore'
[0.191s] Level 1:colcon.colcon_core.package_identification:_identify(images) by extension 'ignore_ament_install'
[0.191s] Level 1:colcon.colcon_core.package_identification:_identify(images) by extensions ['colcon_pkg']
[0.191s] Level 1:colcon.colcon_core.package_identification:_identify(images) by extension 'colcon_pkg'
[0.191s] Level 1:colcon.colcon_core.package_identification:_identify(images) by extensions ['colcon_meta']
[0.191s] Level 1:colcon.colcon_core.package_identification:_identify(images) by extension 'colcon_meta'
[0.191s] Level 1:colcon.colcon_core.package_identification:_identify(images) by extensions ['ros']
[0.191s] Level 1:colcon.colcon_core.package_identification:_identify(images) by extension 'ros'
[0.191s] Level 1:colcon.colcon_core.package_identification:_identify(images) by extensions ['cmake', 'python']
[0.191s] Level 1:colcon.colcon_core.package_identification:_identify(images) by extension 'cmake'
[0.191s] Level 1:colcon.colcon_core.package_identification:_identify(images) by extension 'python'
[0.191s] Level 1:colcon.colcon_core.package_identification:_identify(images) by extensions ['python_setup_py']
[0.191s] Level 1:colcon.colcon_core.package_identification:_identify(images) by extension 'python_setup_py'
[0.191s] Level 1:colcon.colcon_core.package_identification:_identify(images/call) by extensions ['ignore', 'ignore_ament_install']
[0.191s] Level 1:colcon.colcon_core.package_identification:_identify(images/call) by extension 'ignore'
[0.192s] Level 1:colcon.colcon_core.package_identification:_identify(images/call) by extension 'ignore_ament_install'
[0.192s] Level 1:colcon.colcon_core.package_identification:_identify(images/call) by extensions ['colcon_pkg']
[0.192s] Level 1:colcon.colcon_core.package_identification:_identify(images/call) by extension 'colcon_pkg'
[0.192s] Level 1:colcon.colcon_core.package_identification:_identify(images/call) by extensions ['colcon_meta']
[0.192s] Level 1:colcon.colcon_core.package_identification:_identify(images/call) by extension 'colcon_meta'
[0.192s] Level 1:colcon.colcon_core.package_identification:_identify(images/call) by extensions ['ros']
[0.192s] Level 1:colcon.colcon_core.package_identification:_identify(images/call) by extension 'ros'
[0.192s] Level 1:colcon.colcon_core.package_identification:_identify(images/call) by extensions ['cmake', 'python']
[0.192s] Level 1:colcon.colcon_core.package_identification:_identify(images/call) by extension 'cmake'
[0.192s] Level 1:colcon.colcon_core.package_identification:_identify(images/call) by extension 'python'
[0.192s] Level 1:colcon.colcon_core.package_identification:_identify(images/call) by extensions ['python_setup_py']
[0.192s] Level 1:colcon.colcon_core.package_identification:_identify(images/call) by extension 'python_setup_py'
[0.192s] Level 1:colcon.colcon_core.package_identification:_identify(images/gifs) by extensions ['ignore', 'ignore_ament_install']
[0.192s] Level 1:colcon.colcon_core.package_identification:_identify(images/gifs) by extension 'ignore'
[0.192s] Level 1:colcon.colcon_core.package_identification:_identify(images/gifs) by extension 'ignore_ament_install'
[0.192s] Level 1:colcon.colcon_core.package_identification:_identify(images/gifs) by extensions ['colcon_pkg']
[0.192s] Level 1:colcon.colcon_core.package_identification:_identify(images/gifs) by extension 'colcon_pkg'
[0.192s] Level 1:colcon.colcon_core.package_identification:_identify(images/gifs) by extensions ['colcon_meta']
[0.192s] Level 1:colcon.colcon_core.package_identification:_identify(images/gifs) by extension 'colcon_meta'
[0.192s] Level 1:colcon.colcon_core.package_identification:_identify(images/gifs) by extensions ['ros']
[0.192s] Level 1:colcon.colcon_core.package_identification:_identify(images/gifs) by extension 'ros'
[0.192s] Level 1:colcon.colcon_core.package_identification:_identify(images/gifs) by extensions ['cmake', 'python']
[0.192s] Level 1:colcon.colcon_core.package_identification:_identify(images/gifs) by extension 'cmake'
[0.192s] Level 1:colcon.colcon_core.package_identification:_identify(images/gifs) by extension 'python'
[0.192s] Level 1:colcon.colcon_core.package_identification:_identify(images/gifs) by extensions ['python_setup_py']
[0.192s] Level 1:colcon.colcon_core.package_identification:_identify(images/gifs) by extension 'python_setup_py'
[0.192s] Level 1:colcon.colcon_core.package_identification:_identify(images/images) by extensions ['ignore', 'ignore_ament_install']
[0.192s] Level 1:colcon.colcon_core.package_identification:_identify(images/images) by extension 'ignore'
[0.192s] Level 1:colcon.colcon_core.package_identification:_identify(images/images) by extension 'ignore_ament_install'
[0.192s] Level 1:colcon.colcon_core.package_identification:_identify(images/images) by extensions ['colcon_pkg']
[0.192s] Level 1:colcon.colcon_core.package_identification:_identify(images/images) by extension 'colcon_pkg'
[0.192s] Level 1:colcon.colcon_core.package_identification:_identify(images/images) by extensions ['colcon_meta']
[0.192s] Level 1:colcon.colcon_core.package_identification:_identify(images/images) by extension 'colcon_meta'
[0.192s] Level 1:colcon.colcon_core.package_identification:_identify(images/images) by extensions ['ros']
[0.192s] Level 1:colcon.colcon_core.package_identification:_identify(images/images) by extension 'ros'
[0.192s] Level 1:colcon.colcon_core.package_identification:_identify(images/images) by extensions ['cmake', 'python']
[0.192s] Level 1:colcon.colcon_core.package_identification:_identify(images/images) by extension 'cmake'
[0.192s] Level 1:colcon.colcon_core.package_identification:_identify(images/images) by extension 'python'
[0.192s] Level 1:colcon.colcon_core.package_identification:_identify(images/images) by extensions ['python_setup_py']
[0.192s] Level 1:colcon.colcon_core.package_identification:_identify(images/images) by extension 'python_setup_py'
[0.193s] Level 1:colcon.colcon_core.package_identification:_identify(images/images/eid_test) by extensions ['ignore', 'ignore_ament_install']
[0.193s] Level 1:colcon.colcon_core.package_identification:_identify(images/images/eid_test) by extension 'ignore'
[0.193s] Level 1:colcon.colcon_core.package_identification:_identify(images/images/eid_test) by extension 'ignore_ament_install'
[0.193s] Level 1:colcon.colcon_core.package_identification:_identify(images/images/eid_test) by extensions ['colcon_pkg']
[0.193s] Level 1:colcon.colcon_core.package_identification:_identify(images/images/eid_test) by extension 'colcon_pkg'
[0.193s] Level 1:colcon.colcon_core.package_identification:_identify(images/images/eid_test) by extensions ['colcon_meta']
[0.193s] Level 1:colcon.colcon_core.package_identification:_identify(images/images/eid_test) by extension 'colcon_meta'
[0.193s] Level 1:colcon.colcon_core.package_identification:_identify(images/images/eid_test) by extensions ['ros']
[0.193s] Level 1:colcon.colcon_core.package_identification:_identify(images/images/eid_test) by extension 'ros'
[0.193s] Level 1:colcon.colcon_core.package_identification:_identify(images/images/eid_test) by extensions ['cmake', 'python']
[0.193s] Level 1:colcon.colcon_core.package_identification:_identify(images/images/eid_test) by extension 'cmake'
[0.193s] Level 1:colcon.colcon_core.package_identification:_identify(images/images/eid_test) by extension 'python'
[0.193s] Level 1:colcon.colcon_core.package_identification:_identify(images/images/eid_test) by extensions ['python_setup_py']
[0.193s] Level 1:colcon.colcon_core.package_identification:_identify(images/images/eid_test) by extension 'python_setup_py'
[0.193s] Level 1:colcon.colcon_core.package_identification:_identify(images/images/eid_update_images_gifs) by extensions ['ignore', 'ignore_ament_install']
[0.193s] Level 1:colcon.colcon_core.package_identification:_identify(images/images/eid_update_images_gifs) by extension 'ignore'
[0.193s] Level 1:colcon.colcon_core.package_identification:_identify(images/images/eid_update_images_gifs) by extension 'ignore_ament_install'
[0.193s] Level 1:colcon.colcon_core.package_identification:_identify(images/images/eid_update_images_gifs) by extensions ['colcon_pkg']
[0.193s] Level 1:colcon.colcon_core.package_identification:_identify(images/images/eid_update_images_gifs) by extension 'colcon_pkg'
[0.193s] Level 1:colcon.colcon_core.package_identification:_identify(images/images/eid_update_images_gifs) by extensions ['colcon_meta']
[0.193s] Level 1:colcon.colcon_core.package_identification:_identify(images/images/eid_update_images_gifs) by extension 'colcon_meta'
[0.193s] Level 1:colcon.colcon_core.package_identification:_identify(images/images/eid_update_images_gifs) by extensions ['ros']
[0.193s] Level 1:colcon.colcon_core.package_identification:_identify(images/images/eid_update_images_gifs) by extension 'ros'
[0.193s] Level 1:colcon.colcon_core.package_identification:_identify(images/images/eid_update_images_gifs) by extensions ['cmake', 'python']
[0.193s] Level 1:colcon.colcon_core.package_identification:_identify(images/images/eid_update_images_gifs) by extension 'cmake'
[0.193s] Level 1:colcon.colcon_core.package_identification:_identify(images/images/eid_update_images_gifs) by extension 'python'
[0.193s] Level 1:colcon.colcon_core.package_identification:_identify(images/images/eid_update_images_gifs) by extensions ['python_setup_py']
[0.193s] Level 1:colcon.colcon_core.package_identification:_identify(images/images/eid_update_images_gifs) by extension 'python_setup_py'
[0.193s] Level 1:colcon.colcon_core.package_identification:_identify(images/images/eid_update_images_gifs/case_5_eid_test_1) by extensions ['ignore', 'ignore_ament_install']
[0.193s] Level 1:colcon.colcon_core.package_identification:_identify(images/images/eid_update_images_gifs/case_5_eid_test_1) by extension 'ignore'
[0.193s] Level 1:colcon.colcon_core.package_identification:_identify(images/images/eid_update_images_gifs/case_5_eid_test_1) by extension 'ignore_ament_install'
[0.193s] Level 1:colcon.colcon_core.package_identification:_identify(images/images/eid_update_images_gifs/case_5_eid_test_1) by extensions ['colcon_pkg']
[0.193s] Level 1:colcon.colcon_core.package_identification:_identify(images/images/eid_update_images_gifs/case_5_eid_test_1) by extension 'colcon_pkg'
[0.193s] Level 1:colcon.colcon_core.package_identification:_identify(images/images/eid_update_images_gifs/case_5_eid_test_1) by extensions ['colcon_meta']
[0.193s] Level 1:colcon.colcon_core.package_identification:_identify(images/images/eid_update_images_gifs/case_5_eid_test_1) by extension 'colcon_meta'
[0.194s] Level 1:colcon.colcon_core.package_identification:_identify(images/images/eid_update_images_gifs/case_5_eid_test_1) by extensions ['ros']
[0.194s] Level 1:colcon.colcon_core.package_identification:_identify(images/images/eid_update_images_gifs/case_5_eid_test_1) by extension 'ros'
[0.194s] Level 1:colcon.colcon_core.package_identification:_identify(images/images/eid_update_images_gifs/case_5_eid_test_1) by extensions ['cmake', 'python']
[0.194s] Level 1:colcon.colcon_core.package_identification:_identify(images/images/eid_update_images_gifs/case_5_eid_test_1) by extension 'cmake'
[0.194s] Level 1:colcon.colcon_core.package_identification:_identify(images/images/eid_update_images_gifs/case_5_eid_test_1) by extension 'python'
[0.194s] Level 1:colcon.colcon_core.package_identification:_identify(images/images/eid_update_images_gifs/case_5_eid_test_1) by extensions ['python_setup_py']
[0.194s] Level 1:colcon.colcon_core.package_identification:_identify(images/images/eid_update_images_gifs/case_5_eid_test_1) by extension 'python_setup_py'
[0.194s] Level 1:colcon.colcon_core.package_identification:_identify(images/images/eid_update_images_gifs/case_6_eid_test_2) by extensions ['ignore', 'ignore_ament_install']
[0.194s] Level 1:colcon.colcon_core.package_identification:_identify(images/images/eid_update_images_gifs/case_6_eid_test_2) by extension 'ignore'
[0.194s] Level 1:colcon.colcon_core.package_identification:_identify(images/images/eid_update_images_gifs/case_6_eid_test_2) by extension 'ignore_ament_install'
[0.194s] Level 1:colcon.colcon_core.package_identification:_identify(images/images/eid_update_images_gifs/case_6_eid_test_2) by extensions ['colcon_pkg']
[0.194s] Level 1:colcon.colcon_core.package_identification:_identify(images/images/eid_update_images_gifs/case_6_eid_test_2) by extension 'colcon_pkg'
[0.194s] Level 1:colcon.colcon_core.package_identification:_identify(images/images/eid_update_images_gifs/case_6_eid_test_2) by extensions ['colcon_meta']
[0.194s] Level 1:colcon.colcon_core.package_identification:_identify(images/images/eid_update_images_gifs/case_6_eid_test_2) by extension 'colcon_meta'
[0.194s] Level 1:colcon.colcon_core.package_identification:_identify(images/images/eid_update_images_gifs/case_6_eid_test_2) by extensions ['ros']
[0.194s] Level 1:colcon.colcon_core.package_identification:_identify(images/images/eid_update_images_gifs/case_6_eid_test_2) by extension 'ros'
[0.194s] Level 1:colcon.colcon_core.package_identification:_identify(images/images/eid_update_images_gifs/case_6_eid_test_2) by extensions ['cmake', 'python']
[0.194s] Level 1:colcon.colcon_core.package_identification:_identify(images/images/eid_update_images_gifs/case_6_eid_test_2) by extension 'cmake'
[0.194s] Level 1:colcon.colcon_core.package_identification:_identify(images/images/eid_update_images_gifs/case_6_eid_test_2) by extension 'python'
[0.194s] Level 1:colcon.colcon_core.package_identification:_identify(images/images/eid_update_images_gifs/case_6_eid_test_2) by extensions ['python_setup_py']
[0.194s] Level 1:colcon.colcon_core.package_identification:_identify(images/images/eid_update_images_gifs/case_6_eid_test_2) by extension 'python_setup_py'
[0.194s] Level 1:colcon.colcon_core.package_identification:_identify(images/images/eid_update_images_gifs/case_6_eid_test_3) by extensions ['ignore', 'ignore_ament_install']
[0.194s] Level 1:colcon.colcon_core.package_identification:_identify(images/images/eid_update_images_gifs/case_6_eid_test_3) by extension 'ignore'
[0.194s] Level 1:colcon.colcon_core.package_identification:_identify(images/images/eid_update_images_gifs/case_6_eid_test_3) by extension 'ignore_ament_install'
[0.194s] Level 1:colcon.colcon_core.package_identification:_identify(images/images/eid_update_images_gifs/case_6_eid_test_3) by extensions ['colcon_pkg']
[0.194s] Level 1:colcon.colcon_core.package_identification:_identify(images/images/eid_update_images_gifs/case_6_eid_test_3) by extension 'colcon_pkg'
[0.194s] Level 1:colcon.colcon_core.package_identification:_identify(images/images/eid_update_images_gifs/case_6_eid_test_3) by extensions ['colcon_meta']
[0.194s] Level 1:colcon.colcon_core.package_identification:_identify(images/images/eid_update_images_gifs/case_6_eid_test_3) by extension 'colcon_meta'
[0.194s] Level 1:colcon.colcon_core.package_identification:_identify(images/images/eid_update_images_gifs/case_6_eid_test_3) by extensions ['ros']
[0.194s] Level 1:colcon.colcon_core.package_identification:_identify(images/images/eid_update_images_gifs/case_6_eid_test_3) by extension 'ros'
[0.194s] Level 1:colcon.colcon_core.package_identification:_identify(images/images/eid_update_images_gifs/case_6_eid_test_3) by extensions ['cmake', 'python']
[0.194s] Level 1:colcon.colcon_core.package_identification:_identify(images/images/eid_update_images_gifs/case_6_eid_test_3) by extension 'cmake'
[0.194s] Level 1:colcon.colcon_core.package_identification:_identify(images/images/eid_update_images_gifs/case_6_eid_test_3) by extension 'python'
[0.194s] Level 1:colcon.colcon_core.package_identification:_identify(images/images/eid_update_images_gifs/case_6_eid_test_3) by extensions ['python_setup_py']
[0.194s] Level 1:colcon.colcon_core.package_identification:_identify(images/images/eid_update_images_gifs/case_6_eid_test_3) by extension 'python_setup_py'
[0.195s] Level 1:colcon.colcon_core.package_identification:_identify(images/images/eid_update_images_gifs/case_6_eid_test_4) by extensions ['ignore', 'ignore_ament_install']
[0.195s] Level 1:colcon.colcon_core.package_identification:_identify(images/images/eid_update_images_gifs/case_6_eid_test_4) by extension 'ignore'
[0.195s] Level 1:colcon.colcon_core.package_identification:_identify(images/images/eid_update_images_gifs/case_6_eid_test_4) by extension 'ignore_ament_install'
[0.195s] Level 1:colcon.colcon_core.package_identification:_identify(images/images/eid_update_images_gifs/case_6_eid_test_4) by extensions ['colcon_pkg']
[0.195s] Level 1:colcon.colcon_core.package_identification:_identify(images/images/eid_update_images_gifs/case_6_eid_test_4) by extension 'colcon_pkg'
[0.195s] Level 1:colcon.colcon_core.package_identification:_identify(images/images/eid_update_images_gifs/case_6_eid_test_4) by extensions ['colcon_meta']
[0.195s] Level 1:colcon.colcon_core.package_identification:_identify(images/images/eid_update_images_gifs/case_6_eid_test_4) by extension 'colcon_meta'
[0.195s] Level 1:colcon.colcon_core.package_identification:_identify(images/images/eid_update_images_gifs/case_6_eid_test_4) by extensions ['ros']
[0.195s] Level 1:colcon.colcon_core.package_identification:_identify(images/images/eid_update_images_gifs/case_6_eid_test_4) by extension 'ros'
[0.195s] Level 1:colcon.colcon_core.package_identification:_identify(images/images/eid_update_images_gifs/case_6_eid_test_4) by extensions ['cmake', 'python']
[0.195s] Level 1:colcon.colcon_core.package_identification:_identify(images/images/eid_update_images_gifs/case_6_eid_test_4) by extension 'cmake'
[0.195s] Level 1:colcon.colcon_core.package_identification:_identify(images/images/eid_update_images_gifs/case_6_eid_test_4) by extension 'python'
[0.195s] Level 1:colcon.colcon_core.package_identification:_identify(images/images/eid_update_images_gifs/case_6_eid_test_4) by extensions ['python_setup_py']
[0.195s] Level 1:colcon.colcon_core.package_identification:_identify(images/images/eid_update_images_gifs/case_6_eid_test_4) by extension 'python_setup_py'
[0.195s] Level 1:colcon.colcon_core.package_identification:_identify(images/images/eid_update_images_gifs/case_6_eid_test_5) by extensions ['ignore', 'ignore_ament_install']
[0.195s] Level 1:colcon.colcon_core.package_identification:_identify(images/images/eid_update_images_gifs/case_6_eid_test_5) by extension 'ignore'
[0.195s] Level 1:colcon.colcon_core.package_identification:_identify(images/images/eid_update_images_gifs/case_6_eid_test_5) by extension 'ignore_ament_install'
[0.195s] Level 1:colcon.colcon_core.package_identification:_identify(images/images/eid_update_images_gifs/case_6_eid_test_5) by extensions ['colcon_pkg']
[0.195s] Level 1:colcon.colcon_core.package_identification:_identify(images/images/eid_update_images_gifs/case_6_eid_test_5) by extension 'colcon_pkg'
[0.195s] Level 1:colcon.colcon_core.package_identification:_identify(images/images/eid_update_images_gifs/case_6_eid_test_5) by extensions ['colcon_meta']
[0.195s] Level 1:colcon.colcon_core.package_identification:_identify(images/images/eid_update_images_gifs/case_6_eid_test_5) by extension 'colcon_meta'
[0.195s] Level 1:colcon.colcon_core.package_identification:_identify(images/images/eid_update_images_gifs/case_6_eid_test_5) by extensions ['ros']
[0.195s] Level 1:colcon.colcon_core.package_identification:_identify(images/images/eid_update_images_gifs/case_6_eid_test_5) by extension 'ros'
[0.195s] Level 1:colcon.colcon_core.package_identification:_identify(images/images/eid_update_images_gifs/case_6_eid_test_5) by extensions ['cmake', 'python']
[0.195s] Level 1:colcon.colcon_core.package_identification:_identify(images/images/eid_update_images_gifs/case_6_eid_test_5) by extension 'cmake'
[0.195s] Level 1:colcon.colcon_core.package_identification:_identify(images/images/eid_update_images_gifs/case_6_eid_test_5) by extension 'python'
[0.195s] Level 1:colcon.colcon_core.package_identification:_identify(images/images/eid_update_images_gifs/case_6_eid_test_5) by extensions ['python_setup_py']
[0.195s] Level 1:colcon.colcon_core.package_identification:_identify(images/images/eid_update_images_gifs/case_6_eid_test_5) by extension 'python_setup_py'
[0.195s] Level 1:colcon.colcon_core.package_identification:_identify(images/images/eid_update_images_gifs/case_6_eid_test_6) by extensions ['ignore', 'ignore_ament_install']
[0.195s] Level 1:colcon.colcon_core.package_identification:_identify(images/images/eid_update_images_gifs/case_6_eid_test_6) by extension 'ignore'
[0.196s] Level 1:colcon.colcon_core.package_identification:_identify(images/images/eid_update_images_gifs/case_6_eid_test_6) by extension 'ignore_ament_install'
[0.196s] Level 1:colcon.colcon_core.package_identification:_identify(images/images/eid_update_images_gifs/case_6_eid_test_6) by extensions ['colcon_pkg']
[0.196s] Level 1:colcon.colcon_core.package_identification:_identify(images/images/eid_update_images_gifs/case_6_eid_test_6) by extension 'colcon_pkg'
[0.196s] Level 1:colcon.colcon_core.package_identification:_identify(images/images/eid_update_images_gifs/case_6_eid_test_6) by extensions ['colcon_meta']
[0.196s] Level 1:colcon.colcon_core.package_identification:_identify(images/images/eid_update_images_gifs/case_6_eid_test_6) by extension 'colcon_meta'
[0.196s] Level 1:colcon.colcon_core.package_identification:_identify(images/images/eid_update_images_gifs/case_6_eid_test_6) by extensions ['ros']
[0.196s] Level 1:colcon.colcon_core.package_identification:_identify(images/images/eid_update_images_gifs/case_6_eid_test_6) by extension 'ros'
[0.196s] Level 1:colcon.colcon_core.package_identification:_identify(images/images/eid_update_images_gifs/case_6_eid_test_6) by extensions ['cmake', 'python']
[0.196s] Level 1:colcon.colcon_core.package_identification:_identify(images/images/eid_update_images_gifs/case_6_eid_test_6) by extension 'cmake'
[0.196s] Level 1:colcon.colcon_core.package_identification:_identify(images/images/eid_update_images_gifs/case_6_eid_test_6) by extension 'python'
[0.196s] Level 1:colcon.colcon_core.package_identification:_identify(images/images/eid_update_images_gifs/case_6_eid_test_6) by extensions ['python_setup_py']
[0.196s] Level 1:colcon.colcon_core.package_identification:_identify(images/images/eid_update_images_gifs/case_6_eid_test_6) by extension 'python_setup_py'
[0.196s] Level 1:colcon.colcon_core.package_identification:_identify(images/images/measurementsEKF_animation_spawnTargets_Merge) by extensions ['ignore', 'ignore_ament_install']
[0.196s] Level 1:colcon.colcon_core.package_identification:_identify(images/images/measurementsEKF_animation_spawnTargets_Merge) by extension 'ignore'
[0.196s] Level 1:colcon.colcon_core.package_identification:_identify(images/images/measurementsEKF_animation_spawnTargets_Merge) by extension 'ignore_ament_install'
[0.196s] Level 1:colcon.colcon_core.package_identification:_identify(images/images/measurementsEKF_animation_spawnTargets_Merge) by extensions ['colcon_pkg']
[0.196s] Level 1:colcon.colcon_core.package_identification:_identify(images/images/measurementsEKF_animation_spawnTargets_Merge) by extension 'colcon_pkg'
[0.196s] Level 1:colcon.colcon_core.package_identification:_identify(images/images/measurementsEKF_animation_spawnTargets_Merge) by extensions ['colcon_meta']
[0.196s] Level 1:colcon.colcon_core.package_identification:_identify(images/images/measurementsEKF_animation_spawnTargets_Merge) by extension 'colcon_meta'
[0.196s] Level 1:colcon.colcon_core.package_identification:_identify(images/images/measurementsEKF_animation_spawnTargets_Merge) by extensions ['ros']
[0.196s] Level 1:colcon.colcon_core.package_identification:_identify(images/images/measurementsEKF_animation_spawnTargets_Merge) by extension 'ros'
[0.196s] Level 1:colcon.colcon_core.package_identification:_identify(images/images/measurementsEKF_animation_spawnTargets_Merge) by extensions ['cmake', 'python']
[0.196s] Level 1:colcon.colcon_core.package_identification:_identify(images/images/measurementsEKF_animation_spawnTargets_Merge) by extension 'cmake'
[0.196s] Level 1:colcon.colcon_core.package_identification:_identify(images/images/measurementsEKF_animation_spawnTargets_Merge) by extension 'python'
[0.196s] Level 1:colcon.colcon_core.package_identification:_identify(images/images/measurementsEKF_animation_spawnTargets_Merge) by extensions ['python_setup_py']
[0.196s] Level 1:colcon.colcon_core.package_identification:_identify(images/images/measurementsEKF_animation_spawnTargets_Merge) by extension 'python_setup_py'
[0.196s] Level 1:colcon.colcon_core.package_identification:_identify(images/images/measurementsEKF_iter_002100) by extensions ['ignore', 'ignore_ament_install']
[0.196s] Level 1:colcon.colcon_core.package_identification:_identify(images/images/measurementsEKF_iter_002100) by extension 'ignore'
[0.196s] Level 1:colcon.colcon_core.package_identification:_identify(images/images/measurementsEKF_iter_002100) by extension 'ignore_ament_install'
[0.196s] Level 1:colcon.colcon_core.package_identification:_identify(images/images/measurementsEKF_iter_002100) by extensions ['colcon_pkg']
[0.196s] Level 1:colcon.colcon_core.package_identification:_identify(images/images/measurementsEKF_iter_002100) by extension 'colcon_pkg'
[0.196s] Level 1:colcon.colcon_core.package_identification:_identify(images/images/measurementsEKF_iter_002100) by extensions ['colcon_meta']
[0.196s] Level 1:colcon.colcon_core.package_identification:_identify(images/images/measurementsEKF_iter_002100) by extension 'colcon_meta'
[0.196s] Level 1:colcon.colcon_core.package_identification:_identify(images/images/measurementsEKF_iter_002100) by extensions ['ros']
[0.196s] Level 1:colcon.colcon_core.package_identification:_identify(images/images/measurementsEKF_iter_002100) by extension 'ros'
[0.196s] Level 1:colcon.colcon_core.package_identification:_identify(images/images/measurementsEKF_iter_002100) by extensions ['cmake', 'python']
[0.196s] Level 1:colcon.colcon_core.package_identification:_identify(images/images/measurementsEKF_iter_002100) by extension 'cmake'
[0.196s] Level 1:colcon.colcon_core.package_identification:_identify(images/images/measurementsEKF_iter_002100) by extension 'python'
[0.196s] Level 1:colcon.colcon_core.package_identification:_identify(images/images/measurementsEKF_iter_002100) by extensions ['python_setup_py']
[0.196s] Level 1:colcon.colcon_core.package_identification:_identify(images/images/measurementsEKF_iter_002100) by extension 'python_setup_py'
[0.197s] Level 1:colcon.colcon_core.package_identification:_identify(images/images/ros) by extensions ['ignore', 'ignore_ament_install']
[0.197s] Level 1:colcon.colcon_core.package_identification:_identify(images/images/ros) by extension 'ignore'
[0.197s] Level 1:colcon.colcon_core.package_identification:_identify(images/images/ros) by extension 'ignore_ament_install'
[0.197s] Level 1:colcon.colcon_core.package_identification:_identify(images/images/ros) by extensions ['colcon_pkg']
[0.197s] Level 1:colcon.colcon_core.package_identification:_identify(images/images/ros) by extension 'colcon_pkg'
[0.197s] Level 1:colcon.colcon_core.package_identification:_identify(images/images/ros) by extensions ['colcon_meta']
[0.197s] Level 1:colcon.colcon_core.package_identification:_identify(images/images/ros) by extension 'colcon_meta'
[0.197s] Level 1:colcon.colcon_core.package_identification:_identify(images/images/ros) by extensions ['ros']
[0.197s] Level 1:colcon.colcon_core.package_identification:_identify(images/images/ros) by extension 'ros'
[0.197s] Level 1:colcon.colcon_core.package_identification:_identify(images/images/ros) by extensions ['cmake', 'python']
[0.197s] Level 1:colcon.colcon_core.package_identification:_identify(images/images/ros) by extension 'cmake'
[0.197s] Level 1:colcon.colcon_core.package_identification:_identify(images/images/ros) by extension 'python'
[0.197s] Level 1:colcon.colcon_core.package_identification:_identify(images/images/ros) by extensions ['python_setup_py']
[0.197s] Level 1:colcon.colcon_core.package_identification:_identify(images/images/ros) by extension 'python_setup_py'
[0.197s] Level 1:colcon.colcon_core.package_identification:_identify(install) by extensions ['ignore', 'ignore_ament_install']
[0.197s] Level 1:colcon.colcon_core.package_identification:_identify(install) by extension 'ignore'
[0.197s] Level 1:colcon.colcon_core.package_identification:_identify(install) ignored
[0.197s] Level 1:colcon.colcon_core.package_identification:_identify(log) by extensions ['ignore', 'ignore_ament_install']
[0.197s] Level 1:colcon.colcon_core.package_identification:_identify(log) by extension 'ignore'
[0.197s] Level 1:colcon.colcon_core.package_identification:_identify(log) ignored
[0.197s] Level 1:colcon.colcon_core.package_identification:_identify(more) by extensions ['ignore', 'ignore_ament_install']
[0.197s] Level 1:colcon.colcon_core.package_identification:_identify(more) by extension 'ignore'
[0.197s] Level 1:colcon.colcon_core.package_identification:_identify(more) by extension 'ignore_ament_install'
[0.197s] Level 1:colcon.colcon_core.package_identification:_identify(more) by extensions ['colcon_pkg']
[0.197s] Level 1:colcon.colcon_core.package_identification:_identify(more) by extension 'colcon_pkg'
[0.197s] Level 1:colcon.colcon_core.package_identification:_identify(more) by extensions ['colcon_meta']
[0.197s] Level 1:colcon.colcon_core.package_identification:_identify(more) by extension 'colcon_meta'
[0.197s] Level 1:colcon.colcon_core.package_identification:_identify(more) by extensions ['ros']
[0.197s] Level 1:colcon.colcon_core.package_identification:_identify(more) by extension 'ros'
[0.197s] Level 1:colcon.colcon_core.package_identification:_identify(more) by extensions ['cmake', 'python']
[0.197s] Level 1:colcon.colcon_core.package_identification:_identify(more) by extension 'cmake'
[0.197s] Level 1:colcon.colcon_core.package_identification:_identify(more) by extension 'python'
[0.197s] Level 1:colcon.colcon_core.package_identification:_identify(more) by extensions ['python_setup_py']
[0.197s] Level 1:colcon.colcon_core.package_identification:_identify(more) by extension 'python_setup_py'
[0.197s] Level 1:colcon.colcon_core.package_identification:_identify(more/obs_avoidance) by extensions ['ignore', 'ignore_ament_install']
[0.197s] Level 1:colcon.colcon_core.package_identification:_identify(more/obs_avoidance) by extension 'ignore'
[0.197s] Level 1:colcon.colcon_core.package_identification:_identify(more/obs_avoidance) by extension 'ignore_ament_install'
[0.198s] Level 1:colcon.colcon_core.package_identification:_identify(more/obs_avoidance) by extensions ['colcon_pkg']
[0.198s] Level 1:colcon.colcon_core.package_identification:_identify(more/obs_avoidance) by extension 'colcon_pkg'
[0.198s] Level 1:colcon.colcon_core.package_identification:_identify(more/obs_avoidance) by extensions ['colcon_meta']
[0.198s] Level 1:colcon.colcon_core.package_identification:_identify(more/obs_avoidance) by extension 'colcon_meta'
[0.198s] Level 1:colcon.colcon_core.package_identification:_identify(more/obs_avoidance) by extensions ['ros']
[0.198s] Level 1:colcon.colcon_core.package_identification:_identify(more/obs_avoidance) by extension 'ros'
[0.198s] Level 1:colcon.colcon_core.package_identification:_identify(more/obs_avoidance) by extensions ['cmake', 'python']
[0.198s] Level 1:colcon.colcon_core.package_identification:_identify(more/obs_avoidance) by extension 'cmake'
[0.198s] Level 1:colcon.colcon_core.package_identification:_identify(more/obs_avoidance) by extension 'python'
[0.198s] Level 1:colcon.colcon_core.package_identification:_identify(more/obs_avoidance) by extensions ['python_setup_py']
[0.198s] Level 1:colcon.colcon_core.package_identification:_identify(more/obs_avoidance) by extension 'python_setup_py'
[0.198s] Level 1:colcon.colcon_core.package_identification:_identify(results) by extensions ['ignore', 'ignore_ament_install']
[0.198s] Level 1:colcon.colcon_core.package_identification:_identify(results) by extension 'ignore'
[0.198s] Level 1:colcon.colcon_core.package_identification:_identify(results) by extension 'ignore_ament_install'
[0.198s] Level 1:colcon.colcon_core.package_identification:_identify(results) by extensions ['colcon_pkg']
[0.198s] Level 1:colcon.colcon_core.package_identification:_identify(results) by extension 'colcon_pkg'
[0.198s] Level 1:colcon.colcon_core.package_identification:_identify(results) by extensions ['colcon_meta']
[0.198s] Level 1:colcon.colcon_core.package_identification:_identify(results) by extension 'colcon_meta'
[0.198s] Level 1:colcon.colcon_core.package_identification:_identify(results) by extensions ['ros']
[0.198s] Level 1:colcon.colcon_core.package_identification:_identify(results) by extension 'ros'
[0.198s] Level 1:colcon.colcon_core.package_identification:_identify(results) by extensions ['cmake', 'python']
[0.198s] Level 1:colcon.colcon_core.package_identification:_identify(results) by extension 'cmake'
[0.198s] Level 1:colcon.colcon_core.package_identification:_identify(results) by extension 'python'
[0.198s] Level 1:colcon.colcon_core.package_identification:_identify(results) by extensions ['python_setup_py']
[0.198s] Level 1:colcon.colcon_core.package_identification:_identify(results) by extension 'python_setup_py'
[0.198s] Level 1:colcon.colcon_core.package_identification:_identify(results/airplane) by extensions ['ignore', 'ignore_ament_install']
[0.198s] Level 1:colcon.colcon_core.package_identification:_identify(results/airplane) by extension 'ignore'
[0.198s] Level 1:colcon.colcon_core.package_identification:_identify(results/airplane) by extension 'ignore_ament_install'
[0.198s] Level 1:colcon.colcon_core.package_identification:_identify(results/airplane) by extensions ['colcon_pkg']
[0.198s] Level 1:colcon.colcon_core.package_identification:_identify(results/airplane) by extension 'colcon_pkg'
[0.198s] Level 1:colcon.colcon_core.package_identification:_identify(results/airplane) by extensions ['colcon_meta']
[0.198s] Level 1:colcon.colcon_core.package_identification:_identify(results/airplane) by extension 'colcon_meta'
[0.198s] Level 1:colcon.colcon_core.package_identification:_identify(results/airplane) by extensions ['ros']
[0.198s] Level 1:colcon.colcon_core.package_identification:_identify(results/airplane) by extension 'ros'
[0.198s] Level 1:colcon.colcon_core.package_identification:_identify(results/airplane) by extensions ['cmake', 'python']
[0.198s] Level 1:colcon.colcon_core.package_identification:_identify(results/airplane) by extension 'cmake'
[0.198s] Level 1:colcon.colcon_core.package_identification:_identify(results/airplane) by extension 'python'
[0.198s] Level 1:colcon.colcon_core.package_identification:_identify(results/airplane) by extensions ['python_setup_py']
[0.198s] Level 1:colcon.colcon_core.package_identification:_identify(results/airplane) by extension 'python_setup_py'
[0.198s] Level 1:colcon.colcon_core.package_identification:_identify(results/airplane/sequence) by extensions ['ignore', 'ignore_ament_install']
[0.198s] Level 1:colcon.colcon_core.package_identification:_identify(results/airplane/sequence) by extension 'ignore'
[0.199s] Level 1:colcon.colcon_core.package_identification:_identify(results/airplane/sequence) by extension 'ignore_ament_install'
[0.199s] Level 1:colcon.colcon_core.package_identification:_identify(results/airplane/sequence) by extensions ['colcon_pkg']
[0.199s] Level 1:colcon.colcon_core.package_identification:_identify(results/airplane/sequence) by extension 'colcon_pkg'
[0.199s] Level 1:colcon.colcon_core.package_identification:_identify(results/airplane/sequence) by extensions ['colcon_meta']
[0.199s] Level 1:colcon.colcon_core.package_identification:_identify(results/airplane/sequence) by extension 'colcon_meta'
[0.199s] Level 1:colcon.colcon_core.package_identification:_identify(results/airplane/sequence) by extensions ['ros']
[0.199s] Level 1:colcon.colcon_core.package_identification:_identify(results/airplane/sequence) by extension 'ros'
[0.199s] Level 1:colcon.colcon_core.package_identification:_identify(results/airplane/sequence) by extensions ['cmake', 'python']
[0.199s] Level 1:colcon.colcon_core.package_identification:_identify(results/airplane/sequence) by extension 'cmake'
[0.199s] Level 1:colcon.colcon_core.package_identification:_identify(results/airplane/sequence) by extension 'python'
[0.199s] Level 1:colcon.colcon_core.package_identification:_identify(results/airplane/sequence) by extensions ['python_setup_py']
[0.199s] Level 1:colcon.colcon_core.package_identification:_identify(results/airplane/sequence) by extension 'python_setup_py'
[0.199s] Level 1:colcon.colcon_core.package_identification:_identify(results/airplane/sequence (copy)) by extensions ['ignore', 'ignore_ament_install']
[0.199s] Level 1:colcon.colcon_core.package_identification:_identify(results/airplane/sequence (copy)) by extension 'ignore'
[0.199s] Level 1:colcon.colcon_core.package_identification:_identify(results/airplane/sequence (copy)) by extension 'ignore_ament_install'
[0.199s] Level 1:colcon.colcon_core.package_identification:_identify(results/airplane/sequence (copy)) by extensions ['colcon_pkg']
[0.199s] Level 1:colcon.colcon_core.package_identification:_identify(results/airplane/sequence (copy)) by extension 'colcon_pkg'
[0.199s] Level 1:colcon.colcon_core.package_identification:_identify(results/airplane/sequence (copy)) by extensions ['colcon_meta']
[0.199s] Level 1:colcon.colcon_core.package_identification:_identify(results/airplane/sequence (copy)) by extension 'colcon_meta'
[0.199s] Level 1:colcon.colcon_core.package_identification:_identify(results/airplane/sequence (copy)) by extensions ['ros']
[0.199s] Level 1:colcon.colcon_core.package_identification:_identify(results/airplane/sequence (copy)) by extension 'ros'
[0.199s] Level 1:colcon.colcon_core.package_identification:_identify(results/airplane/sequence (copy)) by extensions ['cmake', 'python']
[0.199s] Level 1:colcon.colcon_core.package_identification:_identify(results/airplane/sequence (copy)) by extension 'cmake'
[0.199s] Level 1:colcon.colcon_core.package_identification:_identify(results/airplane/sequence (copy)) by extension 'python'
[0.199s] Level 1:colcon.colcon_core.package_identification:_identify(results/airplane/sequence (copy)) by extensions ['python_setup_py']
[0.199s] Level 1:colcon.colcon_core.package_identification:_identify(results/airplane/sequence (copy)) by extension 'python_setup_py'
[0.199s] Level 1:colcon.colcon_core.package_identification:_identify(results/case_1_single_alone) by extensions ['ignore', 'ignore_ament_install']
[0.199s] Level 1:colcon.colcon_core.package_identification:_identify(results/case_1_single_alone) by extension 'ignore'
[0.199s] Level 1:colcon.colcon_core.package_identification:_identify(results/case_1_single_alone) by extension 'ignore_ament_install'
[0.199s] Level 1:colcon.colcon_core.package_identification:_identify(results/case_1_single_alone) by extensions ['colcon_pkg']
[0.199s] Level 1:colcon.colcon_core.package_identification:_identify(results/case_1_single_alone) by extension 'colcon_pkg'
[0.199s] Level 1:colcon.colcon_core.package_identification:_identify(results/case_1_single_alone) by extensions ['colcon_meta']
[0.199s] Level 1:colcon.colcon_core.package_identification:_identify(results/case_1_single_alone) by extension 'colcon_meta'
[0.199s] Level 1:colcon.colcon_core.package_identification:_identify(results/case_1_single_alone) by extensions ['ros']
[0.199s] Level 1:colcon.colcon_core.package_identification:_identify(results/case_1_single_alone) by extension 'ros'
[0.199s] Level 1:colcon.colcon_core.package_identification:_identify(results/case_1_single_alone) by extensions ['cmake', 'python']
[0.199s] Level 1:colcon.colcon_core.package_identification:_identify(results/case_1_single_alone) by extension 'cmake'
[0.199s] Level 1:colcon.colcon_core.package_identification:_identify(results/case_1_single_alone) by extension 'python'
[0.199s] Level 1:colcon.colcon_core.package_identification:_identify(results/case_1_single_alone) by extensions ['python_setup_py']
[0.199s] Level 1:colcon.colcon_core.package_identification:_identify(results/case_1_single_alone) by extension 'python_setup_py'
[0.199s] Level 1:colcon.colcon_core.package_identification:_identify(results/case_2_drones_three) by extensions ['ignore', 'ignore_ament_install']
[0.199s] Level 1:colcon.colcon_core.package_identification:_identify(results/case_2_drones_three) by extension 'ignore'
[0.200s] Level 1:colcon.colcon_core.package_identification:_identify(results/case_2_drones_three) by extension 'ignore_ament_install'
[0.200s] Level 1:colcon.colcon_core.package_identification:_identify(results/case_2_drones_three) by extensions ['colcon_pkg']
[0.200s] Level 1:colcon.colcon_core.package_identification:_identify(results/case_2_drones_three) by extension 'colcon_pkg'
[0.200s] Level 1:colcon.colcon_core.package_identification:_identify(results/case_2_drones_three) by extensions ['colcon_meta']
[0.200s] Level 1:colcon.colcon_core.package_identification:_identify(results/case_2_drones_three) by extension 'colcon_meta'
[0.200s] Level 1:colcon.colcon_core.package_identification:_identify(results/case_2_drones_three) by extensions ['ros']
[0.200s] Level 1:colcon.colcon_core.package_identification:_identify(results/case_2_drones_three) by extension 'ros'
[0.200s] Level 1:colcon.colcon_core.package_identification:_identify(results/case_2_drones_three) by extensions ['cmake', 'python']
[0.200s] Level 1:colcon.colcon_core.package_identification:_identify(results/case_2_drones_three) by extension 'cmake'
[0.200s] Level 1:colcon.colcon_core.package_identification:_identify(results/case_2_drones_three) by extension 'python'
[0.200s] Level 1:colcon.colcon_core.package_identification:_identify(results/case_2_drones_three) by extensions ['python_setup_py']
[0.200s] Level 1:colcon.colcon_core.package_identification:_identify(results/case_2_drones_three) by extension 'python_setup_py'
[0.200s] Level 1:colcon.colcon_core.package_identification:_identify(results/case_2b_drone_alone) by extensions ['ignore', 'ignore_ament_install']
[0.200s] Level 1:colcon.colcon_core.package_identification:_identify(results/case_2b_drone_alone) by extension 'ignore'
[0.200s] Level 1:colcon.colcon_core.package_identification:_identify(results/case_2b_drone_alone) by extension 'ignore_ament_install'
[0.200s] Level 1:colcon.colcon_core.package_identification:_identify(results/case_2b_drone_alone) by extensions ['colcon_pkg']
[0.200s] Level 1:colcon.colcon_core.package_identification:_identify(results/case_2b_drone_alone) by extension 'colcon_pkg'
[0.200s] Level 1:colcon.colcon_core.package_identification:_identify(results/case_2b_drone_alone) by extensions ['colcon_meta']
[0.200s] Level 1:colcon.colcon_core.package_identification:_identify(results/case_2b_drone_alone) by extension 'colcon_meta'
[0.200s] Level 1:colcon.colcon_core.package_identification:_identify(results/case_2b_drone_alone) by extensions ['ros']
[0.200s] Level 1:colcon.colcon_core.package_identification:_identify(results/case_2b_drone_alone) by extension 'ros'
[0.200s] Level 1:colcon.colcon_core.package_identification:_identify(results/case_2b_drone_alone) by extensions ['cmake', 'python']
[0.200s] Level 1:colcon.colcon_core.package_identification:_identify(results/case_2b_drone_alone) by extension 'cmake'
[0.200s] Level 1:colcon.colcon_core.package_identification:_identify(results/case_2b_drone_alone) by extension 'python'
[0.200s] Level 1:colcon.colcon_core.package_identification:_identify(results/case_2b_drone_alone) by extensions ['python_setup_py']
[0.200s] Level 1:colcon.colcon_core.package_identification:_identify(results/case_2b_drone_alone) by extension 'python_setup_py'
[0.200s] Level 1:colcon.colcon_core.package_identification:_identify(results/case_3_section_c) by extensions ['ignore', 'ignore_ament_install']
[0.200s] Level 1:colcon.colcon_core.package_identification:_identify(results/case_3_section_c) by extension 'ignore'
[0.200s] Level 1:colcon.colcon_core.package_identification:_identify(results/case_3_section_c) by extension 'ignore_ament_install'
[0.200s] Level 1:colcon.colcon_core.package_identification:_identify(results/case_3_section_c) by extensions ['colcon_pkg']
[0.200s] Level 1:colcon.colcon_core.package_identification:_identify(results/case_3_section_c) by extension 'colcon_pkg'
[0.200s] Level 1:colcon.colcon_core.package_identification:_identify(results/case_3_section_c) by extensions ['colcon_meta']
[0.200s] Level 1:colcon.colcon_core.package_identification:_identify(results/case_3_section_c) by extension 'colcon_meta'
[0.200s] Level 1:colcon.colcon_core.package_identification:_identify(results/case_3_section_c) by extensions ['ros']
[0.200s] Level 1:colcon.colcon_core.package_identification:_identify(results/case_3_section_c) by extension 'ros'
[0.200s] Level 1:colcon.colcon_core.package_identification:_identify(results/case_3_section_c) by extensions ['cmake', 'python']
[0.200s] Level 1:colcon.colcon_core.package_identification:_identify(results/case_3_section_c) by extension 'cmake'
[0.200s] Level 1:colcon.colcon_core.package_identification:_identify(results/case_3_section_c) by extension 'python'
[0.200s] Level 1:colcon.colcon_core.package_identification:_identify(results/case_3_section_c) by extensions ['python_setup_py']
[0.200s] Level 1:colcon.colcon_core.package_identification:_identify(results/case_3_section_c) by extension 'python_setup_py'
[0.200s] Level 1:colcon.colcon_core.package_identification:_identify(results/case_4_maze_three) by extensions ['ignore', 'ignore_ament_install']
[0.201s] Level 1:colcon.colcon_core.package_identification:_identify(results/case_4_maze_three) by extension 'ignore'
[0.201s] Level 1:colcon.colcon_core.package_identification:_identify(results/case_4_maze_three) by extension 'ignore_ament_install'
[0.201s] Level 1:colcon.colcon_core.package_identification:_identify(results/case_4_maze_three) by extensions ['colcon_pkg']
[0.201s] Level 1:colcon.colcon_core.package_identification:_identify(results/case_4_maze_three) by extension 'colcon_pkg'
[0.201s] Level 1:colcon.colcon_core.package_identification:_identify(results/case_4_maze_three) by extensions ['colcon_meta']
[0.201s] Level 1:colcon.colcon_core.package_identification:_identify(results/case_4_maze_three) by extension 'colcon_meta'
[0.201s] Level 1:colcon.colcon_core.package_identification:_identify(results/case_4_maze_three) by extensions ['ros']
[0.201s] Level 1:colcon.colcon_core.package_identification:_identify(results/case_4_maze_three) by extension 'ros'
[0.201s] Level 1:colcon.colcon_core.package_identification:_identify(results/case_4_maze_three) by extensions ['cmake', 'python']
[0.201s] Level 1:colcon.colcon_core.package_identification:_identify(results/case_4_maze_three) by extension 'cmake'
[0.201s] Level 1:colcon.colcon_core.package_identification:_identify(results/case_4_maze_three) by extension 'python'
[0.201s] Level 1:colcon.colcon_core.package_identification:_identify(results/case_4_maze_three) by extensions ['python_setup_py']
[0.201s] Level 1:colcon.colcon_core.package_identification:_identify(results/case_4_maze_three) by extension 'python_setup_py'
[0.201s] Level 1:colcon.colcon_core.package_identification:_identify(results/case_5_big_multi) by extensions ['ignore', 'ignore_ament_install']
[0.201s] Level 1:colcon.colcon_core.package_identification:_identify(results/case_5_big_multi) by extension 'ignore'
[0.201s] Level 1:colcon.colcon_core.package_identification:_identify(results/case_5_big_multi) by extension 'ignore_ament_install'
[0.201s] Level 1:colcon.colcon_core.package_identification:_identify(results/case_5_big_multi) by extensions ['colcon_pkg']
[0.201s] Level 1:colcon.colcon_core.package_identification:_identify(results/case_5_big_multi) by extension 'colcon_pkg'
[0.201s] Level 1:colcon.colcon_core.package_identification:_identify(results/case_5_big_multi) by extensions ['colcon_meta']
[0.201s] Level 1:colcon.colcon_core.package_identification:_identify(results/case_5_big_multi) by extension 'colcon_meta'
[0.201s] Level 1:colcon.colcon_core.package_identification:_identify(results/case_5_big_multi) by extensions ['ros']
[0.201s] Level 1:colcon.colcon_core.package_identification:_identify(results/case_5_big_multi) by extension 'ros'
[0.201s] Level 1:colcon.colcon_core.package_identification:_identify(results/case_5_big_multi) by extensions ['cmake', 'python']
[0.201s] Level 1:colcon.colcon_core.package_identification:_identify(results/case_5_big_multi) by extension 'cmake'
[0.201s] Level 1:colcon.colcon_core.package_identification:_identify(results/case_5_big_multi) by extension 'python'
[0.201s] Level 1:colcon.colcon_core.package_identification:_identify(results/case_5_big_multi) by extensions ['python_setup_py']
[0.201s] Level 1:colcon.colcon_core.package_identification:_identify(results/case_5_big_multi) by extension 'python_setup_py'
[0.201s] Level 1:colcon.colcon_core.package_identification:_identify(results/case_6_eid_update) by extensions ['ignore', 'ignore_ament_install']
[0.201s] Level 1:colcon.colcon_core.package_identification:_identify(results/case_6_eid_update) by extension 'ignore'
[0.201s] Level 1:colcon.colcon_core.package_identification:_identify(results/case_6_eid_update) by extension 'ignore_ament_install'
[0.201s] Level 1:colcon.colcon_core.package_identification:_identify(results/case_6_eid_update) by extensions ['colcon_pkg']
[0.201s] Level 1:colcon.colcon_core.package_identification:_identify(results/case_6_eid_update) by extension 'colcon_pkg'
[0.201s] Level 1:colcon.colcon_core.package_identification:_identify(results/case_6_eid_update) by extensions ['colcon_meta']
[0.201s] Level 1:colcon.colcon_core.package_identification:_identify(results/case_6_eid_update) by extension 'colcon_meta'
[0.201s] Level 1:colcon.colcon_core.package_identification:_identify(results/case_6_eid_update) by extensions ['ros']
[0.201s] Level 1:colcon.colcon_core.package_identification:_identify(results/case_6_eid_update) by extension 'ros'
[0.201s] Level 1:colcon.colcon_core.package_identification:_identify(results/case_6_eid_update) by extensions ['cmake', 'python']
[0.201s] Level 1:colcon.colcon_core.package_identification:_identify(results/case_6_eid_update) by extension 'cmake'
[0.201s] Level 1:colcon.colcon_core.package_identification:_identify(results/case_6_eid_update) by extension 'python'
[0.201s] Level 1:colcon.colcon_core.package_identification:_identify(results/case_6_eid_update) by extensions ['python_setup_py']
[0.201s] Level 1:colcon.colcon_core.package_identification:_identify(results/case_6_eid_update) by extension 'python_setup_py'
[0.202s] Level 1:colcon.colcon_core.package_identification:_identify(results/relevant_screenshots) by extensions ['ignore', 'ignore_ament_install']
[0.202s] Level 1:colcon.colcon_core.package_identification:_identify(results/relevant_screenshots) by extension 'ignore'
[0.202s] Level 1:colcon.colcon_core.package_identification:_identify(results/relevant_screenshots) by extension 'ignore_ament_install'
[0.202s] Level 1:colcon.colcon_core.package_identification:_identify(results/relevant_screenshots) by extensions ['colcon_pkg']
[0.202s] Level 1:colcon.colcon_core.package_identification:_identify(results/relevant_screenshots) by extension 'colcon_pkg'
[0.202s] Level 1:colcon.colcon_core.package_identification:_identify(results/relevant_screenshots) by extensions ['colcon_meta']
[0.202s] Level 1:colcon.colcon_core.package_identification:_identify(results/relevant_screenshots) by extension 'colcon_meta'
[0.202s] Level 1:colcon.colcon_core.package_identification:_identify(results/relevant_screenshots) by extensions ['ros']
[0.202s] Level 1:colcon.colcon_core.package_identification:_identify(results/relevant_screenshots) by extension 'ros'
[0.202s] Level 1:colcon.colcon_core.package_identification:_identify(results/relevant_screenshots) by extensions ['cmake', 'python']
[0.202s] Level 1:colcon.colcon_core.package_identification:_identify(results/relevant_screenshots) by extension 'cmake'
[0.202s] Level 1:colcon.colcon_core.package_identification:_identify(results/relevant_screenshots) by extension 'python'
[0.202s] Level 1:colcon.colcon_core.package_identification:_identify(results/relevant_screenshots) by extensions ['python_setup_py']
[0.202s] Level 1:colcon.colcon_core.package_identification:_identify(results/relevant_screenshots) by extension 'python_setup_py'
[0.202s] Level 1:colcon.colcon_core.package_identification:_identify(src) by extensions ['ignore', 'ignore_ament_install']
[0.202s] Level 1:colcon.colcon_core.package_identification:_identify(src) by extension 'ignore'
[0.202s] Level 1:colcon.colcon_core.package_identification:_identify(src) by extension 'ignore_ament_install'
[0.202s] Level 1:colcon.colcon_core.package_identification:_identify(src) by extensions ['colcon_pkg']
[0.202s] Level 1:colcon.colcon_core.package_identification:_identify(src) by extension 'colcon_pkg'
[0.202s] Level 1:colcon.colcon_core.package_identification:_identify(src) by extensions ['colcon_meta']
[0.202s] Level 1:colcon.colcon_core.package_identification:_identify(src) by extension 'colcon_meta'
[0.202s] Level 1:colcon.colcon_core.package_identification:_identify(src) by extensions ['ros']
[0.202s] Level 1:colcon.colcon_core.package_identification:_identify(src) by extension 'ros'
[0.202s] Level 1:colcon.colcon_core.package_identification:_identify(src) by extensions ['cmake', 'python']
[0.202s] Level 1:colcon.colcon_core.package_identification:_identify(src) by extension 'cmake'
[0.202s] Level 1:colcon.colcon_core.package_identification:_identify(src) by extension 'python'
[0.202s] Level 1:colcon.colcon_core.package_identification:_identify(src) by extensions ['python_setup_py']
[0.202s] Level 1:colcon.colcon_core.package_identification:_identify(src) by extension 'python_setup_py'
[0.202s] Level 1:colcon.colcon_core.package_identification:_identify(src/ergodic_exploration) by extensions ['ignore', 'ignore_ament_install']
[0.202s] Level 1:colcon.colcon_core.package_identification:_identify(src/ergodic_exploration) by extension 'ignore'
[0.202s] Level 1:colcon.colcon_core.package_identification:_identify(src/ergodic_exploration) by extension 'ignore_ament_install'
[0.202s] Level 1:colcon.colcon_core.package_identification:_identify(src/ergodic_exploration) by extensions ['colcon_pkg']
[0.202s] Level 1:colcon.colcon_core.package_identification:_identify(src/ergodic_exploration) by extension 'colcon_pkg'
[0.202s] Level 1:colcon.colcon_core.package_identification:_identify(src/ergodic_exploration) by extensions ['colcon_meta']
[0.202s] Level 1:colcon.colcon_core.package_identification:_identify(src/ergodic_exploration) by extension 'colcon_meta'
[0.202s] Level 1:colcon.colcon_core.package_identification:_identify(src/ergodic_exploration) by extensions ['ros']
[0.202s] Level 1:colcon.colcon_core.package_identification:_identify(src/ergodic_exploration) by extension 'ros'
[0.204s] DEBUG:colcon.colcon_core.package_identification:Package 'src/ergodic_exploration' with type 'ros.ament_python' and name 'ergodic_exploration'
[0.204s] Level 1:colcon.colcon_core.package_identification:_identify(src/my_interfaces) by extensions ['ignore', 'ignore_ament_install']
[0.204s] Level 1:colcon.colcon_core.package_identification:_identify(src/my_interfaces) by extension 'ignore'
[0.204s] Level 1:colcon.colcon_core.package_identification:_identify(src/my_interfaces) by extension 'ignore_ament_install'
[0.205s] Level 1:colcon.colcon_core.package_identification:_identify(src/my_interfaces) by extensions ['colcon_pkg']
[0.205s] Level 1:colcon.colcon_core.package_identification:_identify(src/my_interfaces) by extension 'colcon_pkg'
[0.205s] Level 1:colcon.colcon_core.package_identification:_identify(src/my_interfaces) by extensions ['colcon_meta']
[0.205s] Level 1:colcon.colcon_core.package_identification:_identify(src/my_interfaces) by extension 'colcon_meta'
[0.205s] Level 1:colcon.colcon_core.package_identification:_identify(src/my_interfaces) by extensions ['ros']
[0.205s] Level 1:colcon.colcon_core.package_identification:_identify(src/my_interfaces) by extension 'ros'
[0.205s] DEBUG:colcon.colcon_core.package_identification:Package 'src/my_interfaces' with type 'ros.ament_cmake' and name 'my_interfaces'
[0.205s] Level 1:colcon.colcon_core.package_discovery:discover_packages(recursive) using defaults
[0.205s] Level 1:colcon.colcon_core.package_discovery:discover_packages(ignore) discover
[0.205s] Level 1:colcon.colcon_core.package_discovery:discover_packages(ignore) using defaults
[0.205s] Level 1:colcon.colcon_core.package_discovery:discover_packages(path) discover
[0.205s] Level 1:colcon.colcon_core.package_discovery:discover_packages(path) using defaults
[0.218s] Level 1:colcon.colcon_core.package_discovery:discover_packages(prefix_path) check parameters
[0.218s] Level 1:colcon.colcon_core.package_discovery:discover_packages(prefix_path) discover
[0.218s] WARNING:colcon.colcon_ros.prefix_path.ament:The path '/home/avavvas/dipl/install/ergodic_exploration' in the environment variable AMENT_PREFIX_PATH doesn't exist
[0.218s] WARNING:colcon.colcon_ros.prefix_path.ament:The path '/home/avavvas/dipl/install/my_interfaces' in the environment variable AMENT_PREFIX_PATH doesn't exist
[0.218s] WARNING:colcon.colcon_ros.prefix_path.catkin:The path '/home/avavvas/dipl/install/my_interfaces' in the environment variable CMAKE_PREFIX_PATH doesn't exist
[0.219s] DEBUG:colcon.colcon_installed_package_information.package_discovery:Found 0 installed packages in /home/avavvas/dipl/install
[0.219s] DEBUG:colcon.colcon_installed_package_information.package_discovery:Found 318 installed packages in /opt/ros/humble
[0.220s] Level 1:colcon.colcon_core.package_discovery:discover_packages(prefix_path) using defaults
[0.243s] Level 5:colcon.colcon_core.verb:set package 'my_interfaces' build argument 'cmake_args' from command line to 'None'
[0.243s] Level 5:colcon.colcon_core.verb:set package 'my_interfaces' build argument 'cmake_target' from command line to 'None'
[0.243s] Level 5:colcon.colcon_core.verb:set package 'my_interfaces' build argument 'cmake_target_skip_unavailable' from command line to 'False'
[0.243s] Level 5:colcon.colcon_core.verb:set package 'my_interfaces' build argument 'cmake_clean_cache' from command line to 'False'
[0.243s] Level 5:colcon.colcon_core.verb:set package 'my_interfaces' build argument 'cmake_clean_first' from command line to 'False'
[0.243s] Level 5:colcon.colcon_core.verb:set package 'my_interfaces' build argument 'cmake_force_configure' from command line to 'False'
[0.243s] Level 5:colcon.colcon_core.verb:set package 'my_interfaces' build argument 'ament_cmake_args' from command line to 'None'
[0.243s] Level 5:colcon.colcon_core.verb:set package 'my_interfaces' build argument 'catkin_cmake_args' from command line to 'None'
[0.243s] Level 5:colcon.colcon_core.verb:set package 'my_interfaces' build argument 'catkin_skip_building_tests' from command line to 'False'
[0.243s] DEBUG:colcon.colcon_core.verb:Building package 'my_interfaces' with the following arguments: {'ament_cmake_args': None, 'build_base': '/home/avavvas/dipl/build/my_interfaces', 'catkin_cmake_args': None, 'catkin_skip_building_tests': False, 'cmake_args': None, 'cmake_clean_cache': False, 'cmake_clean_first': False, 'cmake_force_configure': False, 'cmake_target': None, 'cmake_target_skip_unavailable': False, 'install_base': '/home/avavvas/dipl/install/my_interfaces', 'merge_install': False, 'path': '/home/avavvas/dipl/src/my_interfaces', 'symlink_install': True, 'test_result_base': None}
[0.243s] Level 5:colcon.colcon_core.verb:set package 'ergodic_exploration' build argument 'cmake_args' from command line to 'None'
[0.243s] Level 5:colcon.colcon_core.verb:set package 'ergodic_exploration' build argument 'cmake_target' from command line to 'None'
[0.243s] Level 5:colcon.colcon_core.verb:set package 'ergodic_exploration' build argument 'cmake_target_skip_unavailable' from command line to 'False'
[0.243s] Level 5:colcon.colcon_core.verb:set package 'ergodic_exploration' build argument 'cmake_clean_cache' from command line to 'False'
[0.243s] Level 5:colcon.colcon_core.verb:set package 'ergodic_exploration' build argument 'cmake_clean_first' from command line to 'False'
[0.243s] Level 5:colcon.colcon_core.verb:set package 'ergodic_exploration' build argument 'cmake_force_configure' from command line to 'False'
[0.243s] Level 5:colcon.colcon_core.verb:set package 'ergodic_exploration' build argument 'ament_cmake_args' from command line to 'None'
[0.243s] Level 5:colcon.colcon_core.verb:set package 'ergodic_exploration' build argument 'catkin_cmake_args' from command line to 'None'
[0.243s] Level 5:colcon.colcon_core.verb:set package 'ergodic_exploration' build argument 'catkin_skip_building_tests' from command line to 'False'
[0.243s] DEBUG:colcon.colcon_core.verb:Building package 'ergodic_exploration' with the following arguments: {'ament_cmake_args': None, 'build_base': '/home/avavvas/dipl/build/ergodic_exploration', 'catkin_cmake_args': None, 'catkin_skip_building_tests': False, 'cmake_args': None, 'cmake_clean_cache': False, 'cmake_clean_first': False, 'cmake_force_configure': False, 'cmake_target': None, 'cmake_target_skip_unavailable': False, 'install_base': '/home/avavvas/dipl/install/ergodic_exploration', 'merge_install': False, 'path': '/home/avavvas/dipl/src/ergodic_exploration', 'symlink_install': True, 'test_result_base': None}
[0.243s] INFO:colcon.colcon_core.executor:Executing jobs using 'parallel' executor
[0.245s] DEBUG:colcon.colcon_parallel_executor.executor.parallel:run_until_complete
[0.245s] INFO:colcon.colcon_ros.task.ament_cmake.build:Building ROS package in '/home/avavvas/dipl/src/my_interfaces' with build type 'ament_cmake'
[0.245s] INFO:colcon.colcon_cmake.task.cmake.build:Building CMake package in '/home/avavvas/dipl/src/my_interfaces'
[0.248s] INFO:colcon.colcon_core.plugin_system:Skipping extension 'colcon_core.shell.bat': Not used on non-Windows systems
[0.248s] INFO:colcon.colcon_core.shell:Skip shell extension 'powershell' for command environment: Not usable outside of PowerShell
[0.248s] DEBUG:colcon.colcon_core.shell:Skip shell extension 'dsv' for command environment
[0.257s] DEBUG:colcon.colcon_core.event_handler.log_command:Invoking command in '/home/avavvas/dipl/build/my_interfaces': CMAKE_PREFIX_PATH=${CMAKE_PREFIX_PATH}:/home/avavvas/dipl/install/ergodic_exploration:/opt/ros/humble /usr/bin/cmake /home/avavvas/dipl/src/my_interfaces -DAMENT_CMAKE_SYMLINK_INSTALL=1 -DCMAKE_INSTALL_PREFIX=/home/avavvas/dipl/install/my_interfaces
[1.707s] DEBUG:colcon.colcon_core.event_handler.log_command:Invoked command in '/home/avavvas/dipl/build/my_interfaces' returned '0': CMAKE_PREFIX_PATH=${CMAKE_PREFIX_PATH}:/home/avavvas/dipl/install/ergodic_exploration:/opt/ros/humble /usr/bin/cmake /home/avavvas/dipl/src/my_interfaces -DAMENT_CMAKE_SYMLINK_INSTALL=1 -DCMAKE_INSTALL_PREFIX=/home/avavvas/dipl/install/my_interfaces
[1.708s] DEBUG:colcon.colcon_core.event_handler.log_command:Invoking command in '/home/avavvas/dipl/build/my_interfaces': CMAKE_PREFIX_PATH=${CMAKE_PREFIX_PATH}:/home/avavvas/dipl/install/ergodic_exploration:/opt/ros/humble /usr/bin/cmake --build /home/avavvas/dipl/build/my_interfaces -- -j12 -l12
[7.275s] DEBUG:colcon.colcon_core.event_handler.log_command:Invoked command in '/home/avavvas/dipl/build/my_interfaces' returned '0': CMAKE_PREFIX_PATH=${CMAKE_PREFIX_PATH}:/home/avavvas/dipl/install/ergodic_exploration:/opt/ros/humble /usr/bin/cmake --build /home/avavvas/dipl/build/my_interfaces -- -j12 -l12
[7.284s] DEBUG:colcon.colcon_core.event_handler.log_command:Invoking command in '/home/avavvas/dipl/build/my_interfaces': CMAKE_PREFIX_PATH=${CMAKE_PREFIX_PATH}:/home/avavvas/dipl/install/ergodic_exploration:/opt/ros/humble /usr/bin/cmake --install /home/avavvas/dipl/build/my_interfaces
[9.309s] Level 1:colcon.colcon_core.environment:create_environment_scripts_only(my_interfaces)
[9.309s] DEBUG:colcon.colcon_core.event_handler.log_command:Invoked command in '/home/avavvas/dipl/build/my_interfaces' returned '0': CMAKE_PREFIX_PATH=${CMAKE_PREFIX_PATH}:/home/avavvas/dipl/install/ergodic_exploration:/opt/ros/humble /usr/bin/cmake --install /home/avavvas/dipl/build/my_interfaces
[9.312s] Level 1:colcon.colcon_core.environment:checking '/home/avavvas/dipl/install/my_interfaces' for CMake module files
[9.313s] Level 1:colcon.colcon_core.environment:checking '/home/avavvas/dipl/install/my_interfaces' for CMake config files
[9.314s] Level 1:colcon.colcon_core.shell:create_environment_hook('my_interfaces', 'cmake_prefix_path')
[9.314s] INFO:colcon.colcon_core.shell:Creating environment hook '/home/avavvas/dipl/install/my_interfaces/share/my_interfaces/hook/cmake_prefix_path.ps1'
[9.315s] INFO:colcon.colcon_core.shell:Creating environment descriptor '/home/avavvas/dipl/install/my_interfaces/share/my_interfaces/hook/cmake_prefix_path.dsv'
[9.315s] INFO:colcon.colcon_core.shell:Creating environment hook '/home/avavvas/dipl/install/my_interfaces/share/my_interfaces/hook/cmake_prefix_path.sh'
[9.316s] Level 1:colcon.colcon_core.environment:checking '/home/avavvas/dipl/install/my_interfaces/lib'
[9.316s] Level 1:colcon.colcon_core.shell:create_environment_hook('my_interfaces', 'ld_library_path_lib')
[9.316s] INFO:colcon.colcon_core.shell:Creating environment hook '/home/avavvas/dipl/install/my_interfaces/share/my_interfaces/hook/ld_library_path_lib.ps1'
[9.317s] INFO:colcon.colcon_core.shell:Creating environment descriptor '/home/avavvas/dipl/install/my_interfaces/share/my_interfaces/hook/ld_library_path_lib.dsv'
[9.317s] INFO:colcon.colcon_core.shell:Creating environment hook '/home/avavvas/dipl/install/my_interfaces/share/my_interfaces/hook/ld_library_path_lib.sh'
[9.317s] Level 1:colcon.colcon_core.environment:checking '/home/avavvas/dipl/install/my_interfaces/bin'
[9.317s] Level 1:colcon.colcon_core.environment:checking '/home/avavvas/dipl/install/my_interfaces/lib/pkgconfig/my_interfaces.pc'
[9.317s] Level 1:colcon.colcon_core.environment:checking '/home/avavvas/dipl/install/my_interfaces/lib/python3.10/site-packages'
[9.318s] Level 1:colcon.colcon_core.environment:checking '/home/avavvas/dipl/install/my_interfaces/bin'
[9.318s] INFO:colcon.colcon_core.shell:Creating package script '/home/avavvas/dipl/install/my_interfaces/share/my_interfaces/package.ps1'
[9.318s] INFO:colcon.colcon_core.shell:Creating package descriptor '/home/avavvas/dipl/install/my_interfaces/share/my_interfaces/package.dsv'
[9.319s] INFO:colcon.colcon_core.shell:Creating package script '/home/avavvas/dipl/install/my_interfaces/share/my_interfaces/package.sh'
[9.319s] INFO:colcon.colcon_core.shell:Creating package script '/home/avavvas/dipl/install/my_interfaces/share/my_interfaces/package.bash'
[9.320s] INFO:colcon.colcon_core.shell:Creating package script '/home/avavvas/dipl/install/my_interfaces/share/my_interfaces/package.zsh'
[9.320s] Level 1:colcon.colcon_core.environment:create_file_with_runtime_dependencies(/home/avavvas/dipl/install/my_interfaces/share/colcon-core/packages/my_interfaces)
[9.320s] Level 1:colcon.colcon_core.environment:create_environment_scripts_only(my_interfaces)
[9.321s] Level 1:colcon.colcon_core.environment:checking '/home/avavvas/dipl/install/my_interfaces' for CMake module files
[9.321s] Level 1:colcon.colcon_core.environment:checking '/home/avavvas/dipl/install/my_interfaces' for CMake config files
[9.321s] Level 1:colcon.colcon_core.shell:create_environment_hook('my_interfaces', 'cmake_prefix_path')
[9.321s] INFO:colcon.colcon_core.shell:Creating environment hook '/home/avavvas/dipl/install/my_interfaces/share/my_interfaces/hook/cmake_prefix_path.ps1'
[9.321s] INFO:colcon.colcon_core.shell:Creating environment descriptor '/home/avavvas/dipl/install/my_interfaces/share/my_interfaces/hook/cmake_prefix_path.dsv'
[9.322s] INFO:colcon.colcon_core.shell:Creating environment hook '/home/avavvas/dipl/install/my_interfaces/share/my_interfaces/hook/cmake_prefix_path.sh'
[9.322s] Level 1:colcon.colcon_core.environment:checking '/home/avavvas/dipl/install/my_interfaces/lib'
[9.322s] Level 1:colcon.colcon_core.shell:create_environment_hook('my_interfaces', 'ld_library_path_lib')
[9.322s] INFO:colcon.colcon_core.shell:Creating environment hook '/home/avavvas/dipl/install/my_interfaces/share/my_interfaces/hook/ld_library_path_lib.ps1'
[9.322s] INFO:colcon.colcon_core.shell:Creating environment descriptor '/home/avavvas/dipl/install/my_interfaces/share/my_interfaces/hook/ld_library_path_lib.dsv'
[9.322s] INFO:colcon.colcon_core.shell:Creating environment hook '/home/avavvas/dipl/install/my_interfaces/share/my_interfaces/hook/ld_library_path_lib.sh'
[9.323s] Level 1:colcon.colcon_core.environment:checking '/home/avavvas/dipl/install/my_interfaces/bin'
[9.323s] Level 1:colcon.colcon_core.environment:checking '/home/avavvas/dipl/install/my_interfaces/lib/pkgconfig/my_interfaces.pc'
[9.323s] Level 1:colcon.colcon_core.environment:checking '/home/avavvas/dipl/install/my_interfaces/lib/python3.10/site-packages'
[9.323s] Level 1:colcon.colcon_core.environment:checking '/home/avavvas/dipl/install/my_interfaces/bin'
[9.323s] INFO:colcon.colcon_core.shell:Creating package script '/home/avavvas/dipl/install/my_interfaces/share/my_interfaces/package.ps1'
[9.324s] INFO:colcon.colcon_core.shell:Creating package descriptor '/home/avavvas/dipl/install/my_interfaces/share/my_interfaces/package.dsv'
[9.324s] INFO:colcon.colcon_core.shell:Creating package script '/home/avavvas/dipl/install/my_interfaces/share/my_interfaces/package.sh'
[9.324s] INFO:colcon.colcon_core.shell:Creating package script '/home/avavvas/dipl/install/my_interfaces/share/my_interfaces/package.bash'
[9.324s] INFO:colcon.colcon_core.shell:Creating package script '/home/avavvas/dipl/install/my_interfaces/share/my_interfaces/package.zsh'
[9.324s] Level 1:colcon.colcon_core.environment:create_file_with_runtime_dependencies(/home/avavvas/dipl/install/my_interfaces/share/colcon-core/packages/my_interfaces)
[9.325s] INFO:colcon.colcon_ros.task.ament_python.build:Building ROS package in '/home/avavvas/dipl/src/ergodic_exploration' with build type 'ament_python'
[9.325s] Level 1:colcon.colcon_core.shell:create_environment_hook('ergodic_exploration', 'ament_prefix_path')
[9.325s] INFO:colcon.colcon_core.shell:Creating environment hook '/home/avavvas/dipl/install/ergodic_exploration/share/ergodic_exploration/hook/ament_prefix_path.ps1'
[9.325s] INFO:colcon.colcon_core.shell:Creating environment descriptor '/home/avavvas/dipl/install/ergodic_exploration/share/ergodic_exploration/hook/ament_prefix_path.dsv'
[9.326s] INFO:colcon.colcon_core.shell:Creating environment hook '/home/avavvas/dipl/install/ergodic_exploration/share/ergodic_exploration/hook/ament_prefix_path.sh'
[9.326s] INFO:colcon.colcon_core.shell:Skip shell extension 'powershell' for command environment: Not usable outside of PowerShell
[9.326s] DEBUG:colcon.colcon_core.shell:Skip shell extension 'dsv' for command environment
[9.508s] INFO:colcon.colcon_core.task.python.build:Building Python package in '/home/avavvas/dipl/src/ergodic_exploration'
[9.509s] INFO:colcon.colcon_core.shell:Skip shell extension 'powershell' for command environment: Not usable outside of PowerShell
[9.509s] DEBUG:colcon.colcon_core.shell:Skip shell extension 'dsv' for command environment
[9.773s] DEBUG:colcon.colcon_core.event_handler.log_command:Invoking command in '/home/avavvas/dipl/build/ergodic_exploration': PYTHONPATH=/home/avavvas/dipl/build/ergodic_exploration/prefix_override:/usr/lib/python3/dist-packages/colcon_core/task/python/colcon_distutils_commands:/home/avavvas/dipl/install/ergodic_exploration/lib/python3.10/site-packages:${PYTHONPATH} /usr/bin/python3 -W ignore:setup.py install is deprecated -W ignore:easy_install command is deprecated setup.py develop --editable --build-directory /home/avavvas/dipl/build/ergodic_exploration/build --no-deps symlink_data
[10.066s] Level 1:colcon.colcon_core.shell:create_environment_hook('ergodic_exploration', 'pythonpath_develop')
[10.067s] INFO:colcon.colcon_core.shell:Creating environment hook '/home/avavvas/dipl/build/ergodic_exploration/share/ergodic_exploration/hook/pythonpath_develop.ps1'
[10.068s] DEBUG:colcon.colcon_core.event_handler.log_command:Invoked command in '/home/avavvas/dipl/build/ergodic_exploration' returned '0': PYTHONPATH=/home/avavvas/dipl/build/ergodic_exploration/prefix_override:/usr/lib/python3/dist-packages/colcon_core/task/python/colcon_distutils_commands:/home/avavvas/dipl/install/ergodic_exploration/lib/python3.10/site-packages:${PYTHONPATH} /usr/bin/python3 -W ignore:setup.py install is deprecated -W ignore:easy_install command is deprecated setup.py develop --editable --build-directory /home/avavvas/dipl/build/ergodic_exploration/build --no-deps symlink_data
[10.068s] INFO:colcon.colcon_core.shell:Creating environment descriptor '/home/avavvas/dipl/build/ergodic_exploration/share/ergodic_exploration/hook/pythonpath_develop.dsv'
[10.068s] INFO:colcon.colcon_core.shell:Creating environment hook '/home/avavvas/dipl/build/ergodic_exploration/share/ergodic_exploration/hook/pythonpath_develop.sh'
[10.069s] Level 1:colcon.colcon_core.environment:checking '/home/avavvas/dipl/install/ergodic_exploration' for CMake module files
[10.070s] Level 1:colcon.colcon_core.environment:checking '/home/avavvas/dipl/install/ergodic_exploration' for CMake config files
[10.071s] Level 1:colcon.colcon_core.environment:checking '/home/avavvas/dipl/install/ergodic_exploration/lib'
[10.071s] Level 1:colcon.colcon_core.environment:checking '/home/avavvas/dipl/install/ergodic_exploration/bin'
[10.071s] Level 1:colcon.colcon_core.environment:checking '/home/avavvas/dipl/install/ergodic_exploration/lib/pkgconfig/ergodic_exploration.pc'
[10.071s] Level 1:colcon.colcon_core.environment:checking '/home/avavvas/dipl/install/ergodic_exploration/lib/python3.10/site-packages'
[10.071s] Level 1:colcon.colcon_core.shell:create_environment_hook('ergodic_exploration', 'pythonpath')
[10.071s] INFO:colcon.colcon_core.shell:Creating environment hook '/home/avavvas/dipl/install/ergodic_exploration/share/ergodic_exploration/hook/pythonpath.ps1'
[10.072s] INFO:colcon.colcon_core.shell:Creating environment descriptor '/home/avavvas/dipl/install/ergodic_exploration/share/ergodic_exploration/hook/pythonpath.dsv'
[10.072s] INFO:colcon.colcon_core.shell:Creating environment hook '/home/avavvas/dipl/install/ergodic_exploration/share/ergodic_exploration/hook/pythonpath.sh'
[10.073s] Level 1:colcon.colcon_core.environment:checking '/home/avavvas/dipl/install/ergodic_exploration/bin'
[10.073s] Level 1:colcon.colcon_core.environment:create_environment_scripts_only(ergodic_exploration)
[10.074s] INFO:colcon.colcon_core.shell:Creating package script '/home/avavvas/dipl/install/ergodic_exploration/share/ergodic_exploration/package.ps1'
[10.074s] INFO:colcon.colcon_core.shell:Creating package descriptor '/home/avavvas/dipl/install/ergodic_exploration/share/ergodic_exploration/package.dsv'
[10.075s] INFO:colcon.colcon_core.shell:Creating package script '/home/avavvas/dipl/install/ergodic_exploration/share/ergodic_exploration/package.sh'
[10.075s] INFO:colcon.colcon_core.shell:Creating package script '/home/avavvas/dipl/install/ergodic_exploration/share/ergodic_exploration/package.bash'
[10.076s] INFO:colcon.colcon_core.shell:Creating package script '/home/avavvas/dipl/install/ergodic_exploration/share/ergodic_exploration/package.zsh'
[10.076s] Level 1:colcon.colcon_core.environment:create_file_with_runtime_dependencies(/home/avavvas/dipl/install/ergodic_exploration/share/colcon-core/packages/ergodic_exploration)
[10.077s] DEBUG:colcon.colcon_parallel_executor.executor.parallel:closing loop
[10.077s] DEBUG:colcon.colcon_parallel_executor.executor.parallel:loop closed
[10.077s] DEBUG:colcon.colcon_parallel_executor.executor.parallel:run_until_complete finished with '0'
[10.077s] DEBUG:colcon.colcon_core.event_reactor:joining thread
[10.082s] INFO:colcon.colcon_core.plugin_system:Skipping extension 'colcon_notification.desktop_notification.terminal_notifier': Not used on non-Darwin systems
[10.082s] INFO:colcon.colcon_core.plugin_system:Skipping extension 'colcon_notification.desktop_notification.win32': Not used on non-Windows systems
[10.082s] INFO:colcon.colcon_notification.desktop_notification:Sending desktop notification using 'notify2'
[10.096s] DEBUG:colcon.colcon_core.event_reactor:joined thread
[10.097s] INFO:colcon.colcon_core.shell:Creating prefix script '/home/avavvas/dipl/install/local_setup.ps1'
[10.098s] INFO:colcon.colcon_core.shell:Creating prefix util module '/home/avavvas/dipl/install/_local_setup_util_ps1.py'
[10.101s] INFO:colcon.colcon_core.shell:Creating prefix chain script '/home/avavvas/dipl/install/setup.ps1'
[10.103s] INFO:colcon.colcon_core.shell:Creating prefix script '/home/avavvas/dipl/install/local_setup.sh'
[10.104s] INFO:colcon.colcon_core.shell:Creating prefix util module '/home/avavvas/dipl/install/_local_setup_util_sh.py'
[10.105s] INFO:colcon.colcon_core.shell:Creating prefix chain script '/home/avavvas/dipl/install/setup.sh'
[10.107s] INFO:colcon.colcon_core.shell:Creating prefix script '/home/avavvas/dipl/install/local_setup.bash'
[10.108s] INFO:colcon.colcon_core.shell:Creating prefix chain script '/home/avavvas/dipl/install/setup.bash'
[10.110s] INFO:colcon.colcon_core.shell:Creating prefix script '/home/avavvas/dipl/install/local_setup.zsh'
[10.111s] INFO:colcon.colcon_core.shell:Creating prefix chain script '/home/avavvas/dipl/install/setup.zsh'
