[0.554s] DEBUG:colcon:Command line arguments: ['/usr/bin/colcon', 'build']
[0.554s] DEBUG:colcon:Parsed command line arguments: Namespace(log_base=None, log_level=None, verb_name='build', build_base='build', install_base='install', merge_install=False, symlink_install=False, test_result_base=None, continue_on_error=False, executor='parallel', parallel_workers=12, event_handlers=None, ignore_user_meta=False, metas=['./colcon.meta'], base_paths=['.'], packages_ignore=None, packages_ignore_regex=None, paths=None, packages_up_to=None, packages_up_to_regex=None, packages_above=None, packages_above_and_dependencies=None, packages_above_depth=None, packages_select_by_dep=None, packages_skip_by_dep=None, packages_skip_up_to=None, packages_select_build_failed=False, packages_skip_build_finished=False, packages_select_test_failures=False, packages_skip_test_passed=False, packages_select=None, packages_skip=None, packages_select_regex=None, packages_skip_regex=None, packages_start=None, packages_end=None, allow_overriding=[], cmake_args=None, cmake_target=None, cmake_target_skip_unavailable=False, cmake_clean_cache=False, cmake_clean_first=False, cmake_force_configure=False, ament_cmake_args=None, catkin_cmake_args=None, catkin_skip_building_tests=False, mixin_files=None, mixin=None, verb_parser=<colcon_mixin.mixin.mixin_argument.MixinArgumentDecorator object at 0x7d6c8a969ea0>, verb_extension=<colcon_core.verb.build.BuildVerb object at 0x7d6c8aa5f4f0>, main=<bound method BuildVerb.main of <colcon_core.verb.build.BuildVerb object at 0x7d6c8aa5f4f0>>, mixin_verb=('build',))
[0.929s] Level 1:colcon.colcon_core.package_discovery:discover_packages(colcon_meta) check parameters
[0.930s] Level 1:colcon.colcon_core.package_discovery:discover_packages(recursive) check parameters
[0.930s] Level 1:colcon.colcon_core.package_discovery:discover_packages(ignore) check parameters
[0.930s] Level 1:colcon.colcon_core.package_discovery:discover_packages(path) check parameters
[0.931s] Level 1:colcon.colcon_core.package_discovery:discover_packages(colcon_meta) discover
[0.931s] Level 1:colcon.colcon_core.package_discovery:discover_packages(recursive) discover
[0.932s] INFO:colcon.colcon_core.package_discovery:Crawling recursively for packages in '/home/avavvas/dipl'
[0.933s] Level 1:colcon.colcon_core.package_identification:_identify(.) by extensions ['ignore', 'ignore_ament_install']
[0.933s] Level 1:colcon.colcon_core.package_identification:_identify(.) by extension 'ignore'
[0.934s] Level 1:colcon.colcon_core.package_identification:_identify(.) by extension 'ignore_ament_install'
[0.934s] Level 1:colcon.colcon_core.package_identification:_identify(.) by extensions ['colcon_pkg']
[0.935s] Level 1:colcon.colcon_core.package_identification:_identify(.) by extension 'colcon_pkg'
[0.935s] Level 1:colcon.colcon_core.package_identification:_identify(.) by extensions ['colcon_meta']
[0.935s] Level 1:colcon.colcon_core.package_identification:_identify(.) by extension 'colcon_meta'
[0.936s] Level 1:colcon.colcon_core.package_identification:_identify(.) by extensions ['ros']
[0.936s] Level 1:colcon.colcon_core.package_identification:_identify(.) by extension 'ros'
[1.205s] Level 1:colcon.colcon_core.package_identification:_identify(.) by extensions ['cmake', 'python']
[1.206s] Level 1:colcon.colcon_core.package_identification:_identify(.) by extension 'cmake'
[1.206s] Level 1:colcon.colcon_core.package_identification:_identify(.) by extension 'python'
[1.207s] Level 1:colcon.colcon_core.package_identification:_identify(.) by extensions ['python_setup_py']
[1.207s] Level 1:colcon.colcon_core.package_identification:_identify(.) by extension 'python_setup_py'
[1.208s] Level 1:colcon.colcon_core.package_identification:_identify(__pycache__) by extensions ['ignore', 'ignore_ament_install']
[1.209s] Level 1:colcon.colcon_core.package_identification:_identify(__pycache__) by extension 'ignore'
[1.210s] Level 1:colcon.colcon_core.package_identification:_identify(__pycache__) by extension 'ignore_ament_install'
[1.211s] Level 1:colcon.colcon_core.package_identification:_identify(__pycache__) by extensions ['colcon_pkg']
[1.211s] Level 1:colcon.colcon_core.package_identification:_identify(__pycache__) by extension 'colcon_pkg'
[1.211s] Level 1:colcon.colcon_core.package_identification:_identify(__pycache__) by extensions ['colcon_meta']
[1.212s] Level 1:colcon.colcon_core.package_identification:_identify(__pycache__) by extension 'colcon_meta'
[1.212s] Level 1:colcon.colcon_core.package_identification:_identify(__pycache__) by extensions ['ros']
[1.213s] Level 1:colcon.colcon_core.package_identification:_identify(__pycache__) by extension 'ros'
[1.213s] Level 1:colcon.colcon_core.package_identification:_identify(__pycache__) by extensions ['cmake', 'python']
[1.214s] Level 1:colcon.colcon_core.package_identification:_identify(__pycache__) by extension 'cmake'
[1.214s] Level 1:colcon.colcon_core.package_identification:_identify(__pycache__) by extension 'python'
[1.214s] Level 1:colcon.colcon_core.package_identification:_identify(__pycache__) by extensions ['python_setup_py']
[1.215s] Level 1:colcon.colcon_core.package_identification:_identify(__pycache__) by extension 'python_setup_py'
[1.216s] Level 1:colcon.colcon_core.package_identification:_identify(build) by extensions ['ignore', 'ignore_ament_install']
[1.216s] Level 1:colcon.colcon_core.package_identification:_identify(build) by extension 'ignore'
[1.217s] Level 1:colcon.colcon_core.package_identification:_identify(build) ignored
[1.218s] Level 1:colcon.colcon_core.package_identification:_identify(images) by extensions ['ignore', 'ignore_ament_install']
[1.219s] Level 1:colcon.colcon_core.package_identification:_identify(images) by extension 'ignore'
[1.220s] Level 1:colcon.colcon_core.package_identification:_identify(images) by extension 'ignore_ament_install'
[1.220s] Level 1:colcon.colcon_core.package_identification:_identify(images) by extensions ['colcon_pkg']
[1.221s] Level 1:colcon.colcon_core.package_identification:_identify(images) by extension 'colcon_pkg'
[1.221s] Level 1:colcon.colcon_core.package_identification:_identify(images) by extensions ['colcon_meta']
[1.221s] Level 1:colcon.colcon_core.package_identification:_identify(images) by extension 'colcon_meta'
[1.222s] Level 1:colcon.colcon_core.package_identification:_identify(images) by extensions ['ros']
[1.222s] Level 1:colcon.colcon_core.package_identification:_identify(images) by extension 'ros'
[1.223s] Level 1:colcon.colcon_core.package_identification:_identify(images) by extensions ['cmake', 'python']
[1.223s] Level 1:colcon.colcon_core.package_identification:_identify(images) by extension 'cmake'
[1.224s] Level 1:colcon.colcon_core.package_identification:_identify(images) by extension 'python'
[1.224s] Level 1:colcon.colcon_core.package_identification:_identify(images) by extensions ['python_setup_py']
[1.224s] Level 1:colcon.colcon_core.package_identification:_identify(images) by extension 'python_setup_py'
[1.225s] Level 1:colcon.colcon_core.package_identification:_identify(images/call) by extensions ['ignore', 'ignore_ament_install']
[1.226s] Level 1:colcon.colcon_core.package_identification:_identify(images/call) by extension 'ignore'
[1.226s] Level 1:colcon.colcon_core.package_identification:_identify(images/call) by extension 'ignore_ament_install'
[1.227s] Level 1:colcon.colcon_core.package_identification:_identify(images/call) by extensions ['colcon_pkg']
[1.227s] Level 1:colcon.colcon_core.package_identification:_identify(images/call) by extension 'colcon_pkg'
[1.228s] Level 1:colcon.colcon_core.package_identification:_identify(images/call) by extensions ['colcon_meta']
[1.228s] Level 1:colcon.colcon_core.package_identification:_identify(images/call) by extension 'colcon_meta'
[1.228s] Level 1:colcon.colcon_core.package_identification:_identify(images/call) by extensions ['ros']
[1.229s] Level 1:colcon.colcon_core.package_identification:_identify(images/call) by extension 'ros'
[1.229s] Level 1:colcon.colcon_core.package_identification:_identify(images/call) by extensions ['cmake', 'python']
[1.230s] Level 1:colcon.colcon_core.package_identification:_identify(images/call) by extension 'cmake'
[1.230s] Level 1:colcon.colcon_core.package_identification:_identify(images/call) by extension 'python'
[1.231s] Level 1:colcon.colcon_core.package_identification:_identify(images/call) by extensions ['python_setup_py']
[1.231s] Level 1:colcon.colcon_core.package_identification:_identify(images/call) by extension 'python_setup_py'
[1.232s] Level 1:colcon.colcon_core.package_identification:_identify(images/gifs) by extensions ['ignore', 'ignore_ament_install']
[1.233s] Level 1:colcon.colcon_core.package_identification:_identify(images/gifs) by extension 'ignore'
[1.233s] Level 1:colcon.colcon_core.package_identification:_identify(images/gifs) by extension 'ignore_ament_install'
[1.233s] Level 1:colcon.colcon_core.package_identification:_identify(images/gifs) by extensions ['colcon_pkg']
[1.234s] Level 1:colcon.colcon_core.package_identification:_identify(images/gifs) by extension 'colcon_pkg'
[1.234s] Level 1:colcon.colcon_core.package_identification:_identify(images/gifs) by extensions ['colcon_meta']
[1.234s] Level 1:colcon.colcon_core.package_identification:_identify(images/gifs) by extension 'colcon_meta'
[1.235s] Level 1:colcon.colcon_core.package_identification:_identify(images/gifs) by extensions ['ros']
[1.235s] Level 1:colcon.colcon_core.package_identification:_identify(images/gifs) by extension 'ros'
[1.236s] Level 1:colcon.colcon_core.package_identification:_identify(images/gifs) by extensions ['cmake', 'python']
[1.236s] Level 1:colcon.colcon_core.package_identification:_identify(images/gifs) by extension 'cmake'
[1.236s] Level 1:colcon.colcon_core.package_identification:_identify(images/gifs) by extension 'python'
[1.237s] Level 1:colcon.colcon_core.package_identification:_identify(images/gifs) by extensions ['python_setup_py']
[1.237s] Level 1:colcon.colcon_core.package_identification:_identify(images/gifs) by extension 'python_setup_py'
[1.238s] Level 1:colcon.colcon_core.package_identification:_identify(images/images) by extensions ['ignore', 'ignore_ament_install']
[1.239s] Level 1:colcon.colcon_core.package_identification:_identify(images/images) by extension 'ignore'
[1.239s] Level 1:colcon.colcon_core.package_identification:_identify(images/images) by extension 'ignore_ament_install'
[1.239s] Level 1:colcon.colcon_core.package_identification:_identify(images/images) by extensions ['colcon_pkg']
[1.240s] Level 1:colcon.colcon_core.package_identification:_identify(images/images) by extension 'colcon_pkg'
[1.240s] Level 1:colcon.colcon_core.package_identification:_identify(images/images) by extensions ['colcon_meta']
[1.240s] Level 1:colcon.colcon_core.package_identification:_identify(images/images) by extension 'colcon_meta'
[1.241s] Level 1:colcon.colcon_core.package_identification:_identify(images/images) by extensions ['ros']
[1.241s] Level 1:colcon.colcon_core.package_identification:_identify(images/images) by extension 'ros'
[1.242s] Level 1:colcon.colcon_core.package_identification:_identify(images/images) by extensions ['cmake', 'python']
[1.242s] Level 1:colcon.colcon_core.package_identification:_identify(images/images) by extension 'cmake'
[1.242s] Level 1:colcon.colcon_core.package_identification:_identify(images/images) by extension 'python'
[1.242s] Level 1:colcon.colcon_core.package_identification:_identify(images/images) by extensions ['python_setup_py']
[1.243s] Level 1:colcon.colcon_core.package_identification:_identify(images/images) by extension 'python_setup_py'
[1.244s] Level 1:colcon.colcon_core.package_identification:_identify(images/images/eid_test) by extensions ['ignore', 'ignore_ament_install']
[1.245s] Level 1:colcon.colcon_core.package_identification:_identify(images/images/eid_test) by extension 'ignore'
[1.246s] Level 1:colcon.colcon_core.package_identification:_identify(images/images/eid_test) by extension 'ignore_ament_install'
[1.246s] Level 1:colcon.colcon_core.package_identification:_identify(images/images/eid_test) by extensions ['colcon_pkg']
[1.246s] Level 1:colcon.colcon_core.package_identification:_identify(images/images/eid_test) by extension 'colcon_pkg'
[1.247s] Level 1:colcon.colcon_core.package_identification:_identify(images/images/eid_test) by extensions ['colcon_meta']
[1.247s] Level 1:colcon.colcon_core.package_identification:_identify(images/images/eid_test) by extension 'colcon_meta'
[1.248s] Level 1:colcon.colcon_core.package_identification:_identify(images/images/eid_test) by extensions ['ros']
[1.248s] Level 1:colcon.colcon_core.package_identification:_identify(images/images/eid_test) by extension 'ros'
[1.249s] Level 1:colcon.colcon_core.package_identification:_identify(images/images/eid_test) by extensions ['cmake', 'python']
[1.249s] Level 1:colcon.colcon_core.package_identification:_identify(images/images/eid_test) by extension 'cmake'
[1.249s] Level 1:colcon.colcon_core.package_identification:_identify(images/images/eid_test) by extension 'python'
[1.250s] Level 1:colcon.colcon_core.package_identification:_identify(images/images/eid_test) by extensions ['python_setup_py']
[1.250s] Level 1:colcon.colcon_core.package_identification:_identify(images/images/eid_test) by extension 'python_setup_py'
[1.251s] Level 1:colcon.colcon_core.package_identification:_identify(images/images/eid_update_images_gifs) by extensions ['ignore', 'ignore_ament_install']
[1.252s] Level 1:colcon.colcon_core.package_identification:_identify(images/images/eid_update_images_gifs) by extension 'ignore'
[1.252s] Level 1:colcon.colcon_core.package_identification:_identify(images/images/eid_update_images_gifs) by extension 'ignore_ament_install'
[1.252s] Level 1:colcon.colcon_core.package_identification:_identify(images/images/eid_update_images_gifs) by extensions ['colcon_pkg']
[1.253s] Level 1:colcon.colcon_core.package_identification:_identify(images/images/eid_update_images_gifs) by extension 'colcon_pkg'
[1.253s] Level 1:colcon.colcon_core.package_identification:_identify(images/images/eid_update_images_gifs) by extensions ['colcon_meta']
[1.253s] Level 1:colcon.colcon_core.package_identification:_identify(images/images/eid_update_images_gifs) by extension 'colcon_meta'
[1.254s] Level 1:colcon.colcon_core.package_identification:_identify(images/images/eid_update_images_gifs) by extensions ['ros']
[1.254s] Level 1:colcon.colcon_core.package_identification:_identify(images/images/eid_update_images_gifs) by extension 'ros'
[1.255s] Level 1:colcon.colcon_core.package_identification:_identify(images/images/eid_update_images_gifs) by extensions ['cmake', 'python']
[1.255s] Level 1:colcon.colcon_core.package_identification:_identify(images/images/eid_update_images_gifs) by extension 'cmake'
[1.255s] Level 1:colcon.colcon_core.package_identification:_identify(images/images/eid_update_images_gifs) by extension 'python'
[1.256s] Level 1:colcon.colcon_core.package_identification:_identify(images/images/eid_update_images_gifs) by extensions ['python_setup_py']
[1.256s] Level 1:colcon.colcon_core.package_identification:_identify(images/images/eid_update_images_gifs) by extension 'python_setup_py'
[1.258s] Level 1:colcon.colcon_core.package_identification:_identify(images/images/eid_update_images_gifs/case_5_eid_test_1) by extensions ['ignore', 'ignore_ament_install']
[1.259s] Level 1:colcon.colcon_core.package_identification:_identify(images/images/eid_update_images_gifs/case_5_eid_test_1) by extension 'ignore'
[1.259s] Level 1:colcon.colcon_core.package_identification:_identify(images/images/eid_update_images_gifs/case_5_eid_test_1) by extension 'ignore_ament_install'
[1.260s] Level 1:colcon.colcon_core.package_identification:_identify(images/images/eid_update_images_gifs/case_5_eid_test_1) by extensions ['colcon_pkg']
[1.260s] Level 1:colcon.colcon_core.package_identification:_identify(images/images/eid_update_images_gifs/case_5_eid_test_1) by extension 'colcon_pkg'
[1.261s] Level 1:colcon.colcon_core.package_identification:_identify(images/images/eid_update_images_gifs/case_5_eid_test_1) by extensions ['colcon_meta']
[1.261s] Level 1:colcon.colcon_core.package_identification:_identify(images/images/eid_update_images_gifs/case_5_eid_test_1) by extension 'colcon_meta'
[1.261s] Level 1:colcon.colcon_core.package_identification:_identify(images/images/eid_update_images_gifs/case_5_eid_test_1) by extensions ['ros']
[1.262s] Level 1:colcon.colcon_core.package_identification:_identify(images/images/eid_update_images_gifs/case_5_eid_test_1) by extension 'ros'
[1.262s] Level 1:colcon.colcon_core.package_identification:_identify(images/images/eid_update_images_gifs/case_5_eid_test_1) by extensions ['cmake', 'python']
[1.263s] Level 1:colcon.colcon_core.package_identification:_identify(images/images/eid_update_images_gifs/case_5_eid_test_1) by extension 'cmake'
[1.263s] Level 1:colcon.colcon_core.package_identification:_identify(images/images/eid_update_images_gifs/case_5_eid_test_1) by extension 'python'
[1.263s] Level 1:colcon.colcon_core.package_identification:_identify(images/images/eid_update_images_gifs/case_5_eid_test_1) by extensions ['python_setup_py']
[1.263s] Level 1:colcon.colcon_core.package_identification:_identify(images/images/eid_update_images_gifs/case_5_eid_test_1) by extension 'python_setup_py'
[1.265s] Level 1:colcon.colcon_core.package_identification:_identify(images/images/eid_update_images_gifs/case_6_eid_test_2) by extensions ['ignore', 'ignore_ament_install']
[1.266s] Level 1:colcon.colcon_core.package_identification:_identify(images/images/eid_update_images_gifs/case_6_eid_test_2) by extension 'ignore'
[1.266s] Level 1:colcon.colcon_core.package_identification:_identify(images/images/eid_update_images_gifs/case_6_eid_test_2) by extension 'ignore_ament_install'
[1.267s] Level 1:colcon.colcon_core.package_identification:_identify(images/images/eid_update_images_gifs/case_6_eid_test_2) by extensions ['colcon_pkg']
[1.267s] Level 1:colcon.colcon_core.package_identification:_identify(images/images/eid_update_images_gifs/case_6_eid_test_2) by extension 'colcon_pkg'
[1.267s] Level 1:colcon.colcon_core.package_identification:_identify(images/images/eid_update_images_gifs/case_6_eid_test_2) by extensions ['colcon_meta']
[1.268s] Level 1:colcon.colcon_core.package_identification:_identify(images/images/eid_update_images_gifs/case_6_eid_test_2) by extension 'colcon_meta'
[1.268s] Level 1:colcon.colcon_core.package_identification:_identify(images/images/eid_update_images_gifs/case_6_eid_test_2) by extensions ['ros']
[1.268s] Level 1:colcon.colcon_core.package_identification:_identify(images/images/eid_update_images_gifs/case_6_eid_test_2) by extension 'ros'
[1.269s] Level 1:colcon.colcon_core.package_identification:_identify(images/images/eid_update_images_gifs/case_6_eid_test_2) by extensions ['cmake', 'python']
[1.269s] Level 1:colcon.colcon_core.package_identification:_identify(images/images/eid_update_images_gifs/case_6_eid_test_2) by extension 'cmake'
[1.270s] Level 1:colcon.colcon_core.package_identification:_identify(images/images/eid_update_images_gifs/case_6_eid_test_2) by extension 'python'
[1.270s] Level 1:colcon.colcon_core.package_identification:_identify(images/images/eid_update_images_gifs/case_6_eid_test_2) by extensions ['python_setup_py']
[1.270s] Level 1:colcon.colcon_core.package_identification:_identify(images/images/eid_update_images_gifs/case_6_eid_test_2) by extension 'python_setup_py'
[1.272s] Level 1:colcon.colcon_core.package_identification:_identify(images/images/eid_update_images_gifs/case_6_eid_test_3) by extensions ['ignore', 'ignore_ament_install']
[1.273s] Level 1:colcon.colcon_core.package_identification:_identify(images/images/eid_update_images_gifs/case_6_eid_test_3) by extension 'ignore'
[1.273s] Level 1:colcon.colcon_core.package_identification:_identify(images/images/eid_update_images_gifs/case_6_eid_test_3) by extension 'ignore_ament_install'
[1.274s] Level 1:colcon.colcon_core.package_identification:_identify(images/images/eid_update_images_gifs/case_6_eid_test_3) by extensions ['colcon_pkg']
[1.274s] Level 1:colcon.colcon_core.package_identification:_identify(images/images/eid_update_images_gifs/case_6_eid_test_3) by extension 'colcon_pkg'
[1.275s] Level 1:colcon.colcon_core.package_identification:_identify(images/images/eid_update_images_gifs/case_6_eid_test_3) by extensions ['colcon_meta']
[1.275s] Level 1:colcon.colcon_core.package_identification:_identify(images/images/eid_update_images_gifs/case_6_eid_test_3) by extension 'colcon_meta'
[1.275s] Level 1:colcon.colcon_core.package_identification:_identify(images/images/eid_update_images_gifs/case_6_eid_test_3) by extensions ['ros']
[1.276s] Level 1:colcon.colcon_core.package_identification:_identify(images/images/eid_update_images_gifs/case_6_eid_test_3) by extension 'ros'
[1.276s] Level 1:colcon.colcon_core.package_identification:_identify(images/images/eid_update_images_gifs/case_6_eid_test_3) by extensions ['cmake', 'python']
[1.277s] Level 1:colcon.colcon_core.package_identification:_identify(images/images/eid_update_images_gifs/case_6_eid_test_3) by extension 'cmake'
[1.277s] Level 1:colcon.colcon_core.package_identification:_identify(images/images/eid_update_images_gifs/case_6_eid_test_3) by extension 'python'
[1.277s] Level 1:colcon.colcon_core.package_identification:_identify(images/images/eid_update_images_gifs/case_6_eid_test_3) by extensions ['python_setup_py']
[1.278s] Level 1:colcon.colcon_core.package_identification:_identify(images/images/eid_update_images_gifs/case_6_eid_test_3) by extension 'python_setup_py'
[1.279s] Level 1:colcon.colcon_core.package_identification:_identify(images/images/eid_update_images_gifs/case_6_eid_test_4) by extensions ['ignore', 'ignore_ament_install']
[1.280s] Level 1:colcon.colcon_core.package_identification:_identify(images/images/eid_update_images_gifs/case_6_eid_test_4) by extension 'ignore'
[1.281s] Level 1:colcon.colcon_core.package_identification:_identify(images/images/eid_update_images_gifs/case_6_eid_test_4) by extension 'ignore_ament_install'
[1.281s] Level 1:colcon.colcon_core.package_identification:_identify(images/images/eid_update_images_gifs/case_6_eid_test_4) by extensions ['colcon_pkg']
[1.281s] Level 1:colcon.colcon_core.package_identification:_identify(images/images/eid_update_images_gifs/case_6_eid_test_4) by extension 'colcon_pkg'
[1.282s] Level 1:colcon.colcon_core.package_identification:_identify(images/images/eid_update_images_gifs/case_6_eid_test_4) by extensions ['colcon_meta']
[1.282s] Level 1:colcon.colcon_core.package_identification:_identify(images/images/eid_update_images_gifs/case_6_eid_test_4) by extension 'colcon_meta'
[1.283s] Level 1:colcon.colcon_core.package_identification:_identify(images/images/eid_update_images_gifs/case_6_eid_test_4) by extensions ['ros']
[1.283s] Level 1:colcon.colcon_core.package_identification:_identify(images/images/eid_update_images_gifs/case_6_eid_test_4) by extension 'ros'
[1.283s] Level 1:colcon.colcon_core.package_identification:_identify(images/images/eid_update_images_gifs/case_6_eid_test_4) by extensions ['cmake', 'python']
[1.284s] Level 1:colcon.colcon_core.package_identification:_identify(images/images/eid_update_images_gifs/case_6_eid_test_4) by extension 'cmake'
[1.284s] Level 1:colcon.colcon_core.package_identification:_identify(images/images/eid_update_images_gifs/case_6_eid_test_4) by extension 'python'
[1.285s] Level 1:colcon.colcon_core.package_identification:_identify(images/images/eid_update_images_gifs/case_6_eid_test_4) by extensions ['python_setup_py']
[1.285s] Level 1:colcon.colcon_core.package_identification:_identify(images/images/eid_update_images_gifs/case_6_eid_test_4) by extension 'python_setup_py'
[1.287s] Level 1:colcon.colcon_core.package_identification:_identify(images/images/eid_update_images_gifs/case_6_eid_test_5) by extensions ['ignore', 'ignore_ament_install']
[1.288s] Level 1:colcon.colcon_core.package_identification:_identify(images/images/eid_update_images_gifs/case_6_eid_test_5) by extension 'ignore'
[1.288s] Level 1:colcon.colcon_core.package_identification:_identify(images/images/eid_update_images_gifs/case_6_eid_test_5) by extension 'ignore_ament_install'
[1.288s] Level 1:colcon.colcon_core.package_identification:_identify(images/images/eid_update_images_gifs/case_6_eid_test_5) by extensions ['colcon_pkg']
[1.289s] Level 1:colcon.colcon_core.package_identification:_identify(images/images/eid_update_images_gifs/case_6_eid_test_5) by extension 'colcon_pkg'
[1.289s] Level 1:colcon.colcon_core.package_identification:_identify(images/images/eid_update_images_gifs/case_6_eid_test_5) by extensions ['colcon_meta']
[1.289s] Level 1:colcon.colcon_core.package_identification:_identify(images/images/eid_update_images_gifs/case_6_eid_test_5) by extension 'colcon_meta'
[1.290s] Level 1:colcon.colcon_core.package_identification:_identify(images/images/eid_update_images_gifs/case_6_eid_test_5) by extensions ['ros']
[1.290s] Level 1:colcon.colcon_core.package_identification:_identify(images/images/eid_update_images_gifs/case_6_eid_test_5) by extension 'ros'
[1.291s] Level 1:colcon.colcon_core.package_identification:_identify(images/images/eid_update_images_gifs/case_6_eid_test_5) by extensions ['cmake', 'python']
[1.291s] Level 1:colcon.colcon_core.package_identification:_identify(images/images/eid_update_images_gifs/case_6_eid_test_5) by extension 'cmake'
[1.291s] Level 1:colcon.colcon_core.package_identification:_identify(images/images/eid_update_images_gifs/case_6_eid_test_5) by extension 'python'
[1.292s] Level 1:colcon.colcon_core.package_identification:_identify(images/images/eid_update_images_gifs/case_6_eid_test_5) by extensions ['python_setup_py']
[1.292s] Level 1:colcon.colcon_core.package_identification:_identify(images/images/eid_update_images_gifs/case_6_eid_test_5) by extension 'python_setup_py'
[1.294s] Level 1:colcon.colcon_core.package_identification:_identify(images/images/eid_update_images_gifs/case_6_eid_test_6) by extensions ['ignore', 'ignore_ament_install']
[1.294s] Level 1:colcon.colcon_core.package_identification:_identify(images/images/eid_update_images_gifs/case_6_eid_test_6) by extension 'ignore'
[1.295s] Level 1:colcon.colcon_core.package_identification:_identify(images/images/eid_update_images_gifs/case_6_eid_test_6) by extension 'ignore_ament_install'
[1.295s] Level 1:colcon.colcon_core.package_identification:_identify(images/images/eid_update_images_gifs/case_6_eid_test_6) by extensions ['colcon_pkg']
[1.295s] Level 1:colcon.colcon_core.package_identification:_identify(images/images/eid_update_images_gifs/case_6_eid_test_6) by extension 'colcon_pkg'
[1.296s] Level 1:colcon.colcon_core.package_identification:_identify(images/images/eid_update_images_gifs/case_6_eid_test_6) by extensions ['colcon_meta']
[1.296s] Level 1:colcon.colcon_core.package_identification:_identify(images/images/eid_update_images_gifs/case_6_eid_test_6) by extension 'colcon_meta'
[1.297s] Level 1:colcon.colcon_core.package_identification:_identify(images/images/eid_update_images_gifs/case_6_eid_test_6) by extensions ['ros']
[1.297s] Level 1:colcon.colcon_core.package_identification:_identify(images/images/eid_update_images_gifs/case_6_eid_test_6) by extension 'ros'
[1.298s] Level 1:colcon.colcon_core.package_identification:_identify(images/images/eid_update_images_gifs/case_6_eid_test_6) by extensions ['cmake', 'python']
[1.298s] Level 1:colcon.colcon_core.package_identification:_identify(images/images/eid_update_images_gifs/case_6_eid_test_6) by extension 'cmake'
[1.298s] Level 1:colcon.colcon_core.package_identification:_identify(images/images/eid_update_images_gifs/case_6_eid_test_6) by extension 'python'
[1.299s] Level 1:colcon.colcon_core.package_identification:_identify(images/images/eid_update_images_gifs/case_6_eid_test_6) by extensions ['python_setup_py']
[1.299s] Level 1:colcon.colcon_core.package_identification:_identify(images/images/eid_update_images_gifs/case_6_eid_test_6) by extension 'python_setup_py'
[1.300s] Level 1:colcon.colcon_core.package_identification:_identify(images/images/measurementsEKF_animation_spawnTargets_Merge) by extensions ['ignore', 'ignore_ament_install']
[1.301s] Level 1:colcon.colcon_core.package_identification:_identify(images/images/measurementsEKF_animation_spawnTargets_Merge) by extension 'ignore'
[1.301s] Level 1:colcon.colcon_core.package_identification:_identify(images/images/measurementsEKF_animation_spawnTargets_Merge) by extension 'ignore_ament_install'
[1.302s] Level 1:colcon.colcon_core.package_identification:_identify(images/images/measurementsEKF_animation_spawnTargets_Merge) by extensions ['colcon_pkg']
[1.302s] Level 1:colcon.colcon_core.package_identification:_identify(images/images/measurementsEKF_animation_spawnTargets_Merge) by extension 'colcon_pkg'
[1.303s] Level 1:colcon.colcon_core.package_identification:_identify(images/images/measurementsEKF_animation_spawnTargets_Merge) by extensions ['colcon_meta']
[1.303s] Level 1:colcon.colcon_core.package_identification:_identify(images/images/measurementsEKF_animation_spawnTargets_Merge) by extension 'colcon_meta'
[1.303s] Level 1:colcon.colcon_core.package_identification:_identify(images/images/measurementsEKF_animation_spawnTargets_Merge) by extensions ['ros']
[1.304s] Level 1:colcon.colcon_core.package_identification:_identify(images/images/measurementsEKF_animation_spawnTargets_Merge) by extension 'ros'
[1.304s] Level 1:colcon.colcon_core.package_identification:_identify(images/images/measurementsEKF_animation_spawnTargets_Merge) by extensions ['cmake', 'python']
[1.305s] Level 1:colcon.colcon_core.package_identification:_identify(images/images/measurementsEKF_animation_spawnTargets_Merge) by extension 'cmake'
[1.305s] Level 1:colcon.colcon_core.package_identification:_identify(images/images/measurementsEKF_animation_spawnTargets_Merge) by extension 'python'
[1.305s] Level 1:colcon.colcon_core.package_identification:_identify(images/images/measurementsEKF_animation_spawnTargets_Merge) by extensions ['python_setup_py']
[1.306s] Level 1:colcon.colcon_core.package_identification:_identify(images/images/measurementsEKF_animation_spawnTargets_Merge) by extension 'python_setup_py'
[1.306s] Level 1:colcon.colcon_core.package_identification:_identify(images/images/measurementsEKF_iter_002100) by extensions ['ignore', 'ignore_ament_install']
[1.307s] Level 1:colcon.colcon_core.package_identification:_identify(images/images/measurementsEKF_iter_002100) by extension 'ignore'
[1.308s] Level 1:colcon.colcon_core.package_identification:_identify(images/images/measurementsEKF_iter_002100) by extension 'ignore_ament_install'
[1.308s] Level 1:colcon.colcon_core.package_identification:_identify(images/images/measurementsEKF_iter_002100) by extensions ['colcon_pkg']
[1.308s] Level 1:colcon.colcon_core.package_identification:_identify(images/images/measurementsEKF_iter_002100) by extension 'colcon_pkg'
[1.309s] Level 1:colcon.colcon_core.package_identification:_identify(images/images/measurementsEKF_iter_002100) by extensions ['colcon_meta']
[1.309s] Level 1:colcon.colcon_core.package_identification:_identify(images/images/measurementsEKF_iter_002100) by extension 'colcon_meta'
[1.310s] Level 1:colcon.colcon_core.package_identification:_identify(images/images/measurementsEKF_iter_002100) by extensions ['ros']
[1.310s] Level 1:colcon.colcon_core.package_identification:_identify(images/images/measurementsEKF_iter_002100) by extension 'ros'
[1.311s] Level 1:colcon.colcon_core.package_identification:_identify(images/images/measurementsEKF_iter_002100) by extensions ['cmake', 'python']
[1.311s] Level 1:colcon.colcon_core.package_identification:_identify(images/images/measurementsEKF_iter_002100) by extension 'cmake'
[1.311s] Level 1:colcon.colcon_core.package_identification:_identify(images/images/measurementsEKF_iter_002100) by extension 'python'
[1.311s] Level 1:colcon.colcon_core.package_identification:_identify(images/images/measurementsEKF_iter_002100) by extensions ['python_setup_py']
[1.312s] Level 1:colcon.colcon_core.package_identification:_identify(images/images/measurementsEKF_iter_002100) by extension 'python_setup_py'
[1.313s] Level 1:colcon.colcon_core.package_identification:_identify(images/images/ros) by extensions ['ignore', 'ignore_ament_install']
[1.314s] Level 1:colcon.colcon_core.package_identification:_identify(images/images/ros) by extension 'ignore'
[1.314s] Level 1:colcon.colcon_core.package_identification:_identify(images/images/ros) by extension 'ignore_ament_install'
[1.315s] Level 1:colcon.colcon_core.package_identification:_identify(images/images/ros) by extensions ['colcon_pkg']
[1.315s] Level 1:colcon.colcon_core.package_identification:_identify(images/images/ros) by extension 'colcon_pkg'
[1.315s] Level 1:colcon.colcon_core.package_identification:_identify(images/images/ros) by extensions ['colcon_meta']
[1.316s] Level 1:colcon.colcon_core.package_identification:_identify(images/images/ros) by extension 'colcon_meta'
[1.316s] Level 1:colcon.colcon_core.package_identification:_identify(images/images/ros) by extensions ['ros']
[1.316s] Level 1:colcon.colcon_core.package_identification:_identify(images/images/ros) by extension 'ros'
[1.317s] Level 1:colcon.colcon_core.package_identification:_identify(images/images/ros) by extensions ['cmake', 'python']
[1.318s] Level 1:colcon.colcon_core.package_identification:_identify(images/images/ros) by extension 'cmake'
[1.318s] Level 1:colcon.colcon_core.package_identification:_identify(images/images/ros) by extension 'python'
[1.318s] Level 1:colcon.colcon_core.package_identification:_identify(images/images/ros) by extensions ['python_setup_py']
[1.319s] Level 1:colcon.colcon_core.package_identification:_identify(images/images/ros) by extension 'python_setup_py'
[1.319s] Level 1:colcon.colcon_core.package_identification:_identify(install) by extensions ['ignore', 'ignore_ament_install']
[1.320s] Level 1:colcon.colcon_core.package_identification:_identify(install) by extension 'ignore'
[1.320s] Level 1:colcon.colcon_core.package_identification:_identify(install) ignored
[1.321s] Level 1:colcon.colcon_core.package_identification:_identify(log) by extensions ['ignore', 'ignore_ament_install']
[1.322s] Level 1:colcon.colcon_core.package_identification:_identify(log) by extension 'ignore'
[1.322s] Level 1:colcon.colcon_core.package_identification:_identify(log) ignored
[1.323s] Level 1:colcon.colcon_core.package_identification:_identify(more) by extensions ['ignore', 'ignore_ament_install']
[1.324s] Level 1:colcon.colcon_core.package_identification:_identify(more) by extension 'ignore'
[1.324s] Level 1:colcon.colcon_core.package_identification:_identify(more) by extension 'ignore_ament_install'
[1.325s] Level 1:colcon.colcon_core.package_identification:_identify(more) by extensions ['colcon_pkg']
[1.325s] Level 1:colcon.colcon_core.package_identification:_identify(more) by extension 'colcon_pkg'
[1.326s] Level 1:colcon.colcon_core.package_identification:_identify(more) by extensions ['colcon_meta']
[1.326s] Level 1:colcon.colcon_core.package_identification:_identify(more) by extension 'colcon_meta'
[1.326s] Level 1:colcon.colcon_core.package_identification:_identify(more) by extensions ['ros']
[1.326s] Level 1:colcon.colcon_core.package_identification:_identify(more) by extension 'ros'
[1.327s] Level 1:colcon.colcon_core.package_identification:_identify(more) by extensions ['cmake', 'python']
[1.327s] Level 1:colcon.colcon_core.package_identification:_identify(more) by extension 'cmake'
[1.328s] Level 1:colcon.colcon_core.package_identification:_identify(more) by extension 'python'
[1.328s] Level 1:colcon.colcon_core.package_identification:_identify(more) by extensions ['python_setup_py']
[1.328s] Level 1:colcon.colcon_core.package_identification:_identify(more) by extension 'python_setup_py'
[1.329s] Level 1:colcon.colcon_core.package_identification:_identify(more/obs_avoidance) by extensions ['ignore', 'ignore_ament_install']
[1.330s] Level 1:colcon.colcon_core.package_identification:_identify(more/obs_avoidance) by extension 'ignore'
[1.330s] Level 1:colcon.colcon_core.package_identification:_identify(more/obs_avoidance) by extension 'ignore_ament_install'
[1.331s] Level 1:colcon.colcon_core.package_identification:_identify(more/obs_avoidance) by extensions ['colcon_pkg']
[1.331s] Level 1:colcon.colcon_core.package_identification:_identify(more/obs_avoidance) by extension 'colcon_pkg'
[1.331s] Level 1:colcon.colcon_core.package_identification:_identify(more/obs_avoidance) by extensions ['colcon_meta']
[1.332s] Level 1:colcon.colcon_core.package_identification:_identify(more/obs_avoidance) by extension 'colcon_meta'
[1.332s] Level 1:colcon.colcon_core.package_identification:_identify(more/obs_avoidance) by extensions ['ros']
[1.332s] Level 1:colcon.colcon_core.package_identification:_identify(more/obs_avoidance) by extension 'ros'
[1.333s] Level 1:colcon.colcon_core.package_identification:_identify(more/obs_avoidance) by extensions ['cmake', 'python']
[1.333s] Level 1:colcon.colcon_core.package_identification:_identify(more/obs_avoidance) by extension 'cmake'
[1.334s] Level 1:colcon.colcon_core.package_identification:_identify(more/obs_avoidance) by extension 'python'
[1.334s] Level 1:colcon.colcon_core.package_identification:_identify(more/obs_avoidance) by extensions ['python_setup_py']
[1.334s] Level 1:colcon.colcon_core.package_identification:_identify(more/obs_avoidance) by extension 'python_setup_py'
[1.335s] Level 1:colcon.colcon_core.package_identification:_identify(results) by extensions ['ignore', 'ignore_ament_install']
[1.336s] Level 1:colcon.colcon_core.package_identification:_identify(results) by extension 'ignore'
[1.336s] Level 1:colcon.colcon_core.package_identification:_identify(results) by extension 'ignore_ament_install'
[1.336s] Level 1:colcon.colcon_core.package_identification:_identify(results) by extensions ['colcon_pkg']
[1.337s] Level 1:colcon.colcon_core.package_identification:_identify(results) by extension 'colcon_pkg'
[1.337s] Level 1:colcon.colcon_core.package_identification:_identify(results) by extensions ['colcon_meta']
[1.337s] Level 1:colcon.colcon_core.package_identification:_identify(results) by extension 'colcon_meta'
[1.338s] Level 1:colcon.colcon_core.package_identification:_identify(results) by extensions ['ros']
[1.338s] Level 1:colcon.colcon_core.package_identification:_identify(results) by extension 'ros'
[1.338s] Level 1:colcon.colcon_core.package_identification:_identify(results) by extensions ['cmake', 'python']
[1.339s] Level 1:colcon.colcon_core.package_identification:_identify(results) by extension 'cmake'
[1.339s] Level 1:colcon.colcon_core.package_identification:_identify(results) by extension 'python'
[1.339s] Level 1:colcon.colcon_core.package_identification:_identify(results) by extensions ['python_setup_py']
[1.340s] Level 1:colcon.colcon_core.package_identification:_identify(results) by extension 'python_setup_py'
[1.341s] Level 1:colcon.colcon_core.package_identification:_identify(results/airplane) by extensions ['ignore', 'ignore_ament_install']
[1.341s] Level 1:colcon.colcon_core.package_identification:_identify(results/airplane) by extension 'ignore'
[1.342s] Level 1:colcon.colcon_core.package_identification:_identify(results/airplane) by extension 'ignore_ament_install'
[1.342s] Level 1:colcon.colcon_core.package_identification:_identify(results/airplane) by extensions ['colcon_pkg']
[1.342s] Level 1:colcon.colcon_core.package_identification:_identify(results/airplane) by extension 'colcon_pkg'
[1.343s] Level 1:colcon.colcon_core.package_identification:_identify(results/airplane) by extensions ['colcon_meta']
[1.343s] Level 1:colcon.colcon_core.package_identification:_identify(results/airplane) by extension 'colcon_meta'
[1.344s] Level 1:colcon.colcon_core.package_identification:_identify(results/airplane) by extensions ['ros']
[1.344s] Level 1:colcon.colcon_core.package_identification:_identify(results/airplane) by extension 'ros'
[1.345s] Level 1:colcon.colcon_core.package_identification:_identify(results/airplane) by extensions ['cmake', 'python']
[1.345s] Level 1:colcon.colcon_core.package_identification:_identify(results/airplane) by extension 'cmake'
[1.345s] Level 1:colcon.colcon_core.package_identification:_identify(results/airplane) by extension 'python'
[1.346s] Level 1:colcon.colcon_core.package_identification:_identify(results/airplane) by extensions ['python_setup_py']
[1.346s] Level 1:colcon.colcon_core.package_identification:_identify(results/airplane) by extension 'python_setup_py'
[1.347s] Level 1:colcon.colcon_core.package_identification:_identify(results/airplane/sequence) by extensions ['ignore', 'ignore_ament_install']
[1.348s] Level 1:colcon.colcon_core.package_identification:_identify(results/airplane/sequence) by extension 'ignore'
[1.348s] Level 1:colcon.colcon_core.package_identification:_identify(results/airplane/sequence) by extension 'ignore_ament_install'
[1.349s] Level 1:colcon.colcon_core.package_identification:_identify(results/airplane/sequence) by extensions ['colcon_pkg']
[1.349s] Level 1:colcon.colcon_core.package_identification:_identify(results/airplane/sequence) by extension 'colcon_pkg'
[1.349s] Level 1:colcon.colcon_core.package_identification:_identify(results/airplane/sequence) by extensions ['colcon_meta']
[1.350s] Level 1:colcon.colcon_core.package_identification:_identify(results/airplane/sequence) by extension 'colcon_meta'
[1.350s] Level 1:colcon.colcon_core.package_identification:_identify(results/airplane/sequence) by extensions ['ros']
[1.350s] Level 1:colcon.colcon_core.package_identification:_identify(results/airplane/sequence) by extension 'ros'
[1.351s] Level 1:colcon.colcon_core.package_identification:_identify(results/airplane/sequence) by extensions ['cmake', 'python']
[1.351s] Level 1:colcon.colcon_core.package_identification:_identify(results/airplane/sequence) by extension 'cmake'
[1.352s] Level 1:colcon.colcon_core.package_identification:_identify(results/airplane/sequence) by extension 'python'
[1.352s] Level 1:colcon.colcon_core.package_identification:_identify(results/airplane/sequence) by extensions ['python_setup_py']
[1.352s] Level 1:colcon.colcon_core.package_identification:_identify(results/airplane/sequence) by extension 'python_setup_py'
[1.353s] Level 1:colcon.colcon_core.package_identification:_identify(results/airplane/sequence (copy)) by extensions ['ignore', 'ignore_ament_install']
[1.354s] Level 1:colcon.colcon_core.package_identification:_identify(results/airplane/sequence (copy)) by extension 'ignore'
[1.354s] Level 1:colcon.colcon_core.package_identification:_identify(results/airplane/sequence (copy)) by extension 'ignore_ament_install'
[1.355s] Level 1:colcon.colcon_core.package_identification:_identify(results/airplane/sequence (copy)) by extensions ['colcon_pkg']
[1.355s] Level 1:colcon.colcon_core.package_identification:_identify(results/airplane/sequence (copy)) by extension 'colcon_pkg'
[1.355s] Level 1:colcon.colcon_core.package_identification:_identify(results/airplane/sequence (copy)) by extensions ['colcon_meta']
[1.356s] Level 1:colcon.colcon_core.package_identification:_identify(results/airplane/sequence (copy)) by extension 'colcon_meta'
[1.356s] Level 1:colcon.colcon_core.package_identification:_identify(results/airplane/sequence (copy)) by extensions ['ros']
[1.356s] Level 1:colcon.colcon_core.package_identification:_identify(results/airplane/sequence (copy)) by extension 'ros'
[1.357s] Level 1:colcon.colcon_core.package_identification:_identify(results/airplane/sequence (copy)) by extensions ['cmake', 'python']
[1.357s] Level 1:colcon.colcon_core.package_identification:_identify(results/airplane/sequence (copy)) by extension 'cmake'
[1.358s] Level 1:colcon.colcon_core.package_identification:_identify(results/airplane/sequence (copy)) by extension 'python'
[1.358s] Level 1:colcon.colcon_core.package_identification:_identify(results/airplane/sequence (copy)) by extensions ['python_setup_py']
[1.358s] Level 1:colcon.colcon_core.package_identification:_identify(results/airplane/sequence (copy)) by extension 'python_setup_py'
[1.359s] Level 1:colcon.colcon_core.package_identification:_identify(results/case_1_single_alone) by extensions ['ignore', 'ignore_ament_install']
[1.360s] Level 1:colcon.colcon_core.package_identification:_identify(results/case_1_single_alone) by extension 'ignore'
[1.360s] Level 1:colcon.colcon_core.package_identification:_identify(results/case_1_single_alone) by extension 'ignore_ament_install'
[1.361s] Level 1:colcon.colcon_core.package_identification:_identify(results/case_1_single_alone) by extensions ['colcon_pkg']
[1.361s] Level 1:colcon.colcon_core.package_identification:_identify(results/case_1_single_alone) by extension 'colcon_pkg'
[1.361s] Level 1:colcon.colcon_core.package_identification:_identify(results/case_1_single_alone) by extensions ['colcon_meta']
[1.362s] Level 1:colcon.colcon_core.package_identification:_identify(results/case_1_single_alone) by extension 'colcon_meta'
[1.362s] Level 1:colcon.colcon_core.package_identification:_identify(results/case_1_single_alone) by extensions ['ros']
[1.362s] Level 1:colcon.colcon_core.package_identification:_identify(results/case_1_single_alone) by extension 'ros'
[1.363s] Level 1:colcon.colcon_core.package_identification:_identify(results/case_1_single_alone) by extensions ['cmake', 'python']
[1.363s] Level 1:colcon.colcon_core.package_identification:_identify(results/case_1_single_alone) by extension 'cmake'
[1.363s] Level 1:colcon.colcon_core.package_identification:_identify(results/case_1_single_alone) by extension 'python'
[1.364s] Level 1:colcon.colcon_core.package_identification:_identify(results/case_1_single_alone) by extensions ['python_setup_py']
[1.364s] Level 1:colcon.colcon_core.package_identification:_identify(results/case_1_single_alone) by extension 'python_setup_py'
[1.365s] Level 1:colcon.colcon_core.package_identification:_identify(results/case_2_drones_three) by extensions ['ignore', 'ignore_ament_install']
[1.366s] Level 1:colcon.colcon_core.package_identification:_identify(results/case_2_drones_three) by extension 'ignore'
[1.366s] Level 1:colcon.colcon_core.package_identification:_identify(results/case_2_drones_three) by extension 'ignore_ament_install'
[1.367s] Level 1:colcon.colcon_core.package_identification:_identify(results/case_2_drones_three) by extensions ['colcon_pkg']
[1.367s] Level 1:colcon.colcon_core.package_identification:_identify(results/case_2_drones_three) by extension 'colcon_pkg'
[1.367s] Level 1:colcon.colcon_core.package_identification:_identify(results/case_2_drones_three) by extensions ['colcon_meta']
[1.368s] Level 1:colcon.colcon_core.package_identification:_identify(results/case_2_drones_three) by extension 'colcon_meta'
[1.368s] Level 1:colcon.colcon_core.package_identification:_identify(results/case_2_drones_three) by extensions ['ros']
[1.368s] Level 1:colcon.colcon_core.package_identification:_identify(results/case_2_drones_three) by extension 'ros'
[1.369s] Level 1:colcon.colcon_core.package_identification:_identify(results/case_2_drones_three) by extensions ['cmake', 'python']
[1.369s] Level 1:colcon.colcon_core.package_identification:_identify(results/case_2_drones_three) by extension 'cmake'
[1.370s] Level 1:colcon.colcon_core.package_identification:_identify(results/case_2_drones_three) by extension 'python'
[1.370s] Level 1:colcon.colcon_core.package_identification:_identify(results/case_2_drones_three) by extensions ['python_setup_py']
[1.370s] Level 1:colcon.colcon_core.package_identification:_identify(results/case_2_drones_three) by extension 'python_setup_py'
[1.371s] Level 1:colcon.colcon_core.package_identification:_identify(results/case_2b_drone_alone) by extensions ['ignore', 'ignore_ament_install']
[1.372s] Level 1:colcon.colcon_core.package_identification:_identify(results/case_2b_drone_alone) by extension 'ignore'
[1.372s] Level 1:colcon.colcon_core.package_identification:_identify(results/case_2b_drone_alone) by extension 'ignore_ament_install'
[1.372s] Level 1:colcon.colcon_core.package_identification:_identify(results/case_2b_drone_alone) by extensions ['colcon_pkg']
[1.373s] Level 1:colcon.colcon_core.package_identification:_identify(results/case_2b_drone_alone) by extension 'colcon_pkg'
[1.373s] Level 1:colcon.colcon_core.package_identification:_identify(results/case_2b_drone_alone) by extensions ['colcon_meta']
[1.373s] Level 1:colcon.colcon_core.package_identification:_identify(results/case_2b_drone_alone) by extension 'colcon_meta'
[1.374s] Level 1:colcon.colcon_core.package_identification:_identify(results/case_2b_drone_alone) by extensions ['ros']
[1.374s] Level 1:colcon.colcon_core.package_identification:_identify(results/case_2b_drone_alone) by extension 'ros'
[1.375s] Level 1:colcon.colcon_core.package_identification:_identify(results/case_2b_drone_alone) by extensions ['cmake', 'python']
[1.375s] Level 1:colcon.colcon_core.package_identification:_identify(results/case_2b_drone_alone) by extension 'cmake'
[1.375s] Level 1:colcon.colcon_core.package_identification:_identify(results/case_2b_drone_alone) by extension 'python'
[1.375s] Level 1:colcon.colcon_core.package_identification:_identify(results/case_2b_drone_alone) by extensions ['python_setup_py']
[1.375s] Level 1:colcon.colcon_core.package_identification:_identify(results/case_2b_drone_alone) by extension 'python_setup_py'
[1.376s] Level 1:colcon.colcon_core.package_identification:_identify(results/case_3_section_c) by extensions ['ignore', 'ignore_ament_install']
[1.376s] Level 1:colcon.colcon_core.package_identification:_identify(results/case_3_section_c) by extension 'ignore'
[1.376s] Level 1:colcon.colcon_core.package_identification:_identify(results/case_3_section_c) by extension 'ignore_ament_install'
[1.376s] Level 1:colcon.colcon_core.package_identification:_identify(results/case_3_section_c) by extensions ['colcon_pkg']
[1.376s] Level 1:colcon.colcon_core.package_identification:_identify(results/case_3_section_c) by extension 'colcon_pkg'
[1.376s] Level 1:colcon.colcon_core.package_identification:_identify(results/case_3_section_c) by extensions ['colcon_meta']
[1.376s] Level 1:colcon.colcon_core.package_identification:_identify(results/case_3_section_c) by extension 'colcon_meta'
[1.376s] Level 1:colcon.colcon_core.package_identification:_identify(results/case_3_section_c) by extensions ['ros']
[1.376s] Level 1:colcon.colcon_core.package_identification:_identify(results/case_3_section_c) by extension 'ros'
[1.376s] Level 1:colcon.colcon_core.package_identification:_identify(results/case_3_section_c) by extensions ['cmake', 'python']
[1.376s] Level 1:colcon.colcon_core.package_identification:_identify(results/case_3_section_c) by extension 'cmake'
[1.376s] Level 1:colcon.colcon_core.package_identification:_identify(results/case_3_section_c) by extension 'python'
[1.376s] Level 1:colcon.colcon_core.package_identification:_identify(results/case_3_section_c) by extensions ['python_setup_py']
[1.376s] Level 1:colcon.colcon_core.package_identification:_identify(results/case_3_section_c) by extension 'python_setup_py'
[1.376s] Level 1:colcon.colcon_core.package_identification:_identify(results/case_4_maze_three) by extensions ['ignore', 'ignore_ament_install']
[1.377s] Level 1:colcon.colcon_core.package_identification:_identify(results/case_4_maze_three) by extension 'ignore'
[1.377s] Level 1:colcon.colcon_core.package_identification:_identify(results/case_4_maze_three) by extension 'ignore_ament_install'
[1.377s] Level 1:colcon.colcon_core.package_identification:_identify(results/case_4_maze_three) by extensions ['colcon_pkg']
[1.377s] Level 1:colcon.colcon_core.package_identification:_identify(results/case_4_maze_three) by extension 'colcon_pkg'
[1.377s] Level 1:colcon.colcon_core.package_identification:_identify(results/case_4_maze_three) by extensions ['colcon_meta']
[1.377s] Level 1:colcon.colcon_core.package_identification:_identify(results/case_4_maze_three) by extension 'colcon_meta'
[1.377s] Level 1:colcon.colcon_core.package_identification:_identify(results/case_4_maze_three) by extensions ['ros']
[1.377s] Level 1:colcon.colcon_core.package_identification:_identify(results/case_4_maze_three) by extension 'ros'
[1.377s] Level 1:colcon.colcon_core.package_identification:_identify(results/case_4_maze_three) by extensions ['cmake', 'python']
[1.377s] Level 1:colcon.colcon_core.package_identification:_identify(results/case_4_maze_three) by extension 'cmake'
[1.377s] Level 1:colcon.colcon_core.package_identification:_identify(results/case_4_maze_three) by extension 'python'
[1.377s] Level 1:colcon.colcon_core.package_identification:_identify(results/case_4_maze_three) by extensions ['python_setup_py']
[1.377s] Level 1:colcon.colcon_core.package_identification:_identify(results/case_4_maze_three) by extension 'python_setup_py'
[1.377s] Level 1:colcon.colcon_core.package_identification:_identify(results/case_5_big_multi) by extensions ['ignore', 'ignore_ament_install']
[1.377s] Level 1:colcon.colcon_core.package_identification:_identify(results/case_5_big_multi) by extension 'ignore'
[1.377s] Level 1:colcon.colcon_core.package_identification:_identify(results/case_5_big_multi) by extension 'ignore_ament_install'
[1.378s] Level 1:colcon.colcon_core.package_identification:_identify(results/case_5_big_multi) by extensions ['colcon_pkg']
[1.378s] Level 1:colcon.colcon_core.package_identification:_identify(results/case_5_big_multi) by extension 'colcon_pkg'
[1.378s] Level 1:colcon.colcon_core.package_identification:_identify(results/case_5_big_multi) by extensions ['colcon_meta']
[1.378s] Level 1:colcon.colcon_core.package_identification:_identify(results/case_5_big_multi) by extension 'colcon_meta'
[1.378s] Level 1:colcon.colcon_core.package_identification:_identify(results/case_5_big_multi) by extensions ['ros']
[1.378s] Level 1:colcon.colcon_core.package_identification:_identify(results/case_5_big_multi) by extension 'ros'
[1.378s] Level 1:colcon.colcon_core.package_identification:_identify(results/case_5_big_multi) by extensions ['cmake', 'python']
[1.378s] Level 1:colcon.colcon_core.package_identification:_identify(results/case_5_big_multi) by extension 'cmake'
[1.378s] Level 1:colcon.colcon_core.package_identification:_identify(results/case_5_big_multi) by extension 'python'
[1.378s] Level 1:colcon.colcon_core.package_identification:_identify(results/case_5_big_multi) by extensions ['python_setup_py']
[1.378s] Level 1:colcon.colcon_core.package_identification:_identify(results/case_5_big_multi) by extension 'python_setup_py'
[1.378s] Level 1:colcon.colcon_core.package_identification:_identify(results/case_6_eid_update) by extensions ['ignore', 'ignore_ament_install']
[1.378s] Level 1:colcon.colcon_core.package_identification:_identify(results/case_6_eid_update) by extension 'ignore'
[1.378s] Level 1:colcon.colcon_core.package_identification:_identify(results/case_6_eid_update) by extension 'ignore_ament_install'
[1.379s] Level 1:colcon.colcon_core.package_identification:_identify(results/case_6_eid_update) by extensions ['colcon_pkg']
[1.380s] Level 1:colcon.colcon_core.package_identification:_identify(results/case_6_eid_update) by extension 'colcon_pkg'
[1.380s] Level 1:colcon.colcon_core.package_identification:_identify(results/case_6_eid_update) by extensions ['colcon_meta']
[1.381s] Level 1:colcon.colcon_core.package_identification:_identify(results/case_6_eid_update) by extension 'colcon_meta'
[1.381s] Level 1:colcon.colcon_core.package_identification:_identify(results/case_6_eid_update) by extensions ['ros']
[1.382s] Level 1:colcon.colcon_core.package_identification:_identify(results/case_6_eid_update) by extension 'ros'
[1.382s] Level 1:colcon.colcon_core.package_identification:_identify(results/case_6_eid_update) by extensions ['cmake', 'python']
[1.383s] Level 1:colcon.colcon_core.package_identification:_identify(results/case_6_eid_update) by extension 'cmake'
[1.383s] Level 1:colcon.colcon_core.package_identification:_identify(results/case_6_eid_update) by extension 'python'
[1.384s] Level 1:colcon.colcon_core.package_identification:_identify(results/case_6_eid_update) by extensions ['python_setup_py']
[1.384s] Level 1:colcon.colcon_core.package_identification:_identify(results/case_6_eid_update) by extension 'python_setup_py'
[1.385s] Level 1:colcon.colcon_core.package_identification:_identify(results/relevant_screenshots) by extensions ['ignore', 'ignore_ament_install']
[1.386s] Level 1:colcon.colcon_core.package_identification:_identify(results/relevant_screenshots) by extension 'ignore'
[1.386s] Level 1:colcon.colcon_core.package_identification:_identify(results/relevant_screenshots) by extension 'ignore_ament_install'
[1.387s] Level 1:colcon.colcon_core.package_identification:_identify(results/relevant_screenshots) by extensions ['colcon_pkg']
[1.387s] Level 1:colcon.colcon_core.package_identification:_identify(results/relevant_screenshots) by extension 'colcon_pkg'
[1.387s] Level 1:colcon.colcon_core.package_identification:_identify(results/relevant_screenshots) by extensions ['colcon_meta']
[1.387s] Level 1:colcon.colcon_core.package_identification:_identify(results/relevant_screenshots) by extension 'colcon_meta'
[1.387s] Level 1:colcon.colcon_core.package_identification:_identify(results/relevant_screenshots) by extensions ['ros']
[1.387s] Level 1:colcon.colcon_core.package_identification:_identify(results/relevant_screenshots) by extension 'ros'
[1.388s] Level 1:colcon.colcon_core.package_identification:_identify(results/relevant_screenshots) by extensions ['cmake', 'python']
[1.388s] Level 1:colcon.colcon_core.package_identification:_identify(results/relevant_screenshots) by extension 'cmake'
[1.388s] Level 1:colcon.colcon_core.package_identification:_identify(results/relevant_screenshots) by extension 'python'
[1.388s] Level 1:colcon.colcon_core.package_identification:_identify(results/relevant_screenshots) by extensions ['python_setup_py']
[1.388s] Level 1:colcon.colcon_core.package_identification:_identify(results/relevant_screenshots) by extension 'python_setup_py'
[1.388s] Level 1:colcon.colcon_core.package_identification:_identify(src) by extensions ['ignore', 'ignore_ament_install']
[1.388s] Level 1:colcon.colcon_core.package_identification:_identify(src) by extension 'ignore'
[1.388s] Level 1:colcon.colcon_core.package_identification:_identify(src) by extension 'ignore_ament_install'
[1.388s] Level 1:colcon.colcon_core.package_identification:_identify(src) by extensions ['colcon_pkg']
[1.388s] Level 1:colcon.colcon_core.package_identification:_identify(src) by extension 'colcon_pkg'
[1.388s] Level 1:colcon.colcon_core.package_identification:_identify(src) by extensions ['colcon_meta']
[1.388s] Level 1:colcon.colcon_core.package_identification:_identify(src) by extension 'colcon_meta'
[1.388s] Level 1:colcon.colcon_core.package_identification:_identify(src) by extensions ['ros']
[1.388s] Level 1:colcon.colcon_core.package_identification:_identify(src) by extension 'ros'
[1.389s] Level 1:colcon.colcon_core.package_identification:_identify(src) by extensions ['cmake', 'python']
[1.389s] Level 1:colcon.colcon_core.package_identification:_identify(src) by extension 'cmake'
[1.389s] Level 1:colcon.colcon_core.package_identification:_identify(src) by extension 'python'
[1.389s] Level 1:colcon.colcon_core.package_identification:_identify(src) by extensions ['python_setup_py']
[1.389s] Level 1:colcon.colcon_core.package_identification:_identify(src) by extension 'python_setup_py'
[1.389s] Level 1:colcon.colcon_core.package_identification:_identify(src/ergodic_exploration) by extensions ['ignore', 'ignore_ament_install']
[1.389s] Level 1:colcon.colcon_core.package_identification:_identify(src/ergodic_exploration) by extension 'ignore'
[1.389s] Level 1:colcon.colcon_core.package_identification:_identify(src/ergodic_exploration) by extension 'ignore_ament_install'
[1.389s] Level 1:colcon.colcon_core.package_identification:_identify(src/ergodic_exploration) by extensions ['colcon_pkg']
[1.389s] Level 1:colcon.colcon_core.package_identification:_identify(src/ergodic_exploration) by extension 'colcon_pkg'
[1.389s] Level 1:colcon.colcon_core.package_identification:_identify(src/ergodic_exploration) by extensions ['colcon_meta']
[1.389s] Level 1:colcon.colcon_core.package_identification:_identify(src/ergodic_exploration) by extension 'colcon_meta'
[1.389s] Level 1:colcon.colcon_core.package_identification:_identify(src/ergodic_exploration) by extensions ['ros']
[1.389s] Level 1:colcon.colcon_core.package_identification:_identify(src/ergodic_exploration) by extension 'ros'
[1.394s] DEBUG:colcon.colcon_core.package_identification:Package 'src/ergodic_exploration' with type 'ros.ament_python' and name 'ergodic_exploration'
[1.394s] Level 1:colcon.colcon_core.package_identification:_identify(src/my_interfaces) by extensions ['ignore', 'ignore_ament_install']
[1.394s] Level 1:colcon.colcon_core.package_identification:_identify(src/my_interfaces) by extension 'ignore'
[1.394s] Level 1:colcon.colcon_core.package_identification:_identify(src/my_interfaces) by extension 'ignore_ament_install'
[1.394s] Level 1:colcon.colcon_core.package_identification:_identify(src/my_interfaces) by extensions ['colcon_pkg']
[1.394s] Level 1:colcon.colcon_core.package_identification:_identify(src/my_interfaces) by extension 'colcon_pkg'
[1.395s] Level 1:colcon.colcon_core.package_identification:_identify(src/my_interfaces) by extensions ['colcon_meta']
[1.395s] Level 1:colcon.colcon_core.package_identification:_identify(src/my_interfaces) by extension 'colcon_meta'
[1.395s] Level 1:colcon.colcon_core.package_identification:_identify(src/my_interfaces) by extensions ['ros']
[1.395s] Level 1:colcon.colcon_core.package_identification:_identify(src/my_interfaces) by extension 'ros'
[1.396s] DEBUG:colcon.colcon_core.package_identification:Package 'src/my_interfaces' with type 'ros.ament_cmake' and name 'my_interfaces'
[1.396s] Level 1:colcon.colcon_core.package_discovery:discover_packages(recursive) using defaults
[1.396s] Level 1:colcon.colcon_core.package_discovery:discover_packages(ignore) discover
[1.396s] Level 1:colcon.colcon_core.package_discovery:discover_packages(ignore) using defaults
[1.396s] Level 1:colcon.colcon_core.package_discovery:discover_packages(path) discover
[1.396s] Level 1:colcon.colcon_core.package_discovery:discover_packages(path) using defaults
[1.458s] Level 1:colcon.colcon_core.package_discovery:discover_packages(prefix_path) check parameters
[1.459s] Level 1:colcon.colcon_core.package_discovery:discover_packages(prefix_path) discover
[1.468s] DEBUG:colcon.colcon_installed_package_information.package_discovery:Found 311 installed packages in /opt/ros/humble
[1.470s] Level 1:colcon.colcon_core.package_discovery:discover_packages(prefix_path) using defaults
[1.543s] Level 5:colcon.colcon_core.verb:set package 'my_interfaces' build argument 'cmake_args' from command line to 'None'
[1.543s] Level 5:colcon.colcon_core.verb:set package 'my_interfaces' build argument 'cmake_target' from command line to 'None'
[1.543s] Level 5:colcon.colcon_core.verb:set package 'my_interfaces' build argument 'cmake_target_skip_unavailable' from command line to 'False'
[1.543s] Level 5:colcon.colcon_core.verb:set package 'my_interfaces' build argument 'cmake_clean_cache' from command line to 'False'
[1.543s] Level 5:colcon.colcon_core.verb:set package 'my_interfaces' build argument 'cmake_clean_first' from command line to 'False'
[1.543s] Level 5:colcon.colcon_core.verb:set package 'my_interfaces' build argument 'cmake_force_configure' from command line to 'False'
[1.543s] Level 5:colcon.colcon_core.verb:set package 'my_interfaces' build argument 'ament_cmake_args' from command line to 'None'
[1.543s] Level 5:colcon.colcon_core.verb:set package 'my_interfaces' build argument 'catkin_cmake_args' from command line to 'None'
[1.543s] Level 5:colcon.colcon_core.verb:set package 'my_interfaces' build argument 'catkin_skip_building_tests' from command line to 'False'
[1.543s] DEBUG:colcon.colcon_core.verb:Building package 'my_interfaces' with the following arguments: {'ament_cmake_args': None, 'build_base': '/home/avavvas/dipl/build/my_interfaces', 'catkin_cmake_args': None, 'catkin_skip_building_tests': False, 'cmake_args': None, 'cmake_clean_cache': False, 'cmake_clean_first': False, 'cmake_force_configure': False, 'cmake_target': None, 'cmake_target_skip_unavailable': False, 'install_base': '/home/avavvas/dipl/install/my_interfaces', 'merge_install': False, 'path': '/home/avavvas/dipl/src/my_interfaces', 'symlink_install': False, 'test_result_base': None}
[1.544s] Level 5:colcon.colcon_core.verb:set package 'ergodic_exploration' build argument 'cmake_args' from command line to 'None'
[1.544s] Level 5:colcon.colcon_core.verb:set package 'ergodic_exploration' build argument 'cmake_target' from command line to 'None'
[1.544s] Level 5:colcon.colcon_core.verb:set package 'ergodic_exploration' build argument 'cmake_target_skip_unavailable' from command line to 'False'
[1.544s] Level 5:colcon.colcon_core.verb:set package 'ergodic_exploration' build argument 'cmake_clean_cache' from command line to 'False'
[1.544s] Level 5:colcon.colcon_core.verb:set package 'ergodic_exploration' build argument 'cmake_clean_first' from command line to 'False'
[1.544s] Level 5:colcon.colcon_core.verb:set package 'ergodic_exploration' build argument 'cmake_force_configure' from command line to 'False'
[1.544s] Level 5:colcon.colcon_core.verb:set package 'ergodic_exploration' build argument 'ament_cmake_args' from command line to 'None'
[1.544s] Level 5:colcon.colcon_core.verb:set package 'ergodic_exploration' build argument 'catkin_cmake_args' from command line to 'None'
[1.544s] Level 5:colcon.colcon_core.verb:set package 'ergodic_exploration' build argument 'catkin_skip_building_tests' from command line to 'False'
[1.544s] DEBUG:colcon.colcon_core.verb:Building package 'ergodic_exploration' with the following arguments: {'ament_cmake_args': None, 'build_base': '/home/avavvas/dipl/build/ergodic_exploration', 'catkin_cmake_args': None, 'catkin_skip_building_tests': False, 'cmake_args': None, 'cmake_clean_cache': False, 'cmake_clean_first': False, 'cmake_force_configure': False, 'cmake_target': None, 'cmake_target_skip_unavailable': False, 'install_base': '/home/avavvas/dipl/install/ergodic_exploration', 'merge_install': False, 'path': '/home/avavvas/dipl/src/ergodic_exploration', 'symlink_install': False, 'test_result_base': None}
[1.544s] INFO:colcon.colcon_core.executor:Executing jobs using 'parallel' executor
[1.546s] DEBUG:colcon.colcon_parallel_executor.executor.parallel:run_until_complete
[1.547s] INFO:colcon.colcon_ros.task.ament_cmake.build:Building ROS package in '/home/avavvas/dipl/src/my_interfaces' with build type 'ament_cmake'
[1.547s] INFO:colcon.colcon_cmake.task.cmake.build:Building CMake package in '/home/avavvas/dipl/src/my_interfaces'
[1.552s] INFO:colcon.colcon_core.plugin_system:Skipping extension 'colcon_core.shell.bat': Not used on non-Windows systems
[1.553s] INFO:colcon.colcon_core.shell:Skip shell extension 'powershell' for command environment: Not usable outside of PowerShell
[1.553s] DEBUG:colcon.colcon_core.shell:Skip shell extension 'dsv' for command environment
[1.576s] DEBUG:colcon.colcon_core.event_handler.log_command:Invoking command in '/home/avavvas/dipl/build/my_interfaces': CMAKE_PREFIX_PATH=/opt/ros/humble /usr/bin/cmake /home/avavvas/dipl/src/my_interfaces -DCMAKE_INSTALL_PREFIX=/home/avavvas/dipl/install/my_interfaces
[6.406s] DEBUG:colcon.colcon_core.event_handler.log_command:Invoked command in '/home/avavvas/dipl/build/my_interfaces' returned '0': CMAKE_PREFIX_PATH=/opt/ros/humble /usr/bin/cmake /home/avavvas/dipl/src/my_interfaces -DCMAKE_INSTALL_PREFIX=/home/avavvas/dipl/install/my_interfaces
[6.412s] DEBUG:colcon.colcon_core.event_handler.log_command:Invoking command in '/home/avavvas/dipl/build/my_interfaces': CMAKE_PREFIX_PATH=/opt/ros/humble /usr/bin/cmake --build /home/avavvas/dipl/build/my_interfaces -- -j12 -l12
[24.386s] DEBUG:colcon.colcon_core.event_handler.log_command:Invoked command in '/home/avavvas/dipl/build/my_interfaces' returned '0': CMAKE_PREFIX_PATH=/opt/ros/humble /usr/bin/cmake --build /home/avavvas/dipl/build/my_interfaces -- -j12 -l12
[24.411s] DEBUG:colcon.colcon_core.event_handler.log_command:Invoking command in '/home/avavvas/dipl/build/my_interfaces': CMAKE_PREFIX_PATH=/opt/ros/humble /usr/bin/cmake --install /home/avavvas/dipl/build/my_interfaces
[24.606s] Level 1:colcon.colcon_core.environment:create_environment_scripts_only(my_interfaces)
[24.610s] DEBUG:colcon.colcon_core.event_handler.log_command:Invoked command in '/home/avavvas/dipl/build/my_interfaces' returned '0': CMAKE_PREFIX_PATH=/opt/ros/humble /usr/bin/cmake --install /home/avavvas/dipl/build/my_interfaces
[24.630s] Level 1:colcon.colcon_core.environment:checking '/home/avavvas/dipl/install/my_interfaces' for CMake module files
[24.636s] Level 1:colcon.colcon_core.environment:checking '/home/avavvas/dipl/install/my_interfaces' for CMake config files
[24.638s] Level 1:colcon.colcon_core.shell:create_environment_hook('my_interfaces', 'cmake_prefix_path')
[24.640s] INFO:colcon.colcon_core.shell:Creating environment hook '/home/avavvas/dipl/install/my_interfaces/share/my_interfaces/hook/cmake_prefix_path.ps1'
[24.647s] INFO:colcon.colcon_core.shell:Creating environment descriptor '/home/avavvas/dipl/install/my_interfaces/share/my_interfaces/hook/cmake_prefix_path.dsv'
[24.651s] INFO:colcon.colcon_core.shell:Creating environment hook '/home/avavvas/dipl/install/my_interfaces/share/my_interfaces/hook/cmake_prefix_path.sh'
[24.658s] Level 1:colcon.colcon_core.environment:checking '/home/avavvas/dipl/install/my_interfaces/lib'
[24.660s] Level 1:colcon.colcon_core.shell:create_environment_hook('my_interfaces', 'ld_library_path_lib')
[24.662s] INFO:colcon.colcon_core.shell:Creating environment hook '/home/avavvas/dipl/install/my_interfaces/share/my_interfaces/hook/ld_library_path_lib.ps1'
[24.665s] INFO:colcon.colcon_core.shell:Creating environment descriptor '/home/avavvas/dipl/install/my_interfaces/share/my_interfaces/hook/ld_library_path_lib.dsv'
[24.668s] INFO:colcon.colcon_core.shell:Creating environment hook '/home/avavvas/dipl/install/my_interfaces/share/my_interfaces/hook/ld_library_path_lib.sh'
[24.671s] Level 1:colcon.colcon_core.environment:checking '/home/avavvas/dipl/install/my_interfaces/bin'
[24.672s] Level 1:colcon.colcon_core.environment:checking '/home/avavvas/dipl/install/my_interfaces/lib/pkgconfig/my_interfaces.pc'
[24.674s] Level 1:colcon.colcon_core.environment:checking '/home/avavvas/dipl/install/my_interfaces/lib/python3.10/site-packages'
[24.678s] Level 1:colcon.colcon_core.environment:checking '/home/avavvas/dipl/install/my_interfaces/bin'
[24.681s] INFO:colcon.colcon_core.shell:Creating package script '/home/avavvas/dipl/install/my_interfaces/share/my_interfaces/package.ps1'
[24.689s] INFO:colcon.colcon_core.shell:Creating package descriptor '/home/avavvas/dipl/install/my_interfaces/share/my_interfaces/package.dsv'
[24.695s] INFO:colcon.colcon_core.shell:Creating package script '/home/avavvas/dipl/install/my_interfaces/share/my_interfaces/package.sh'
[24.702s] INFO:colcon.colcon_core.shell:Creating package script '/home/avavvas/dipl/install/my_interfaces/share/my_interfaces/package.bash'
[24.708s] INFO:colcon.colcon_core.shell:Creating package script '/home/avavvas/dipl/install/my_interfaces/share/my_interfaces/package.zsh'
[24.715s] Level 1:colcon.colcon_core.environment:create_file_with_runtime_dependencies(/home/avavvas/dipl/install/my_interfaces/share/colcon-core/packages/my_interfaces)
[24.721s] Level 1:colcon.colcon_core.environment:create_environment_scripts_only(my_interfaces)
[24.723s] Level 1:colcon.colcon_core.environment:checking '/home/avavvas/dipl/install/my_interfaces' for CMake module files
[24.729s] Level 1:colcon.colcon_core.environment:checking '/home/avavvas/dipl/install/my_interfaces' for CMake config files
[24.731s] Level 1:colcon.colcon_core.shell:create_environment_hook('my_interfaces', 'cmake_prefix_path')
[24.732s] INFO:colcon.colcon_core.shell:Creating environment hook '/home/avavvas/dipl/install/my_interfaces/share/my_interfaces/hook/cmake_prefix_path.ps1'
[24.736s] INFO:colcon.colcon_core.shell:Creating environment descriptor '/home/avavvas/dipl/install/my_interfaces/share/my_interfaces/hook/cmake_prefix_path.dsv'
[24.739s] INFO:colcon.colcon_core.shell:Creating environment hook '/home/avavvas/dipl/install/my_interfaces/share/my_interfaces/hook/cmake_prefix_path.sh'
[24.744s] Level 1:colcon.colcon_core.environment:checking '/home/avavvas/dipl/install/my_interfaces/lib'
[24.745s] Level 1:colcon.colcon_core.shell:create_environment_hook('my_interfaces', 'ld_library_path_lib')
[24.746s] INFO:colcon.colcon_core.shell:Creating environment hook '/home/avavvas/dipl/install/my_interfaces/share/my_interfaces/hook/ld_library_path_lib.ps1'
[24.750s] INFO:colcon.colcon_core.shell:Creating environment descriptor '/home/avavvas/dipl/install/my_interfaces/share/my_interfaces/hook/ld_library_path_lib.dsv'
[24.753s] INFO:colcon.colcon_core.shell:Creating environment hook '/home/avavvas/dipl/install/my_interfaces/share/my_interfaces/hook/ld_library_path_lib.sh'
[24.756s] Level 1:colcon.colcon_core.environment:checking '/home/avavvas/dipl/install/my_interfaces/bin'
[24.757s] Level 1:colcon.colcon_core.environment:checking '/home/avavvas/dipl/install/my_interfaces/lib/pkgconfig/my_interfaces.pc'
[24.759s] Level 1:colcon.colcon_core.environment:checking '/home/avavvas/dipl/install/my_interfaces/lib/python3.10/site-packages'
[24.762s] Level 1:colcon.colcon_core.environment:checking '/home/avavvas/dipl/install/my_interfaces/bin'
[24.763s] INFO:colcon.colcon_core.shell:Creating package script '/home/avavvas/dipl/install/my_interfaces/share/my_interfaces/package.ps1'
[24.768s] INFO:colcon.colcon_core.shell:Creating package descriptor '/home/avavvas/dipl/install/my_interfaces/share/my_interfaces/package.dsv'
[24.772s] INFO:colcon.colcon_core.shell:Creating package script '/home/avavvas/dipl/install/my_interfaces/share/my_interfaces/package.sh'
[24.776s] INFO:colcon.colcon_core.shell:Creating package script '/home/avavvas/dipl/install/my_interfaces/share/my_interfaces/package.bash'
[24.780s] INFO:colcon.colcon_core.shell:Creating package script '/home/avavvas/dipl/install/my_interfaces/share/my_interfaces/package.zsh'
[24.783s] Level 1:colcon.colcon_core.environment:create_file_with_runtime_dependencies(/home/avavvas/dipl/install/my_interfaces/share/colcon-core/packages/my_interfaces)
[24.786s] INFO:colcon.colcon_ros.task.ament_python.build:Building ROS package in '/home/avavvas/dipl/src/ergodic_exploration' with build type 'ament_python'
[24.786s] Level 1:colcon.colcon_core.shell:create_environment_hook('ergodic_exploration', 'ament_prefix_path')
[24.787s] INFO:colcon.colcon_core.shell:Creating environment hook '/home/avavvas/dipl/install/ergodic_exploration/share/ergodic_exploration/hook/ament_prefix_path.ps1'
[24.789s] INFO:colcon.colcon_core.shell:Creating environment descriptor '/home/avavvas/dipl/install/ergodic_exploration/share/ergodic_exploration/hook/ament_prefix_path.dsv'
[24.794s] INFO:colcon.colcon_core.shell:Creating environment hook '/home/avavvas/dipl/install/ergodic_exploration/share/ergodic_exploration/hook/ament_prefix_path.sh'
[24.798s] INFO:colcon.colcon_core.shell:Skip shell extension 'powershell' for command environment: Not usable outside of PowerShell
[24.799s] DEBUG:colcon.colcon_core.shell:Skip shell extension 'dsv' for command environment
[25.280s] INFO:colcon.colcon_core.task.python.build:Building Python package in '/home/avavvas/dipl/src/ergodic_exploration'
[25.282s] INFO:colcon.colcon_core.shell:Skip shell extension 'powershell' for command environment: Not usable outside of PowerShell
[25.283s] DEBUG:colcon.colcon_core.shell:Skip shell extension 'dsv' for command environment
[26.342s] DEBUG:colcon.colcon_core.event_handler.log_command:Invoking command in '/home/avavvas/dipl/src/ergodic_exploration': AMENT_PREFIX_PATH=/home/avavvas/dipl/install/my_interfaces:${AMENT_PREFIX_PATH} CMAKE_PREFIX_PATH=/home/avavvas/dipl/install/my_interfaces LD_LIBRARY_PATH=/home/avavvas/dipl/install/my_interfaces/lib:${LD_LIBRARY_PATH} PYTHONPATH=/home/avavvas/dipl/build/ergodic_exploration/prefix_override:/usr/lib/python3/dist-packages/colcon_core/task/python/colcon_distutils_commands:/home/avavvas/dipl/install/ergodic_exploration/lib/python3.10/site-packages:/home/avavvas/dipl/install/my_interfaces/local/lib/python3.10/dist-packages:${PYTHONPATH} /usr/bin/python3 -W ignore:setup.py install is deprecated -W ignore:easy_install command is deprecated setup.py egg_info --egg-base ../../build/ergodic_exploration build --build-base /home/avavvas/dipl/build/ergodic_exploration/build install --record /home/avavvas/dipl/build/ergodic_exploration/install.log --single-version-externally-managed install_data
[27.256s] Level 1:colcon.colcon_core.environment:checking '/home/avavvas/dipl/install/ergodic_exploration' for CMake module files
[27.257s] DEBUG:colcon.colcon_core.event_handler.log_command:Invoked command in '/home/avavvas/dipl/src/ergodic_exploration' returned '0': AMENT_PREFIX_PATH=/home/avavvas/dipl/install/my_interfaces:${AMENT_PREFIX_PATH} CMAKE_PREFIX_PATH=/home/avavvas/dipl/install/my_interfaces LD_LIBRARY_PATH=/home/avavvas/dipl/install/my_interfaces/lib:${LD_LIBRARY_PATH} PYTHONPATH=/home/avavvas/dipl/build/ergodic_exploration/prefix_override:/usr/lib/python3/dist-packages/colcon_core/task/python/colcon_distutils_commands:/home/avavvas/dipl/install/ergodic_exploration/lib/python3.10/site-packages:/home/avavvas/dipl/install/my_interfaces/local/lib/python3.10/dist-packages:${PYTHONPATH} /usr/bin/python3 -W ignore:setup.py install is deprecated -W ignore:easy_install command is deprecated setup.py egg_info --egg-base ../../build/ergodic_exploration build --build-base /home/avavvas/dipl/build/ergodic_exploration/build install --record /home/avavvas/dipl/build/ergodic_exploration/install.log --single-version-externally-managed install_data
[27.262s] Level 1:colcon.colcon_core.environment:checking '/home/avavvas/dipl/install/ergodic_exploration' for CMake config files
[27.268s] Level 1:colcon.colcon_core.environment:checking '/home/avavvas/dipl/install/ergodic_exploration/lib'
[27.269s] Level 1:colcon.colcon_core.environment:checking '/home/avavvas/dipl/install/ergodic_exploration/bin'
[27.269s] Level 1:colcon.colcon_core.environment:checking '/home/avavvas/dipl/install/ergodic_exploration/lib/pkgconfig/ergodic_exploration.pc'
[27.272s] Level 1:colcon.colcon_core.environment:checking '/home/avavvas/dipl/install/ergodic_exploration/lib/python3.10/site-packages'
[27.272s] Level 1:colcon.colcon_core.shell:create_environment_hook('ergodic_exploration', 'pythonpath')
[27.274s] INFO:colcon.colcon_core.shell:Creating environment hook '/home/avavvas/dipl/install/ergodic_exploration/share/ergodic_exploration/hook/pythonpath.ps1'
[27.278s] INFO:colcon.colcon_core.shell:Creating environment descriptor '/home/avavvas/dipl/install/ergodic_exploration/share/ergodic_exploration/hook/pythonpath.dsv'
[27.280s] INFO:colcon.colcon_core.shell:Creating environment hook '/home/avavvas/dipl/install/ergodic_exploration/share/ergodic_exploration/hook/pythonpath.sh'
[27.286s] Level 1:colcon.colcon_core.environment:checking '/home/avavvas/dipl/install/ergodic_exploration/bin'
[27.286s] Level 1:colcon.colcon_core.environment:create_environment_scripts_only(ergodic_exploration)
[27.290s] INFO:colcon.colcon_core.shell:Creating package script '/home/avavvas/dipl/install/ergodic_exploration/share/ergodic_exploration/package.ps1'
[27.294s] INFO:colcon.colcon_core.shell:Creating package descriptor '/home/avavvas/dipl/install/ergodic_exploration/share/ergodic_exploration/package.dsv'
[27.297s] INFO:colcon.colcon_core.shell:Creating package script '/home/avavvas/dipl/install/ergodic_exploration/share/ergodic_exploration/package.sh'
[27.301s] INFO:colcon.colcon_core.shell:Creating package script '/home/avavvas/dipl/install/ergodic_exploration/share/ergodic_exploration/package.bash'
[27.304s] INFO:colcon.colcon_core.shell:Creating package script '/home/avavvas/dipl/install/ergodic_exploration/share/ergodic_exploration/package.zsh'
[27.306s] Level 1:colcon.colcon_core.environment:create_file_with_runtime_dependencies(/home/avavvas/dipl/install/ergodic_exploration/share/colcon-core/packages/ergodic_exploration)
[27.310s] DEBUG:colcon.colcon_parallel_executor.executor.parallel:closing loop
[27.311s] DEBUG:colcon.colcon_parallel_executor.executor.parallel:loop closed
[27.312s] DEBUG:colcon.colcon_parallel_executor.executor.parallel:run_until_complete finished with '0'
[27.312s] DEBUG:colcon.colcon_core.event_reactor:joining thread
[27.362s] INFO:colcon.colcon_core.plugin_system:Skipping extension 'colcon_notification.desktop_notification.terminal_notifier': Not used on non-Darwin systems
[27.363s] INFO:colcon.colcon_core.plugin_system:Skipping extension 'colcon_notification.desktop_notification.win32': Not used on non-Windows systems
[27.363s] INFO:colcon.colcon_notification.desktop_notification:Sending desktop notification using 'notify2'
[27.459s] DEBUG:colcon.colcon_core.event_reactor:joined thread
[27.461s] INFO:colcon.colcon_core.shell:Creating prefix script '/home/avavvas/dipl/install/local_setup.ps1'
[27.468s] INFO:colcon.colcon_core.shell:Creating prefix util module '/home/avavvas/dipl/install/_local_setup_util_ps1.py'
[27.479s] INFO:colcon.colcon_core.shell:Creating prefix chain script '/home/avavvas/dipl/install/setup.ps1'
[27.488s] INFO:colcon.colcon_core.shell:Creating prefix script '/home/avavvas/dipl/install/local_setup.sh'
[27.492s] INFO:colcon.colcon_core.shell:Creating prefix util module '/home/avavvas/dipl/install/_local_setup_util_sh.py'
[27.497s] INFO:colcon.colcon_core.shell:Creating prefix chain script '/home/avavvas/dipl/install/setup.sh'
[27.501s] INFO:colcon.colcon_core.shell:Creating prefix script '/home/avavvas/dipl/install/local_setup.bash'
[27.502s] INFO:colcon.colcon_core.shell:Creating prefix chain script '/home/avavvas/dipl/install/setup.bash'
[27.503s] INFO:colcon.colcon_core.shell:Creating prefix script '/home/avavvas/dipl/install/local_setup.zsh'
[27.504s] INFO:colcon.colcon_core.shell:Creating prefix chain script '/home/avavvas/dipl/install/setup.zsh'
