[0.439s] Invoking command in '/home/avavvas/dipl/build/ergodic_exploration': PYTHONPATH=/home/avavvas/dipl/build/ergodic_exploration/prefix_override:/home/avavvas/venvs/venv/lib/python3.10/site-packages/colcon_core/task/python/colcon_distutils_commands:/home/avavvas/dipl/install/ergodic_exploration/lib/python3.10/site-packages:${PYTHONPATH} VIRTUAL_ENV_PROMPT=(venv) /home/avavvas/venvs/venv/bin/python -W ignore:setup.py install is deprecated -W ignore:easy_install command is deprecated setup.py develop --editable --build-directory /home/avavvas/dipl/build/ergodic_exploration/build --no-deps symlink_data
[0.605s] running develop
[0.692s] running egg_info
[0.700s] writing ergodic_exploration.egg-info/PKG-INFO
[0.700s] writing dependency_links to ergodic_exploration.egg-info/dependency_links.txt
[0.700s] writing entry points to ergodic_exploration.egg-info/entry_points.txt
[0.700s] writing requirements to ergodic_exploration.egg-info/requires.txt
[0.700s] writing top-level names to ergodic_exploration.egg-info/top_level.txt
[0.716s] reading manifest file 'ergodic_exploration.egg-info/SOURCES.txt'
[0.718s] writing manifest file 'ergodic_exploration.egg-info/SOURCES.txt'
[0.726s] running build_ext
[0.726s] Creating /home/avavvas/dipl/install/ergodic_exploration/lib/python3.10/site-packages/ergodic-exploration.egg-link (link to .)
[0.727s] Installing agent_node script to /home/avavvas/dipl/install/ergodic_exploration/lib/ergodic_exploration
[0.727s] Installing aircraft_data_converter script to /home/avavvas/dipl/install/ergodic_exploration/lib/ergodic_exploration
[0.727s] Installing environment_node script to /home/avavvas/dipl/install/ergodic_exploration/lib/ergodic_exploration
[0.727s] Installing fg_visualizer_node script to /home/avavvas/dipl/install/ergodic_exploration/lib/ergodic_exploration
[0.727s] 
[0.727s] Installed /home/avavvas/dipl/build/ergodic_exploration
[0.727s] running symlink_data
[0.749s] Invoked command in '/home/avavvas/dipl/build/ergodic_exploration' returned '0': PYTHONPATH=/home/avavvas/dipl/build/ergodic_exploration/prefix_override:/home/avavvas/venvs/venv/lib/python3.10/site-packages/colcon_core/task/python/colcon_distutils_commands:/home/avavvas/dipl/install/ergodic_exploration/lib/python3.10/site-packages:${PYTHONPATH} VIRTUAL_ENV_PROMPT=(venv) /home/avavvas/venvs/venv/bin/python -W ignore:setup.py install is deprecated -W ignore:easy_install command is deprecated setup.py develop --editable --build-directory /home/avavvas/dipl/build/ergodic_exploration/build --no-deps symlink_data
