[0.346s] Invoking command in '/home/avavvas/dipl/build/ergodic_exploration': PYTHONPATH=/home/avavvas/dipl/build/ergodic_exploration/prefix_override:/home/avavvas/venvs/venv/lib/python3.10/site-packages/colcon_core/task/python/colcon_distutils_commands:/home/avavvas/dipl/install/ergodic_exploration/lib/python3.10/site-packages:/home/avavvas/dipl/install/my_interfaces/lib/python3.10/site-packages:/home/avavvas/dipl/build/ergodic_exploration:/home/avavvas/dipl/install/ergodic_exploration/lib/python3.10/site-packages:/opt/ros/humble/lib/python3.10/site-packages:/opt/ros/humble/local/lib/python3.10/dist-packages VIRTUAL_ENV_PROMPT=(venv) /home/avavvas/venvs/venv/bin/python -W ignore:setup.py install is deprecated -W ignore:easy_install command is deprecated setup.py develop --editable --build-directory /home/avavvas/dipl/build/ergodic_exploration/build --no-deps symlink_data
[0.490s] running develop
[0.560s] running egg_info
[0.567s] creating ergodic_exploration.egg-info
[0.567s] writing ergodic_exploration.egg-info/PKG-INFO
[0.567s] writing dependency_links to ergodic_exploration.egg-info/dependency_links.txt
[0.567s] writing entry points to ergodic_exploration.egg-info/entry_points.txt
[0.567s] writing requirements to ergodic_exploration.egg-info/requires.txt
[0.567s] writing top-level names to ergodic_exploration.egg-info/top_level.txt
[0.568s] writing manifest file 'ergodic_exploration.egg-info/SOURCES.txt'
[0.581s] reading manifest file 'ergodic_exploration.egg-info/SOURCES.txt'
[0.582s] writing manifest file 'ergodic_exploration.egg-info/SOURCES.txt'
[0.589s] running build_ext
[0.589s] Creating /home/avavvas/dipl/install/ergodic_exploration/lib/python3.10/site-packages/ergodic-exploration.egg-link (link to .)
[0.590s] Installing agent_node script to /home/avavvas/dipl/install/ergodic_exploration/lib/ergodic_exploration
[0.590s] Installing agent_node_airplane_teleop script to /home/avavvas/dipl/install/ergodic_exploration/lib/ergodic_exploration
[0.590s] Installing aircraft_data_converter script to /home/avavvas/dipl/install/ergodic_exploration/lib/ergodic_exploration
[0.591s] Installing environment_node script to /home/avavvas/dipl/install/ergodic_exploration/lib/ergodic_exploration
[0.591s] Installing fg_visualizer_node script to /home/avavvas/dipl/install/ergodic_exploration/lib/ergodic_exploration
[0.591s] Installing joystick_node script to /home/avavvas/dipl/install/ergodic_exploration/lib/ergodic_exploration
[0.591s] 
[0.591s] Installed /home/avavvas/dipl/build/ergodic_exploration
[0.591s] running symlink_data
[0.591s] creating /home/avavvas/dipl/install/ergodic_exploration/share/ament_index/resource_index/packages
[0.591s] symbolically linking /home/avavvas/dipl/build/ergodic_exploration/resource/ergodic_exploration -> /home/avavvas/dipl/install/ergodic_exploration/share/ament_index/resource_index/packages
[0.592s] symbolically linking /home/avavvas/dipl/build/ergodic_exploration/package.xml -> /home/avavvas/dipl/install/ergodic_exploration/share/ergodic_exploration
[0.592s] creating /home/avavvas/dipl/install/ergodic_exploration/share/ergodic_exploration/launch
[0.592s] symbolically linking /home/avavvas/dipl/build/ergodic_exploration/launch/multi_agent.launch.py -> /home/avavvas/dipl/install/ergodic_exploration/share/ergodic_exploration/launch
[0.592s] symbolically linking /home/avavvas/dipl/build/ergodic_exploration/launch/fixed_wing_free_fly.launch.py -> /home/avavvas/dipl/install/ergodic_exploration/share/ergodic_exploration/launch
[0.592s] symbolically linking /home/avavvas/dipl/build/ergodic_exploration/launch/drones_in_small_space.launch.py -> /home/avavvas/dipl/install/ergodic_exploration/share/ergodic_exploration/launch
[0.592s] symbolically linking /home/avavvas/dipl/build/ergodic_exploration/launch/three_drones_big.launch.py -> /home/avavvas/dipl/install/ergodic_exploration/share/ergodic_exploration/launch
[0.592s] symbolically linking /home/avavvas/dipl/build/ergodic_exploration/launch/big_environment_1.launch.py -> /home/avavvas/dipl/install/ergodic_exploration/share/ergodic_exploration/launch
[0.592s] symbolically linking /home/avavvas/dipl/build/ergodic_exploration/launch/boats_simple.launch.py -> /home/avavvas/dipl/install/ergodic_exploration/share/ergodic_exploration/launch
[0.592s] symbolically linking /home/avavvas/dipl/build/ergodic_exploration/launch/fixed_wing_teleop_agent.launch.py -> /home/avavvas/dipl/install/ergodic_exploration/share/ergodic_exploration/launch
[0.592s] creating /home/avavvas/dipl/install/ergodic_exploration/share/ergodic_exploration/meshes
[0.592s] symbolically linking /home/avavvas/dipl/build/ergodic_exploration/meshes/drone_big.stl -> /home/avavvas/dipl/install/ergodic_exploration/share/ergodic_exploration/meshes
[0.592s] symbolically linking /home/avavvas/dipl/build/ergodic_exploration/meshes/car.stl -> /home/avavvas/dipl/install/ergodic_exploration/share/ergodic_exploration/meshes
[0.593s] symbolically linking /home/avavvas/dipl/build/ergodic_exploration/meshes/drone_small.stl -> /home/avavvas/dipl/install/ergodic_exploration/share/ergodic_exploration/meshes
[0.593s] symbolically linking /home/avavvas/dipl/build/ergodic_exploration/meshes/hermes_original.stl -> /home/avavvas/dipl/install/ergodic_exploration/share/ergodic_exploration/meshes
[0.593s] symbolically linking /home/avavvas/dipl/build/ergodic_exploration/meshes/boat.stl -> /home/avavvas/dipl/install/ergodic_exploration/share/ergodic_exploration/meshes
[0.593s] symbolically linking /home/avavvas/dipl/build/ergodic_exploration/meshes/hermes.stl -> /home/avavvas/dipl/install/ergodic_exploration/share/ergodic_exploration/meshes
[0.613s] Invoked command in '/home/avavvas/dipl/build/ergodic_exploration' returned '0': PYTHONPATH=/home/avavvas/dipl/build/ergodic_exploration/prefix_override:/home/avavvas/venvs/venv/lib/python3.10/site-packages/colcon_core/task/python/colcon_distutils_commands:/home/avavvas/dipl/install/ergodic_exploration/lib/python3.10/site-packages:/home/avavvas/dipl/install/my_interfaces/lib/python3.10/site-packages:/home/avavvas/dipl/build/ergodic_exploration:/home/avavvas/dipl/install/ergodic_exploration/lib/python3.10/site-packages:/opt/ros/humble/lib/python3.10/site-packages:/opt/ros/humble/local/lib/python3.10/dist-packages VIRTUAL_ENV_PROMPT=(venv) /home/avavvas/venvs/venv/bin/python -W ignore:setup.py install is deprecated -W ignore:easy_install command is deprecated setup.py develop --editable --build-directory /home/avavvas/dipl/build/ergodic_exploration/build --no-deps symlink_data
