[0.644s] Invoking command in '/home/alex/Diplomatiki/ros/src/ergodic_exploration': AMENT_PREFIX_PATH=/home/alex/Diplomatiki/ros/install/my_interfaces:${AMENT_PREFIX_PATH} CMAKE_PREFIX_PATH=/home/alex/Diplomatiki/ros/install/my_interfaces LD_LIBRARY_PATH=/home/alex/Diplomatiki/ros/install/my_interfaces/lib:${LD_LIBRARY_PATH} PYTHONPATH=/home/alex/Diplomatiki/ros/build/ergodic_exploration/prefix_override:/usr/lib/python3/dist-packages/colcon_core/task/python/colcon_distutils_commands:/home/alex/Diplomatiki/ros/install/ergodic_exploration/lib/python3.10/site-packages:/home/alex/Diplomatiki/ros/install/my_interfaces/local/lib/python3.10/dist-packages:${PYTHONPATH} /usr/bin/python3 -W ignore:setup.py install is deprecated -W ignore:easy_install command is deprecated setup.py egg_info --egg-base ../../build/ergodic_exploration build --build-base /home/alex/Diplomatiki/ros/build/ergodic_exploration/build install --record /home/alex/Diplomatiki/ros/build/ergodic_exploration/install.log --single-version-externally-managed install_data
[0.854s] running egg_info
[0.860s] writing ../../build/ergodic_exploration/ergodic_exploration.egg-info/PKG-INFO
[0.861s] writing dependency_links to ../../build/ergodic_exploration/ergodic_exploration.egg-info/dependency_links.txt
[0.861s] writing entry points to ../../build/ergodic_exploration/ergodic_exploration.egg-info/entry_points.txt
[0.861s] writing requirements to ../../build/ergodic_exploration/ergodic_exploration.egg-info/requires.txt
[0.861s] writing top-level names to ../../build/ergodic_exploration/ergodic_exploration.egg-info/top_level.txt
[0.888s] reading manifest file '../../build/ergodic_exploration/ergodic_exploration.egg-info/SOURCES.txt'
[0.888s] adding license file 'LICENSE'
[0.889s] writing manifest file '../../build/ergodic_exploration/ergodic_exploration.egg-info/SOURCES.txt'
[0.890s] running build
[0.890s] running build_py
[0.890s] copying ergodic_exploration/__init__.py -> /home/alex/Diplomatiki/ros/build/ergodic_exploration/build/lib/ergodic_exploration
[0.890s] copying ergodic_exploration/environment.py -> /home/alex/Diplomatiki/ros/build/ergodic_exploration/build/lib/ergodic_exploration
[0.890s] copying ergodic_exploration/agent_node.py -> /home/alex/Diplomatiki/ros/build/ergodic_exploration/build/lib/ergodic_exploration
[0.890s] copying my_erg_lib/vis.py -> /home/alex/Diplomatiki/ros/build/ergodic_exploration/build/lib/my_erg_lib
[0.891s] copying my_erg_lib/model_dynamics.py -> /home/alex/Diplomatiki/ros/build/ergodic_exploration/build/lib/my_erg_lib
[0.891s] copying my_erg_lib/__init__.py -> /home/alex/Diplomatiki/ros/build/ergodic_exploration/build/lib/my_erg_lib
[0.891s] copying my_erg_lib/eid.py -> /home/alex/Diplomatiki/ros/build/ergodic_exploration/build/lib/my_erg_lib
[0.891s] copying my_erg_lib/basis.py -> /home/alex/Diplomatiki/ros/build/ergodic_exploration/build/lib/my_erg_lib
[0.891s] copying my_erg_lib/barrier.py -> /home/alex/Diplomatiki/ros/build/ergodic_exploration/build/lib/my_erg_lib
[0.891s] copying my_erg_lib/agent.py -> /home/alex/Diplomatiki/ros/build/ergodic_exploration/build/lib/my_erg_lib
[0.892s] copying my_erg_lib/replay_buffer.py -> /home/alex/Diplomatiki/ros/build/ergodic_exploration/build/lib/my_erg_lib
[0.892s] copying my_erg_lib/Utilities.py -> /home/alex/Diplomatiki/ros/build/ergodic_exploration/build/lib/my_erg_lib
[0.892s] copying my_erg_lib/obstacles.py -> /home/alex/Diplomatiki/ros/build/ergodic_exploration/build/lib/my_erg_lib
[0.892s] copying my_erg_lib/ergodic_controllers.py -> /home/alex/Diplomatiki/ros/build/ergodic_exploration/build/lib/my_erg_lib
[0.892s] copying my_erg_lib/vis.py -> /home/alex/Diplomatiki/ros/build/ergodic_exploration/build/lib/my_erg_lib
[0.892s] copying my_erg_lib/model_dynamics.py -> /home/alex/Diplomatiki/ros/build/ergodic_exploration/build/lib/my_erg_lib
[0.893s] copying my_erg_lib/__init__.py -> /home/alex/Diplomatiki/ros/build/ergodic_exploration/build/lib/my_erg_lib
[0.893s] copying my_erg_lib/eid.py -> /home/alex/Diplomatiki/ros/build/ergodic_exploration/build/lib/my_erg_lib
[0.893s] copying my_erg_lib/basis.py -> /home/alex/Diplomatiki/ros/build/ergodic_exploration/build/lib/my_erg_lib
[0.893s] copying my_erg_lib/barrier.py -> /home/alex/Diplomatiki/ros/build/ergodic_exploration/build/lib/my_erg_lib
[0.893s] copying my_erg_lib/agent.py -> /home/alex/Diplomatiki/ros/build/ergodic_exploration/build/lib/my_erg_lib
[0.894s] copying my_erg_lib/replay_buffer.py -> /home/alex/Diplomatiki/ros/build/ergodic_exploration/build/lib/my_erg_lib
[0.894s] copying my_erg_lib/Utilities.py -> /home/alex/Diplomatiki/ros/build/ergodic_exploration/build/lib/my_erg_lib
[0.894s] copying my_erg_lib/obstacles.py -> /home/alex/Diplomatiki/ros/build/ergodic_exploration/build/lib/my_erg_lib
[0.894s] copying my_erg_lib/ergodic_controllers.py -> /home/alex/Diplomatiki/ros/build/ergodic_exploration/build/lib/my_erg_lib
[0.894s] running install
[0.898s] running install_lib
[0.911s] copying /home/alex/Diplomatiki/ros/build/ergodic_exploration/build/lib/ergodic_exploration/environment.py -> /home/alex/Diplomatiki/ros/install/ergodic_exploration/lib/python3.10/site-packages/ergodic_exploration
[0.911s] copying /home/alex/Diplomatiki/ros/build/ergodic_exploration/build/lib/ergodic_exploration/agent_node.py -> /home/alex/Diplomatiki/ros/install/ergodic_exploration/lib/python3.10/site-packages/ergodic_exploration
[0.912s] byte-compiling /home/alex/Diplomatiki/ros/install/ergodic_exploration/lib/python3.10/site-packages/ergodic_exploration/environment.py to environment.cpython-310.pyc
[0.917s] byte-compiling /home/alex/Diplomatiki/ros/install/ergodic_exploration/lib/python3.10/site-packages/ergodic_exploration/agent_node.py to agent_node.cpython-310.pyc
[0.921s] running install_data
[0.921s] copying resource/ergodic_exploration -> /home/alex/Diplomatiki/ros/install/ergodic_exploration/share/ament_index/resource_index/packages
[0.921s] copying package.xml -> /home/alex/Diplomatiki/ros/install/ergodic_exploration/share/ergodic_exploration
[0.921s] copying launch/multi_agent.launch.py -> /home/alex/Diplomatiki/ros/install/ergodic_exploration/share/ergodic_exploration/launch
[0.921s] copying meshes/car.stl -> /home/alex/Diplomatiki/ros/install/ergodic_exploration/share/ergodic_exploration/meshes
[0.924s] copying meshes/hermes.stl -> /home/alex/Diplomatiki/ros/install/ergodic_exploration/share/ergodic_exploration/meshes
[0.925s] copying meshes/hermes_original.stl -> /home/alex/Diplomatiki/ros/install/ergodic_exploration/share/ergodic_exploration/meshes
[0.927s] copying meshes/boat.stl -> /home/alex/Diplomatiki/ros/install/ergodic_exploration/share/ergodic_exploration/meshes
[0.927s] copying meshes/drone_small.stl -> /home/alex/Diplomatiki/ros/install/ergodic_exploration/share/ergodic_exploration/meshes
[0.927s] copying meshes/drone_big.stl -> /home/alex/Diplomatiki/ros/install/ergodic_exploration/share/ergodic_exploration/meshes
[0.929s] running install_egg_info
[0.942s] removing '/home/alex/Diplomatiki/ros/install/ergodic_exploration/lib/python3.10/site-packages/ergodic_exploration-0.0.0-py3.10.egg-info' (and everything under it)
[0.943s] Copying ../../build/ergodic_exploration/ergodic_exploration.egg-info to /home/alex/Diplomatiki/ros/install/ergodic_exploration/lib/python3.10/site-packages/ergodic_exploration-0.0.0-py3.10.egg-info
[0.943s] running install_scripts
[0.970s] Installing agent_node script to /home/alex/Diplomatiki/ros/install/ergodic_exploration/lib/ergodic_exploration
[0.970s] Installing environment_node script to /home/alex/Diplomatiki/ros/install/ergodic_exploration/lib/ergodic_exploration
[0.971s] writing list of installed files to '/home/alex/Diplomatiki/ros/build/ergodic_exploration/install.log'
[1.000s] Invoked command in '/home/alex/Diplomatiki/ros/src/ergodic_exploration' returned '0': AMENT_PREFIX_PATH=/home/alex/Diplomatiki/ros/install/my_interfaces:${AMENT_PREFIX_PATH} CMAKE_PREFIX_PATH=/home/alex/Diplomatiki/ros/install/my_interfaces LD_LIBRARY_PATH=/home/alex/Diplomatiki/ros/install/my_interfaces/lib:${LD_LIBRARY_PATH} PYTHONPATH=/home/alex/Diplomatiki/ros/build/ergodic_exploration/prefix_override:/usr/lib/python3/dist-packages/colcon_core/task/python/colcon_distutils_commands:/home/alex/Diplomatiki/ros/install/ergodic_exploration/lib/python3.10/site-packages:/home/alex/Diplomatiki/ros/install/my_interfaces/local/lib/python3.10/dist-packages:${PYTHONPATH} /usr/bin/python3 -W ignore:setup.py install is deprecated -W ignore:easy_install command is deprecated setup.py egg_info --egg-base ../../build/ergodic_exploration build --build-base /home/alex/Diplomatiki/ros/build/ergodic_exploration/build install --record /home/alex/Diplomatiki/ros/build/ergodic_exploration/install.log --single-version-externally-managed install_data
