[0.584s] Invoking command in '/home/alex/Diplomatiki/src/ergodic_exploration': AMENT_PREFIX_PATH=/home/alex/Diplomatiki/install/my_interfaces:${AMENT_PREFIX_PATH} CMAKE_PREFIX_PATH=/home/alex/Diplomatiki/install/my_interfaces LD_LIBRARY_PATH=/home/alex/Diplomatiki/install/my_interfaces/lib:${LD_LIBRARY_PATH} PYTHONPATH=/home/alex/Diplomatiki/build/ergodic_exploration/prefix_override:/usr/lib/python3/dist-packages/colcon_core/task/python/colcon_distutils_commands:/home/alex/Diplomatiki/install/ergodic_exploration/lib/python3.10/site-packages:/home/alex/Diplomatiki/install/my_interfaces/local/lib/python3.10/dist-packages:${PYTHONPATH} /usr/bin/python3 -W ignore:setup.py install is deprecated -W ignore:easy_install command is deprecated setup.py egg_info --egg-base ../../build/ergodic_exploration build --build-base /home/alex/Diplomatiki/build/ergodic_exploration/build install --record /home/alex/Diplomatiki/build/ergodic_exploration/install.log --single-version-externally-managed install_data
[0.784s] running egg_info
[0.796s] creating ../../build/ergodic_exploration/ergodic_exploration.egg-info
[0.797s] writing ../../build/ergodic_exploration/ergodic_exploration.egg-info/PKG-INFO
[0.797s] writing dependency_links to ../../build/ergodic_exploration/ergodic_exploration.egg-info/dependency_links.txt
[0.797s] writing entry points to ../../build/ergodic_exploration/ergodic_exploration.egg-info/entry_points.txt
[0.797s] writing requirements to ../../build/ergodic_exploration/ergodic_exploration.egg-info/requires.txt
[0.797s] writing top-level names to ../../build/ergodic_exploration/ergodic_exploration.egg-info/top_level.txt
[0.798s] writing manifest file '../../build/ergodic_exploration/ergodic_exploration.egg-info/SOURCES.txt'
[0.824s] reading manifest file '../../build/ergodic_exploration/ergodic_exploration.egg-info/SOURCES.txt'
[0.824s] adding license file 'LICENSE'
[0.825s] writing manifest file '../../build/ergodic_exploration/ergodic_exploration.egg-info/SOURCES.txt'
[0.825s] running build
[0.825s] running build_py
[0.825s] creating /home/alex/Diplomatiki/build/ergodic_exploration/build/lib/ergodic_exploration
[0.826s] copying ergodic_exploration/__init__.py -> /home/alex/Diplomatiki/build/ergodic_exploration/build/lib/ergodic_exploration
[0.826s] copying ergodic_exploration/environment.py -> /home/alex/Diplomatiki/build/ergodic_exploration/build/lib/ergodic_exploration
[0.826s] copying ergodic_exploration/agent_node.py -> /home/alex/Diplomatiki/build/ergodic_exploration/build/lib/ergodic_exploration
[0.826s] copying ergodic_exploration/dummy_agent.py -> /home/alex/Diplomatiki/build/ergodic_exploration/build/lib/ergodic_exploration
[0.826s] creating /home/alex/Diplomatiki/build/ergodic_exploration/build/lib/my_erg_lib
[0.826s] copying my_erg_lib/vis.py -> /home/alex/Diplomatiki/build/ergodic_exploration/build/lib/my_erg_lib
[0.826s] copying my_erg_lib/model_dynamics.py -> /home/alex/Diplomatiki/build/ergodic_exploration/build/lib/my_erg_lib
[0.826s] copying my_erg_lib/__init__.py -> /home/alex/Diplomatiki/build/ergodic_exploration/build/lib/my_erg_lib
[0.826s] copying my_erg_lib/eid.py -> /home/alex/Diplomatiki/build/ergodic_exploration/build/lib/my_erg_lib
[0.827s] copying my_erg_lib/basis.py -> /home/alex/Diplomatiki/build/ergodic_exploration/build/lib/my_erg_lib
[0.827s] copying my_erg_lib/agent.py -> /home/alex/Diplomatiki/build/ergodic_exploration/build/lib/my_erg_lib
[0.827s] copying my_erg_lib/replay_buffer.py -> /home/alex/Diplomatiki/build/ergodic_exploration/build/lib/my_erg_lib
[0.827s] copying my_erg_lib/Utilities.py -> /home/alex/Diplomatiki/build/ergodic_exploration/build/lib/my_erg_lib
[0.827s] copying my_erg_lib/obstacles.py -> /home/alex/Diplomatiki/build/ergodic_exploration/build/lib/my_erg_lib
[0.827s] copying my_erg_lib/ergodic_controllers.py -> /home/alex/Diplomatiki/build/ergodic_exploration/build/lib/my_erg_lib
[0.827s] copying my_erg_lib/vis.py -> /home/alex/Diplomatiki/build/ergodic_exploration/build/lib/my_erg_lib
[0.828s] copying my_erg_lib/model_dynamics.py -> /home/alex/Diplomatiki/build/ergodic_exploration/build/lib/my_erg_lib
[0.828s] copying my_erg_lib/__init__.py -> /home/alex/Diplomatiki/build/ergodic_exploration/build/lib/my_erg_lib
[0.828s] copying my_erg_lib/eid.py -> /home/alex/Diplomatiki/build/ergodic_exploration/build/lib/my_erg_lib
[0.828s] copying my_erg_lib/basis.py -> /home/alex/Diplomatiki/build/ergodic_exploration/build/lib/my_erg_lib
[0.828s] copying my_erg_lib/agent.py -> /home/alex/Diplomatiki/build/ergodic_exploration/build/lib/my_erg_lib
[0.828s] copying my_erg_lib/replay_buffer.py -> /home/alex/Diplomatiki/build/ergodic_exploration/build/lib/my_erg_lib
[0.828s] copying my_erg_lib/Utilities.py -> /home/alex/Diplomatiki/build/ergodic_exploration/build/lib/my_erg_lib
[0.829s] copying my_erg_lib/obstacles.py -> /home/alex/Diplomatiki/build/ergodic_exploration/build/lib/my_erg_lib
[0.829s] copying my_erg_lib/ergodic_controllers.py -> /home/alex/Diplomatiki/build/ergodic_exploration/build/lib/my_erg_lib
[0.829s] running install
[0.833s] running install_lib
[0.845s] creating /home/alex/Diplomatiki/install/ergodic_exploration/lib/python3.10/site-packages/ergodic_exploration
[0.846s] copying /home/alex/Diplomatiki/build/ergodic_exploration/build/lib/ergodic_exploration/__init__.py -> /home/alex/Diplomatiki/install/ergodic_exploration/lib/python3.10/site-packages/ergodic_exploration
[0.846s] copying /home/alex/Diplomatiki/build/ergodic_exploration/build/lib/ergodic_exploration/environment.py -> /home/alex/Diplomatiki/install/ergodic_exploration/lib/python3.10/site-packages/ergodic_exploration
[0.846s] copying /home/alex/Diplomatiki/build/ergodic_exploration/build/lib/ergodic_exploration/agent_node.py -> /home/alex/Diplomatiki/install/ergodic_exploration/lib/python3.10/site-packages/ergodic_exploration
[0.846s] copying /home/alex/Diplomatiki/build/ergodic_exploration/build/lib/ergodic_exploration/dummy_agent.py -> /home/alex/Diplomatiki/install/ergodic_exploration/lib/python3.10/site-packages/ergodic_exploration
[0.846s] creating /home/alex/Diplomatiki/install/ergodic_exploration/lib/python3.10/site-packages/my_erg_lib
[0.846s] copying /home/alex/Diplomatiki/build/ergodic_exploration/build/lib/my_erg_lib/vis.py -> /home/alex/Diplomatiki/install/ergodic_exploration/lib/python3.10/site-packages/my_erg_lib
[0.847s] copying /home/alex/Diplomatiki/build/ergodic_exploration/build/lib/my_erg_lib/model_dynamics.py -> /home/alex/Diplomatiki/install/ergodic_exploration/lib/python3.10/site-packages/my_erg_lib
[0.847s] copying /home/alex/Diplomatiki/build/ergodic_exploration/build/lib/my_erg_lib/__init__.py -> /home/alex/Diplomatiki/install/ergodic_exploration/lib/python3.10/site-packages/my_erg_lib
[0.847s] copying /home/alex/Diplomatiki/build/ergodic_exploration/build/lib/my_erg_lib/eid.py -> /home/alex/Diplomatiki/install/ergodic_exploration/lib/python3.10/site-packages/my_erg_lib
[0.847s] copying /home/alex/Diplomatiki/build/ergodic_exploration/build/lib/my_erg_lib/basis.py -> /home/alex/Diplomatiki/install/ergodic_exploration/lib/python3.10/site-packages/my_erg_lib
[0.847s] copying /home/alex/Diplomatiki/build/ergodic_exploration/build/lib/my_erg_lib/agent.py -> /home/alex/Diplomatiki/install/ergodic_exploration/lib/python3.10/site-packages/my_erg_lib
[0.847s] copying /home/alex/Diplomatiki/build/ergodic_exploration/build/lib/my_erg_lib/replay_buffer.py -> /home/alex/Diplomatiki/install/ergodic_exploration/lib/python3.10/site-packages/my_erg_lib
[0.847s] copying /home/alex/Diplomatiki/build/ergodic_exploration/build/lib/my_erg_lib/Utilities.py -> /home/alex/Diplomatiki/install/ergodic_exploration/lib/python3.10/site-packages/my_erg_lib
[0.847s] copying /home/alex/Diplomatiki/build/ergodic_exploration/build/lib/my_erg_lib/obstacles.py -> /home/alex/Diplomatiki/install/ergodic_exploration/lib/python3.10/site-packages/my_erg_lib
[0.848s] copying /home/alex/Diplomatiki/build/ergodic_exploration/build/lib/my_erg_lib/ergodic_controllers.py -> /home/alex/Diplomatiki/install/ergodic_exploration/lib/python3.10/site-packages/my_erg_lib
[0.848s] byte-compiling /home/alex/Diplomatiki/install/ergodic_exploration/lib/python3.10/site-packages/ergodic_exploration/__init__.py to __init__.cpython-310.pyc
[0.848s] byte-compiling /home/alex/Diplomatiki/install/ergodic_exploration/lib/python3.10/site-packages/ergodic_exploration/environment.py to environment.cpython-310.pyc
[0.853s] byte-compiling /home/alex/Diplomatiki/install/ergodic_exploration/lib/python3.10/site-packages/ergodic_exploration/agent_node.py to agent_node.cpython-310.pyc
[0.857s] byte-compiling /home/alex/Diplomatiki/install/ergodic_exploration/lib/python3.10/site-packages/ergodic_exploration/dummy_agent.py to dummy_agent.cpython-310.pyc
[0.857s] byte-compiling /home/alex/Diplomatiki/install/ergodic_exploration/lib/python3.10/site-packages/my_erg_lib/vis.py to vis.cpython-310.pyc
[0.866s] byte-compiling /home/alex/Diplomatiki/install/ergodic_exploration/lib/python3.10/site-packages/my_erg_lib/model_dynamics.py to model_dynamics.cpython-310.pyc
[0.871s] byte-compiling /home/alex/Diplomatiki/install/ergodic_exploration/lib/python3.10/site-packages/my_erg_lib/__init__.py to __init__.cpython-310.pyc
[0.871s] byte-compiling /home/alex/Diplomatiki/install/ergodic_exploration/lib/python3.10/site-packages/my_erg_lib/eid.py to eid.cpython-310.pyc
[0.873s] byte-compiling /home/alex/Diplomatiki/install/ergodic_exploration/lib/python3.10/site-packages/my_erg_lib/basis.py to basis.cpython-310.pyc
[0.875s] byte-compiling /home/alex/Diplomatiki/install/ergodic_exploration/lib/python3.10/site-packages/my_erg_lib/agent.py to agent.cpython-310.pyc
[0.880s] byte-compiling /home/alex/Diplomatiki/install/ergodic_exploration/lib/python3.10/site-packages/my_erg_lib/replay_buffer.py to replay_buffer.cpython-310.pyc
[0.881s] byte-compiling /home/alex/Diplomatiki/install/ergodic_exploration/lib/python3.10/site-packages/my_erg_lib/Utilities.py to Utilities.cpython-310.pyc
[0.882s] byte-compiling /home/alex/Diplomatiki/install/ergodic_exploration/lib/python3.10/site-packages/my_erg_lib/obstacles.py to obstacles.cpython-310.pyc
[0.883s] byte-compiling /home/alex/Diplomatiki/install/ergodic_exploration/lib/python3.10/site-packages/my_erg_lib/ergodic_controllers.py to ergodic_controllers.cpython-310.pyc
[0.885s] running install_data
[0.885s] creating /home/alex/Diplomatiki/install/ergodic_exploration/share/ament_index/resource_index/packages
[0.886s] copying resource/ergodic_exploration -> /home/alex/Diplomatiki/install/ergodic_exploration/share/ament_index/resource_index/packages
[0.886s] copying package.xml -> /home/alex/Diplomatiki/install/ergodic_exploration/share/ergodic_exploration
[0.886s] creating /home/alex/Diplomatiki/install/ergodic_exploration/share/ergodic_exploration/launch
[0.886s] copying launch/big_environment_1.launch.py -> /home/alex/Diplomatiki/install/ergodic_exploration/share/ergodic_exploration/launch
[0.886s] copying launch/fixed_wing_free_fly.launch.py -> /home/alex/Diplomatiki/install/ergodic_exploration/share/ergodic_exploration/launch
[0.886s] copying launch/drones_in_small_space.launch.py -> /home/alex/Diplomatiki/install/ergodic_exploration/share/ergodic_exploration/launch
[0.886s] copying launch/boats_simple.launch.py -> /home/alex/Diplomatiki/install/ergodic_exploration/share/ergodic_exploration/launch
[0.887s] copying launch/multi_agent.launch.py -> /home/alex/Diplomatiki/install/ergodic_exploration/share/ergodic_exploration/launch
[0.887s] creating /home/alex/Diplomatiki/install/ergodic_exploration/share/ergodic_exploration/meshes
[0.887s] copying meshes/car.stl -> /home/alex/Diplomatiki/install/ergodic_exploration/share/ergodic_exploration/meshes
[0.888s] copying meshes/hermes.stl -> /home/alex/Diplomatiki/install/ergodic_exploration/share/ergodic_exploration/meshes
[0.888s] copying meshes/hermes_original.stl -> /home/alex/Diplomatiki/install/ergodic_exploration/share/ergodic_exploration/meshes
[0.889s] copying meshes/boat.stl -> /home/alex/Diplomatiki/install/ergodic_exploration/share/ergodic_exploration/meshes
[0.889s] copying meshes/drone_small.stl -> /home/alex/Diplomatiki/install/ergodic_exploration/share/ergodic_exploration/meshes
[0.889s] copying meshes/drone_big.stl -> /home/alex/Diplomatiki/install/ergodic_exploration/share/ergodic_exploration/meshes
[0.891s] running install_egg_info
[0.904s] Copying ../../build/ergodic_exploration/ergodic_exploration.egg-info to /home/alex/Diplomatiki/install/ergodic_exploration/lib/python3.10/site-packages/ergodic_exploration-0.0.0-py3.10.egg-info
[0.905s] running install_scripts
[0.931s] Installing agent_node script to /home/alex/Diplomatiki/install/ergodic_exploration/lib/ergodic_exploration
[0.931s] Installing environment_node script to /home/alex/Diplomatiki/install/ergodic_exploration/lib/ergodic_exploration
[0.932s] writing list of installed files to '/home/alex/Diplomatiki/build/ergodic_exploration/install.log'
[0.962s] Invoked command in '/home/alex/Diplomatiki/src/ergodic_exploration' returned '0': AMENT_PREFIX_PATH=/home/alex/Diplomatiki/install/my_interfaces:${AMENT_PREFIX_PATH} CMAKE_PREFIX_PATH=/home/alex/Diplomatiki/install/my_interfaces LD_LIBRARY_PATH=/home/alex/Diplomatiki/install/my_interfaces/lib:${LD_LIBRARY_PATH} PYTHONPATH=/home/alex/Diplomatiki/build/ergodic_exploration/prefix_override:/usr/lib/python3/dist-packages/colcon_core/task/python/colcon_distutils_commands:/home/alex/Diplomatiki/install/ergodic_exploration/lib/python3.10/site-packages:/home/alex/Diplomatiki/install/my_interfaces/local/lib/python3.10/dist-packages:${PYTHONPATH} /usr/bin/python3 -W ignore:setup.py install is deprecated -W ignore:easy_install command is deprecated setup.py egg_info --egg-base ../../build/ergodic_exploration build --build-base /home/alex/Diplomatiki/build/ergodic_exploration/build install --record /home/alex/Diplomatiki/build/ergodic_exploration/install.log --single-version-externally-managed install_data
