running egg_info
writing ../../build/ergodic_exploration/ergodic_exploration.egg-info/PKG-INFO
writing dependency_links to ../../build/ergodic_exploration/ergodic_exploration.egg-info/dependency_links.txt
writing entry points to ../../build/ergodic_exploration/ergodic_exploration.egg-info/entry_points.txt
writing requirements to ../../build/ergodic_exploration/ergodic_exploration.egg-info/requires.txt
writing top-level names to ../../build/ergodic_exploration/ergodic_exploration.egg-info/top_level.txt
reading manifest file '../../build/ergodic_exploration/ergodic_exploration.egg-info/SOURCES.txt'
adding license file 'LICENSE'
writing manifest file '../../build/ergodic_exploration/ergodic_exploration.egg-info/SOURCES.txt'
running build
running build_py
running install
running install_lib
running install_data
running install_egg_info
removing '/home/alex/Diplomatiki/ros/install/ergodic_exploration/lib/python3.10/site-packages/ergodic_exploration-0.0.0-py3.10.egg-info' (and everything under it)
Copying ../../build/ergodic_exploration/ergodic_exploration.egg-info to /home/alex/Diplomatiki/ros/install/ergodic_exploration/lib/python3.10/site-packages/ergodic_exploration-0.0.0-py3.10.egg-info
running install_scripts
Installing agent_node script to /home/alex/Diplomatiki/ros/install/ergodic_exploration/lib/ergodic_exploration
writing list of installed files to '/home/alex/Diplomatiki/ros/build/ergodic_exploration/install.log'
