[0.559s] Invoking command in '/home/alex/Diplomatiki/ros/src/ergodic_exploration': PYTHONPATH=/home/alex/Diplomatiki/ros/build/ergodic_exploration/prefix_override:/usr/lib/python3/dist-packages/colcon_core/task/python/colcon_distutils_commands:/home/alex/Diplomatiki/ros/install/ergodic_exploration/lib/python3.10/site-packages:${PYTHONPATH} /usr/bin/python3 -W ignore:setup.py install is deprecated -W ignore:easy_install command is deprecated setup.py egg_info --egg-base ../../build/ergodic_exploration build --build-base /home/alex/Diplomatiki/ros/build/ergodic_exploration/build install --record /home/alex/Diplomatiki/ros/build/ergodic_exploration/install.log --single-version-externally-managed install_data
[0.754s] running egg_info
[0.754s] writing ../../build/ergodic_exploration/ergodic_exploration.egg-info/PKG-INFO
[0.755s] writing dependency_links to ../../build/ergodic_exploration/ergodic_exploration.egg-info/dependency_links.txt
[0.755s] writing entry points to ../../build/ergodic_exploration/ergodic_exploration.egg-info/entry_points.txt
[0.755s] writing requirements to ../../build/ergodic_exploration/ergodic_exploration.egg-info/requires.txt
[0.755s] writing top-level names to ../../build/ergodic_exploration/ergodic_exploration.egg-info/top_level.txt
[0.758s] reading manifest file '../../build/ergodic_exploration/ergodic_exploration.egg-info/SOURCES.txt'
[0.758s] adding license file 'LICENSE'
[0.758s] writing manifest file '../../build/ergodic_exploration/ergodic_exploration.egg-info/SOURCES.txt'
[0.758s] running build
[0.759s] running build_py
[0.760s] running install
[0.760s] running install_lib
[0.761s] running install_data
[0.761s] running install_egg_info
[0.763s] removing '/home/alex/Diplomatiki/ros/install/ergodic_exploration/lib/python3.10/site-packages/ergodic_exploration-0.0.0-py3.10.egg-info' (and everything under it)
[0.763s] Copying ../../build/ergodic_exploration/ergodic_exploration.egg-info to /home/alex/Diplomatiki/ros/install/ergodic_exploration/lib/python3.10/site-packages/ergodic_exploration-0.0.0-py3.10.egg-info
[0.764s] running install_scripts
[0.781s] Installing agent_node script to /home/alex/Diplomatiki/ros/install/ergodic_exploration/lib/ergodic_exploration
[0.782s] writing list of installed files to '/home/alex/Diplomatiki/ros/build/ergodic_exploration/install.log'
[0.816s] Invoked command in '/home/alex/Diplomatiki/ros/src/ergodic_exploration' returned '0': PYTHONPATH=/home/alex/Diplomatiki/ros/build/ergodic_exploration/prefix_override:/usr/lib/python3/dist-packages/colcon_core/task/python/colcon_distutils_commands:/home/alex/Diplomatiki/ros/install/ergodic_exploration/lib/python3.10/site-packages:${PYTHONPATH} /usr/bin/python3 -W ignore:setup.py install is deprecated -W ignore:easy_install command is deprecated setup.py egg_info --egg-base ../../build/ergodic_exploration build --build-base /home/alex/Diplomatiki/ros/build/ergodic_exploration/build install --record /home/alex/Diplomatiki/ros/build/ergodic_exploration/install.log --single-version-externally-managed install_data
