[0.014s] Invoking command in '/home/avavvas/dipl/build/my_interfaces': CMAKE_PREFIX_PATH=${CMAKE_PREFIX_PATH}:/home/avavvas/dipl/install/ergodic_exploration:/opt/ros/humble VIRTUAL_ENV_PROMPT=(venv) /usr/bin/cmake --build /home/avavvas/dipl/build/my_interfaces -- -j12 -l12
[0.140s] [35m[1mConsolidate compiler generated dependencies of target my_interfaces__rosidl_generator_c[0m
[0.154s] [  1%] Built target my_interfaces__cpp
[0.169s] [  2%] Built target ament_cmake_python_symlink_my_interfaces
[0.169s] [ 12%] Built target my_interfaces__rosidl_generator_c
[0.176s] [35m[1mConsolidate compiler generated dependencies of target my_interfaces__rosidl_typesupport_cpp[0m
[0.178s] [35m[1mConsolidate compiler generated dependencies of target my_interfaces__rosidl_typesupport_introspection_cpp[0m
[0.186s] [35m[1mConsolidate compiler generated dependencies of target my_interfaces__rosidl_typesupport_fastrtps_cpp[0m
[0.198s] [35m[1mConsolidate compiler generated dependencies of target my_interfaces__rosidl_typesupport_introspection_c[0m
[0.198s] [35m[1mConsolidate compiler generated dependencies of target my_interfaces__rosidl_typesupport_c[0m
[0.208s] [35m[1mConsolidate compiler generated dependencies of target my_interfaces__rosidl_typesupport_fastrtps_c[0m
[0.221s] [ 24%] Built target my_interfaces__rosidl_typesupport_c
[0.226s] [ 35%] Built target my_interfaces__rosidl_typesupport_introspection_c
[0.226s] [ 49%] Built target my_interfaces__rosidl_typesupport_introspection_cpp
[0.227s] [ 58%] Built target my_interfaces__rosidl_typesupport_cpp
[0.232s] [ 70%] Built target my_interfaces__rosidl_typesupport_fastrtps_cpp
[0.235s] [ 82%] Built target my_interfaces__rosidl_typesupport_fastrtps_c
[0.258s] [ 82%] Built target my_interfaces
[0.287s] [ 83%] Built target my_interfaces__py
[0.305s] [35m[1mConsolidate compiler generated dependencies of target my_interfaces__rosidl_generator_py[0m
[0.331s] [ 93%] Built target my_interfaces__rosidl_generator_py
[0.347s] [35m[1mConsolidate compiler generated dependencies of target my_interfaces__rosidl_typesupport_introspection_c__pyext[0m
[0.347s] [35m[1mConsolidate compiler generated dependencies of target my_interfaces__rosidl_typesupport_c__pyext[0m
[0.347s] [35m[1mConsolidate compiler generated dependencies of target my_interfaces__rosidl_typesupport_fastrtps_c__pyext[0m
[0.355s] running egg_info
[0.358s] [ 95%] Built target my_interfaces__rosidl_typesupport_introspection_c__pyext
[0.362s] [ 97%] Built target my_interfaces__rosidl_typesupport_fastrtps_c__pyext
[0.362s] [100%] Built target my_interfaces__rosidl_typesupport_c__pyext
[0.377s] writing my_interfaces.egg-info/PKG-INFO
[0.377s] writing dependency_links to my_interfaces.egg-info/dependency_links.txt
[0.378s] writing top-level names to my_interfaces.egg-info/top_level.txt
[0.408s] reading manifest file 'my_interfaces.egg-info/SOURCES.txt'
[0.410s] writing manifest file 'my_interfaces.egg-info/SOURCES.txt'
[0.434s] [100%] Built target ament_cmake_python_build_my_interfaces_egg
[0.450s] Invoked command in '/home/avavvas/dipl/build/my_interfaces' returned '0': CMAKE_PREFIX_PATH=${CMAKE_PREFIX_PATH}:/home/avavvas/dipl/install/ergodic_exploration:/opt/ros/humble VIRTUAL_ENV_PROMPT=(venv) /usr/bin/cmake --build /home/avavvas/dipl/build/my_interfaces -- -j12 -l12
[0.461s] Invoking command in '/home/avavvas/dipl/build/my_interfaces': CMAKE_PREFIX_PATH=${CMAKE_PREFIX_PATH}:/home/avavvas/dipl/install/ergodic_exploration:/opt/ros/humble VIRTUAL_ENV_PROMPT=(venv) /usr/bin/cmake --install /home/avavvas/dipl/build/my_interfaces
[0.468s] -- Install configuration: ""
[0.469s] -- Execute custom install script
[0.469s] -- Up-to-date symlink: /home/avavvas/dipl/install/my_interfaces/share/ament_index/resource_index/rosidl_interfaces/my_interfaces
[0.470s] -- Up-to-date symlink: /home/avavvas/dipl/install/my_interfaces/include/my_interfaces/my_interfaces/msg/agent_data.h
[0.471s] -- Up-to-date symlink: /home/avavvas/dipl/install/my_interfaces/include/my_interfaces/my_interfaces/msg/aircraft_data.h
[0.471s] -- Up-to-date symlink: /home/avavvas/dipl/install/my_interfaces/include/my_interfaces/my_interfaces/msg/ck_table.h
[0.471s] -- Up-to-date symlink: /home/avavvas/dipl/install/my_interfaces/include/my_interfaces/my_interfaces/msg/detail/agent_data__functions.h
[0.471s] -- Up-to-date symlink: /home/avavvas/dipl/install/my_interfaces/include/my_interfaces/my_interfaces/msg/detail/agent_data__struct.h
[0.471s] -- Up-to-date symlink: /home/avavvas/dipl/install/my_interfaces/include/my_interfaces/my_interfaces/msg/detail/agent_data__type_support.h
[0.471s] -- Up-to-date symlink: /home/avavvas/dipl/install/my_interfaces/include/my_interfaces/my_interfaces/msg/detail/aircraft_data__functions.h
[0.472s] -- Up-to-date symlink: /home/avavvas/dipl/install/my_interfaces/include/my_interfaces/my_interfaces/msg/detail/aircraft_data__struct.h
[0.472s] -- Up-to-date symlink: /home/avavvas/dipl/install/my_interfaces/include/my_interfaces/my_interfaces/msg/detail/aircraft_data__type_support.h
[0.472s] -- Up-to-date symlink: /home/avavvas/dipl/install/my_interfaces/include/my_interfaces/my_interfaces/msg/detail/ck_table__functions.h
[0.472s] -- Up-to-date symlink: /home/avavvas/dipl/install/my_interfaces/include/my_interfaces/my_interfaces/msg/detail/ck_table__struct.h
[0.472s] -- Up-to-date symlink: /home/avavvas/dipl/install/my_interfaces/include/my_interfaces/my_interfaces/msg/detail/ck_table__type_support.h
[0.472s] -- Up-to-date symlink: /home/avavvas/dipl/install/my_interfaces/include/my_interfaces/my_interfaces/msg/detail/joystick_data__functions.h
[0.472s] -- Up-to-date symlink: /home/avavvas/dipl/install/my_interfaces/include/my_interfaces/my_interfaces/msg/detail/joystick_data__struct.h
[0.472s] -- Up-to-date symlink: /home/avavvas/dipl/install/my_interfaces/include/my_interfaces/my_interfaces/msg/detail/joystick_data__type_support.h
[0.472s] -- Up-to-date symlink: /home/avavvas/dipl/install/my_interfaces/include/my_interfaces/my_interfaces/msg/detail/multiple_obstacles__functions.h
[0.472s] -- Up-to-date symlink: /home/avavvas/dipl/install/my_interfaces/include/my_interfaces/my_interfaces/msg/detail/multiple_obstacles__struct.h
[0.473s] -- Up-to-date symlink: /home/avavvas/dipl/install/my_interfaces/include/my_interfaces/my_interfaces/msg/detail/multiple_obstacles__type_support.h
[0.473s] -- Up-to-date symlink: /home/avavvas/dipl/install/my_interfaces/include/my_interfaces/my_interfaces/msg/detail/multiple_target_estimates__functions.h
[0.473s] -- Up-to-date symlink: /home/avavvas/dipl/install/my_interfaces/include/my_interfaces/my_interfaces/msg/detail/multiple_target_estimates__struct.h
[0.473s] -- Up-to-date symlink: /home/avavvas/dipl/install/my_interfaces/include/my_interfaces/my_interfaces/msg/detail/multiple_target_estimates__type_support.h
[0.473s] -- Up-to-date symlink: /home/avavvas/dipl/install/my_interfaces/include/my_interfaces/my_interfaces/msg/detail/obs_avoidance_debug__functions.h
[0.473s] -- Up-to-date symlink: /home/avavvas/dipl/install/my_interfaces/include/my_interfaces/my_interfaces/msg/detail/obs_avoidance_debug__struct.h
[0.473s] -- Up-to-date symlink: /home/avavvas/dipl/install/my_interfaces/include/my_interfaces/my_interfaces/msg/detail/obs_avoidance_debug__type_support.h
[0.473s] -- Up-to-date symlink: /home/avavvas/dipl/install/my_interfaces/include/my_interfaces/my_interfaces/msg/detail/single_obstacle__functions.h
[0.473s] -- Up-to-date symlink: /home/avavvas/dipl/install/my_interfaces/include/my_interfaces/my_interfaces/msg/detail/single_obstacle__struct.h
[0.473s] -- Up-to-date symlink: /home/avavvas/dipl/install/my_interfaces/include/my_interfaces/my_interfaces/msg/detail/single_obstacle__type_support.h
[0.473s] -- Up-to-date symlink: /home/avavvas/dipl/install/my_interfaces/include/my_interfaces/my_interfaces/msg/detail/single_target_estimate__functions.h
[0.474s] -- Up-to-date symlink: /home/avavvas/dipl/install/my_interfaces/include/my_interfaces/my_interfaces/msg/detail/single_target_estimate__struct.h
[0.474s] -- Up-to-date symlink: /home/avavvas/dipl/install/my_interfaces/include/my_interfaces/my_interfaces/msg/detail/single_target_estimate__type_support.h
[0.474s] -- Up-to-date symlink: /home/avavvas/dipl/install/my_interfaces/include/my_interfaces/my_interfaces/msg/joystick_data.h
[0.474s] -- Up-to-date symlink: /home/avavvas/dipl/install/my_interfaces/include/my_interfaces/my_interfaces/msg/multiple_obstacles.h
[0.474s] -- Up-to-date symlink: /home/avavvas/dipl/install/my_interfaces/include/my_interfaces/my_interfaces/msg/multiple_target_estimates.h
[0.474s] -- Up-to-date symlink: /home/avavvas/dipl/install/my_interfaces/include/my_interfaces/my_interfaces/msg/obs_avoidance_debug.h
[0.474s] -- Up-to-date symlink: /home/avavvas/dipl/install/my_interfaces/include/my_interfaces/my_interfaces/msg/rosidl_generator_c__visibility_control.h
[0.474s] -- Up-to-date symlink: /home/avavvas/dipl/install/my_interfaces/include/my_interfaces/my_interfaces/msg/single_obstacle.h
[0.474s] -- Up-to-date symlink: /home/avavvas/dipl/install/my_interfaces/include/my_interfaces/my_interfaces/msg/single_target_estimate.h
[0.474s] -- Up-to-date symlink: /home/avavvas/dipl/install/my_interfaces/share/my_interfaces/environment/library_path.sh
[0.475s] -- Up-to-date symlink: /home/avavvas/dipl/install/my_interfaces/share/my_interfaces/environment/library_path.dsv
[0.475s] -- Up-to-date symlink: /home/avavvas/dipl/install/my_interfaces/include/my_interfaces/my_interfaces/msg/detail/agent_data__rosidl_typesupport_fastrtps_c.h
[0.475s] -- Up-to-date symlink: /home/avavvas/dipl/install/my_interfaces/include/my_interfaces/my_interfaces/msg/detail/aircraft_data__rosidl_typesupport_fastrtps_c.h
[0.475s] -- Up-to-date symlink: /home/avavvas/dipl/install/my_interfaces/include/my_interfaces/my_interfaces/msg/detail/ck_table__rosidl_typesupport_fastrtps_c.h
[0.475s] -- Up-to-date symlink: /home/avavvas/dipl/install/my_interfaces/include/my_interfaces/my_interfaces/msg/detail/joystick_data__rosidl_typesupport_fastrtps_c.h
[0.475s] -- Up-to-date symlink: /home/avavvas/dipl/install/my_interfaces/include/my_interfaces/my_interfaces/msg/detail/multiple_obstacles__rosidl_typesupport_fastrtps_c.h
[0.475s] -- Up-to-date symlink: /home/avavvas/dipl/install/my_interfaces/include/my_interfaces/my_interfaces/msg/detail/multiple_target_estimates__rosidl_typesupport_fastrtps_c.h
[0.475s] -- Up-to-date symlink: /home/avavvas/dipl/install/my_interfaces/include/my_interfaces/my_interfaces/msg/detail/obs_avoidance_debug__rosidl_typesupport_fastrtps_c.h
[0.475s] -- Up-to-date symlink: /home/avavvas/dipl/install/my_interfaces/include/my_interfaces/my_interfaces/msg/detail/single_obstacle__rosidl_typesupport_fastrtps_c.h
[0.476s] -- Up-to-date symlink: /home/avavvas/dipl/install/my_interfaces/include/my_interfaces/my_interfaces/msg/detail/single_target_estimate__rosidl_typesupport_fastrtps_c.h
[0.476s] -- Up-to-date symlink: /home/avavvas/dipl/install/my_interfaces/include/my_interfaces/my_interfaces/msg/rosidl_typesupport_fastrtps_c__visibility_control.h
[0.476s] -- Up-to-date symlink: /home/avavvas/dipl/install/my_interfaces/include/my_interfaces/my_interfaces/msg/detail/agent_data__rosidl_typesupport_introspection_c.h
[0.476s] -- Up-to-date symlink: /home/avavvas/dipl/install/my_interfaces/include/my_interfaces/my_interfaces/msg/detail/aircraft_data__rosidl_typesupport_introspection_c.h
[0.476s] -- Up-to-date symlink: /home/avavvas/dipl/install/my_interfaces/include/my_interfaces/my_interfaces/msg/detail/ck_table__rosidl_typesupport_introspection_c.h
[0.476s] -- Up-to-date symlink: /home/avavvas/dipl/install/my_interfaces/include/my_interfaces/my_interfaces/msg/detail/joystick_data__rosidl_typesupport_introspection_c.h
[0.476s] -- Up-to-date symlink: /home/avavvas/dipl/install/my_interfaces/include/my_interfaces/my_interfaces/msg/detail/multiple_obstacles__rosidl_typesupport_introspection_c.h
[0.476s] -- Up-to-date symlink: /home/avavvas/dipl/install/my_interfaces/include/my_interfaces/my_interfaces/msg/detail/multiple_target_estimates__rosidl_typesupport_introspection_c.h
[0.476s] -- Up-to-date symlink: /home/avavvas/dipl/install/my_interfaces/include/my_interfaces/my_interfaces/msg/detail/obs_avoidance_debug__rosidl_typesupport_introspection_c.h
[0.476s] -- Up-to-date symlink: /home/avavvas/dipl/install/my_interfaces/include/my_interfaces/my_interfaces/msg/detail/single_obstacle__rosidl_typesupport_introspection_c.h
[0.477s] -- Up-to-date symlink: /home/avavvas/dipl/install/my_interfaces/include/my_interfaces/my_interfaces/msg/detail/single_target_estimate__rosidl_typesupport_introspection_c.h
[0.477s] -- Up-to-date symlink: /home/avavvas/dipl/install/my_interfaces/include/my_interfaces/my_interfaces/msg/rosidl_typesupport_introspection_c__visibility_control.h
[0.477s] -- Up-to-date symlink: /home/avavvas/dipl/install/my_interfaces/include/my_interfaces/my_interfaces/msg/agent_data.hpp
[0.477s] -- Up-to-date symlink: /home/avavvas/dipl/install/my_interfaces/include/my_interfaces/my_interfaces/msg/aircraft_data.hpp
[0.477s] -- Up-to-date symlink: /home/avavvas/dipl/install/my_interfaces/include/my_interfaces/my_interfaces/msg/ck_table.hpp
[0.477s] -- Up-to-date symlink: /home/avavvas/dipl/install/my_interfaces/include/my_interfaces/my_interfaces/msg/detail/agent_data__builder.hpp
[0.477s] -- Up-to-date symlink: /home/avavvas/dipl/install/my_interfaces/include/my_interfaces/my_interfaces/msg/detail/agent_data__struct.hpp
[0.477s] -- Up-to-date symlink: /home/avavvas/dipl/install/my_interfaces/include/my_interfaces/my_interfaces/msg/detail/agent_data__traits.hpp
[0.477s] -- Up-to-date symlink: /home/avavvas/dipl/install/my_interfaces/include/my_interfaces/my_interfaces/msg/detail/agent_data__type_support.hpp
[0.477s] -- Up-to-date symlink: /home/avavvas/dipl/install/my_interfaces/include/my_interfaces/my_interfaces/msg/detail/aircraft_data__builder.hpp
[0.478s] -- Up-to-date symlink: /home/avavvas/dipl/install/my_interfaces/include/my_interfaces/my_interfaces/msg/detail/aircraft_data__struct.hpp
[0.478s] -- Up-to-date symlink: /home/avavvas/dipl/install/my_interfaces/include/my_interfaces/my_interfaces/msg/detail/aircraft_data__traits.hpp
[0.478s] -- Up-to-date symlink: /home/avavvas/dipl/install/my_interfaces/include/my_interfaces/my_interfaces/msg/detail/aircraft_data__type_support.hpp
[0.478s] -- Up-to-date symlink: /home/avavvas/dipl/install/my_interfaces/include/my_interfaces/my_interfaces/msg/detail/ck_table__builder.hpp
[0.478s] -- Up-to-date symlink: /home/avavvas/dipl/install/my_interfaces/include/my_interfaces/my_interfaces/msg/detail/ck_table__struct.hpp
[0.478s] -- Up-to-date symlink: /home/avavvas/dipl/install/my_interfaces/include/my_interfaces/my_interfaces/msg/detail/ck_table__traits.hpp
[0.478s] -- Up-to-date symlink: /home/avavvas/dipl/install/my_interfaces/include/my_interfaces/my_interfaces/msg/detail/ck_table__type_support.hpp
[0.478s] -- Up-to-date symlink: /home/avavvas/dipl/install/my_interfaces/include/my_interfaces/my_interfaces/msg/detail/joystick_data__builder.hpp
[0.478s] -- Up-to-date symlink: /home/avavvas/dipl/install/my_interfaces/include/my_interfaces/my_interfaces/msg/detail/joystick_data__struct.hpp
[0.478s] -- Up-to-date symlink: /home/avavvas/dipl/install/my_interfaces/include/my_interfaces/my_interfaces/msg/detail/joystick_data__traits.hpp
[0.478s] -- Up-to-date symlink: /home/avavvas/dipl/install/my_interfaces/include/my_interfaces/my_interfaces/msg/detail/joystick_data__type_support.hpp
[0.479s] -- Up-to-date symlink: /home/avavvas/dipl/install/my_interfaces/include/my_interfaces/my_interfaces/msg/detail/multiple_obstacles__builder.hpp
[0.479s] -- Up-to-date symlink: /home/avavvas/dipl/install/my_interfaces/include/my_interfaces/my_interfaces/msg/detail/multiple_obstacles__struct.hpp
[0.479s] -- Up-to-date symlink: /home/avavvas/dipl/install/my_interfaces/include/my_interfaces/my_interfaces/msg/detail/multiple_obstacles__traits.hpp
[0.479s] -- Up-to-date symlink: /home/avavvas/dipl/install/my_interfaces/include/my_interfaces/my_interfaces/msg/detail/multiple_obstacles__type_support.hpp
[0.479s] -- Up-to-date symlink: /home/avavvas/dipl/install/my_interfaces/include/my_interfaces/my_interfaces/msg/detail/multiple_target_estimates__builder.hpp
[0.479s] -- Up-to-date symlink: /home/avavvas/dipl/install/my_interfaces/include/my_interfaces/my_interfaces/msg/detail/multiple_target_estimates__struct.hpp
[0.479s] -- Up-to-date symlink: /home/avavvas/dipl/install/my_interfaces/include/my_interfaces/my_interfaces/msg/detail/multiple_target_estimates__traits.hpp
[0.479s] -- Up-to-date symlink: /home/avavvas/dipl/install/my_interfaces/include/my_interfaces/my_interfaces/msg/detail/multiple_target_estimates__type_support.hpp
[0.479s] -- Up-to-date symlink: /home/avavvas/dipl/install/my_interfaces/include/my_interfaces/my_interfaces/msg/detail/obs_avoidance_debug__builder.hpp
[0.479s] -- Up-to-date symlink: /home/avavvas/dipl/install/my_interfaces/include/my_interfaces/my_interfaces/msg/detail/obs_avoidance_debug__struct.hpp
[0.480s] -- Up-to-date symlink: /home/avavvas/dipl/install/my_interfaces/include/my_interfaces/my_interfaces/msg/detail/obs_avoidance_debug__traits.hpp
[0.480s] -- Up-to-date symlink: /home/avavvas/dipl/install/my_interfaces/include/my_interfaces/my_interfaces/msg/detail/obs_avoidance_debug__type_support.hpp
[0.480s] -- Up-to-date symlink: /home/avavvas/dipl/install/my_interfaces/include/my_interfaces/my_interfaces/msg/detail/single_obstacle__builder.hpp
[0.480s] -- Up-to-date symlink: /home/avavvas/dipl/install/my_interfaces/include/my_interfaces/my_interfaces/msg/detail/single_obstacle__struct.hpp
[0.480s] -- Up-to-date symlink: /home/avavvas/dipl/install/my_interfaces/include/my_interfaces/my_interfaces/msg/detail/single_obstacle__traits.hpp
[0.480s] -- Up-to-date symlink: /home/avavvas/dipl/install/my_interfaces/include/my_interfaces/my_interfaces/msg/detail/single_obstacle__type_support.hpp
[0.480s] -- Up-to-date symlink: /home/avavvas/dipl/install/my_interfaces/include/my_interfaces/my_interfaces/msg/detail/single_target_estimate__builder.hpp
[0.480s] -- Up-to-date symlink: /home/avavvas/dipl/install/my_interfaces/include/my_interfaces/my_interfaces/msg/detail/single_target_estimate__struct.hpp
[0.480s] -- Up-to-date symlink: /home/avavvas/dipl/install/my_interfaces/include/my_interfaces/my_interfaces/msg/detail/single_target_estimate__traits.hpp
[0.480s] -- Up-to-date symlink: /home/avavvas/dipl/install/my_interfaces/include/my_interfaces/my_interfaces/msg/detail/single_target_estimate__type_support.hpp
[0.481s] -- Up-to-date symlink: /home/avavvas/dipl/install/my_interfaces/include/my_interfaces/my_interfaces/msg/joystick_data.hpp
[0.481s] -- Up-to-date symlink: /home/avavvas/dipl/install/my_interfaces/include/my_interfaces/my_interfaces/msg/multiple_obstacles.hpp
[0.481s] -- Up-to-date symlink: /home/avavvas/dipl/install/my_interfaces/include/my_interfaces/my_interfaces/msg/multiple_target_estimates.hpp
[0.481s] -- Up-to-date symlink: /home/avavvas/dipl/install/my_interfaces/include/my_interfaces/my_interfaces/msg/obs_avoidance_debug.hpp
[0.481s] -- Up-to-date symlink: /home/avavvas/dipl/install/my_interfaces/include/my_interfaces/my_interfaces/msg/rosidl_generator_cpp__visibility_control.hpp
[0.481s] -- Up-to-date symlink: /home/avavvas/dipl/install/my_interfaces/include/my_interfaces/my_interfaces/msg/single_obstacle.hpp
[0.481s] -- Up-to-date symlink: /home/avavvas/dipl/install/my_interfaces/include/my_interfaces/my_interfaces/msg/single_target_estimate.hpp
[0.481s] -- Up-to-date symlink: /home/avavvas/dipl/install/my_interfaces/include/my_interfaces/my_interfaces/msg/detail/agent_data__rosidl_typesupport_fastrtps_cpp.hpp
[0.481s] -- Up-to-date symlink: /home/avavvas/dipl/install/my_interfaces/include/my_interfaces/my_interfaces/msg/detail/aircraft_data__rosidl_typesupport_fastrtps_cpp.hpp
[0.481s] -- Up-to-date symlink: /home/avavvas/dipl/install/my_interfaces/include/my_interfaces/my_interfaces/msg/detail/ck_table__rosidl_typesupport_fastrtps_cpp.hpp
[0.482s] -- Up-to-date symlink: /home/avavvas/dipl/install/my_interfaces/include/my_interfaces/my_interfaces/msg/detail/joystick_data__rosidl_typesupport_fastrtps_cpp.hpp
[0.482s] -- Up-to-date symlink: /home/avavvas/dipl/install/my_interfaces/include/my_interfaces/my_interfaces/msg/detail/multiple_obstacles__rosidl_typesupport_fastrtps_cpp.hpp
[0.482s] -- Up-to-date symlink: /home/avavvas/dipl/install/my_interfaces/include/my_interfaces/my_interfaces/msg/detail/multiple_target_estimates__rosidl_typesupport_fastrtps_cpp.hpp
[0.482s] -- Up-to-date symlink: /home/avavvas/dipl/install/my_interfaces/include/my_interfaces/my_interfaces/msg/detail/obs_avoidance_debug__rosidl_typesupport_fastrtps_cpp.hpp
[0.482s] -- Up-to-date symlink: /home/avavvas/dipl/install/my_interfaces/include/my_interfaces/my_interfaces/msg/detail/single_obstacle__rosidl_typesupport_fastrtps_cpp.hpp
[0.482s] -- Up-to-date symlink: /home/avavvas/dipl/install/my_interfaces/include/my_interfaces/my_interfaces/msg/detail/single_target_estimate__rosidl_typesupport_fastrtps_cpp.hpp
[0.482s] -- Up-to-date symlink: /home/avavvas/dipl/install/my_interfaces/include/my_interfaces/my_interfaces/msg/rosidl_typesupport_fastrtps_cpp__visibility_control.h
[0.482s] -- Up-to-date symlink: /home/avavvas/dipl/install/my_interfaces/include/my_interfaces/my_interfaces/msg/detail/agent_data__rosidl_typesupport_introspection_cpp.hpp
[0.482s] -- Up-to-date symlink: /home/avavvas/dipl/install/my_interfaces/include/my_interfaces/my_interfaces/msg/detail/aircraft_data__rosidl_typesupport_introspection_cpp.hpp
[0.482s] -- Up-to-date symlink: /home/avavvas/dipl/install/my_interfaces/include/my_interfaces/my_interfaces/msg/detail/ck_table__rosidl_typesupport_introspection_cpp.hpp
[0.483s] -- Up-to-date symlink: /home/avavvas/dipl/install/my_interfaces/include/my_interfaces/my_interfaces/msg/detail/joystick_data__rosidl_typesupport_introspection_cpp.hpp
[0.483s] -- Up-to-date symlink: /home/avavvas/dipl/install/my_interfaces/include/my_interfaces/my_interfaces/msg/detail/multiple_obstacles__rosidl_typesupport_introspection_cpp.hpp
[0.483s] -- Up-to-date symlink: /home/avavvas/dipl/install/my_interfaces/include/my_interfaces/my_interfaces/msg/detail/multiple_target_estimates__rosidl_typesupport_introspection_cpp.hpp
[0.483s] -- Up-to-date symlink: /home/avavvas/dipl/install/my_interfaces/include/my_interfaces/my_interfaces/msg/detail/obs_avoidance_debug__rosidl_typesupport_introspection_cpp.hpp
[0.483s] -- Up-to-date symlink: /home/avavvas/dipl/install/my_interfaces/include/my_interfaces/my_interfaces/msg/detail/single_obstacle__rosidl_typesupport_introspection_cpp.hpp
[0.483s] -- Up-to-date symlink: /home/avavvas/dipl/install/my_interfaces/include/my_interfaces/my_interfaces/msg/detail/single_target_estimate__rosidl_typesupport_introspection_cpp.hpp
[0.483s] -- Up-to-date symlink: /home/avavvas/dipl/install/my_interfaces/share/my_interfaces/environment/pythonpath.sh
[0.483s] -- Up-to-date symlink: /home/avavvas/dipl/install/my_interfaces/share/my_interfaces/environment/pythonpath.dsv
[0.483s] -- Up-to-date symlink: /home/avavvas/dipl/install/my_interfaces/lib/python3.10/site-packages/my_interfaces-0.0.0-py3.10.egg-info/PKG-INFO
[0.483s] -- Up-to-date symlink: /home/avavvas/dipl/install/my_interfaces/lib/python3.10/site-packages/my_interfaces-0.0.0-py3.10.egg-info/SOURCES.txt
[0.483s] -- Up-to-date symlink: /home/avavvas/dipl/install/my_interfaces/lib/python3.10/site-packages/my_interfaces-0.0.0-py3.10.egg-info/dependency_links.txt
[0.484s] -- Up-to-date symlink: /home/avavvas/dipl/install/my_interfaces/lib/python3.10/site-packages/my_interfaces-0.0.0-py3.10.egg-info/top_level.txt
[0.484s] -- Up-to-date symlink: /home/avavvas/dipl/install/my_interfaces/lib/python3.10/site-packages/my_interfaces/__init__.py
[0.484s] -- Up-to-date symlink: /home/avavvas/dipl/install/my_interfaces/lib/python3.10/site-packages/my_interfaces/_my_interfaces_s.ep.rosidl_typesupport_c.c
[0.484s] -- Up-to-date symlink: /home/avavvas/dipl/install/my_interfaces/lib/python3.10/site-packages/my_interfaces/_my_interfaces_s.ep.rosidl_typesupport_fastrtps_c.c
[0.484s] -- Up-to-date symlink: /home/avavvas/dipl/install/my_interfaces/lib/python3.10/site-packages/my_interfaces/_my_interfaces_s.ep.rosidl_typesupport_introspection_c.c
[0.484s] -- Up-to-date symlink: /home/avavvas/dipl/install/my_interfaces/lib/python3.10/site-packages/my_interfaces/libmy_interfaces__rosidl_generator_py.so
[0.484s] -- Up-to-date symlink: /home/avavvas/dipl/install/my_interfaces/lib/python3.10/site-packages/my_interfaces/msg/__init__.py
[0.484s] -- Up-to-date symlink: /home/avavvas/dipl/install/my_interfaces/lib/python3.10/site-packages/my_interfaces/msg/_agent_data.py
[0.484s] -- Up-to-date symlink: /home/avavvas/dipl/install/my_interfaces/lib/python3.10/site-packages/my_interfaces/msg/_agent_data_s.c
[0.484s] -- Up-to-date symlink: /home/avavvas/dipl/install/my_interfaces/lib/python3.10/site-packages/my_interfaces/msg/_aircraft_data.py
[0.484s] -- Up-to-date symlink: /home/avavvas/dipl/install/my_interfaces/lib/python3.10/site-packages/my_interfaces/msg/_aircraft_data_s.c
[0.484s] -- Up-to-date symlink: /home/avavvas/dipl/install/my_interfaces/lib/python3.10/site-packages/my_interfaces/msg/_ck_table.py
[0.485s] -- Up-to-date symlink: /home/avavvas/dipl/install/my_interfaces/lib/python3.10/site-packages/my_interfaces/msg/_ck_table_s.c
[0.485s] -- Up-to-date symlink: /home/avavvas/dipl/install/my_interfaces/lib/python3.10/site-packages/my_interfaces/msg/_joystick_data.py
[0.485s] -- Up-to-date symlink: /home/avavvas/dipl/install/my_interfaces/lib/python3.10/site-packages/my_interfaces/msg/_joystick_data_s.c
[0.485s] -- Up-to-date symlink: /home/avavvas/dipl/install/my_interfaces/lib/python3.10/site-packages/my_interfaces/msg/_multiple_obstacles.py
[0.485s] -- Up-to-date symlink: /home/avavvas/dipl/install/my_interfaces/lib/python3.10/site-packages/my_interfaces/msg/_multiple_obstacles_s.c
[0.485s] -- Up-to-date symlink: /home/avavvas/dipl/install/my_interfaces/lib/python3.10/site-packages/my_interfaces/msg/_multiple_target_estimates.py
[0.485s] -- Up-to-date symlink: /home/avavvas/dipl/install/my_interfaces/lib/python3.10/site-packages/my_interfaces/msg/_multiple_target_estimates_s.c
[0.485s] -- Up-to-date symlink: /home/avavvas/dipl/install/my_interfaces/lib/python3.10/site-packages/my_interfaces/msg/_obs_avoidance_debug.py
[0.485s] -- Up-to-date symlink: /home/avavvas/dipl/install/my_interfaces/lib/python3.10/site-packages/my_interfaces/msg/_obs_avoidance_debug_s.c
[0.485s] -- Up-to-date symlink: /home/avavvas/dipl/install/my_interfaces/lib/python3.10/site-packages/my_interfaces/msg/_single_obstacle.py
[0.485s] -- Up-to-date symlink: /home/avavvas/dipl/install/my_interfaces/lib/python3.10/site-packages/my_interfaces/msg/_single_obstacle_s.c
[0.485s] -- Up-to-date symlink: /home/avavvas/dipl/install/my_interfaces/lib/python3.10/site-packages/my_interfaces/msg/_single_target_estimate.py
[0.486s] -- Up-to-date symlink: /home/avavvas/dipl/install/my_interfaces/lib/python3.10/site-packages/my_interfaces/msg/_single_target_estimate_s.c
[0.486s] -- Up-to-date symlink: /home/avavvas/dipl/install/my_interfaces/lib/python3.10/site-packages/my_interfaces/my_interfaces_s__rosidl_typesupport_c.cpython-310-x86_64-linux-gnu.so
[0.486s] -- Up-to-date symlink: /home/avavvas/dipl/install/my_interfaces/lib/python3.10/site-packages/my_interfaces/my_interfaces_s__rosidl_typesupport_fastrtps_c.cpython-310-x86_64-linux-gnu.so
[0.486s] -- Up-to-date symlink: /home/avavvas/dipl/install/my_interfaces/lib/python3.10/site-packages/my_interfaces/my_interfaces_s__rosidl_typesupport_introspection_c.cpython-310-x86_64-linux-gnu.so
[0.486s] -- Up-to-date symlink: /home/avavvas/dipl/install/my_interfaces/lib/python3.10/site-packages/my_interfaces/my_interfaces_s__rosidl_typesupport_fastrtps_c.cpython-310-x86_64-linux-gnu.so
[0.486s] -- Up-to-date symlink: /home/avavvas/dipl/install/my_interfaces/lib/python3.10/site-packages/my_interfaces/my_interfaces_s__rosidl_typesupport_introspection_c.cpython-310-x86_64-linux-gnu.so
[0.486s] -- Up-to-date symlink: /home/avavvas/dipl/install/my_interfaces/lib/python3.10/site-packages/my_interfaces/my_interfaces_s__rosidl_typesupport_c.cpython-310-x86_64-linux-gnu.so
[0.486s] -- Up-to-date symlink: /home/avavvas/dipl/install/my_interfaces/share/my_interfaces/msg/CkTable.idl
[0.486s] -- Up-to-date symlink: /home/avavvas/dipl/install/my_interfaces/share/my_interfaces/msg/AgentData.idl
[0.486s] -- Up-to-date symlink: /home/avavvas/dipl/install/my_interfaces/share/my_interfaces/msg/AircraftData.idl
[0.486s] -- Up-to-date symlink: /home/avavvas/dipl/install/my_interfaces/share/my_interfaces/msg/SingleObstacle.idl
[0.486s] -- Up-to-date symlink: /home/avavvas/dipl/install/my_interfaces/share/my_interfaces/msg/MultipleObstacles.idl
[0.487s] -- Up-to-date symlink: /home/avavvas/dipl/install/my_interfaces/share/my_interfaces/msg/SingleTargetEstimate.idl
[0.487s] -- Up-to-date symlink: /home/avavvas/dipl/install/my_interfaces/share/my_interfaces/msg/MultipleTargetEstimates.idl
[0.487s] -- Up-to-date symlink: /home/avavvas/dipl/install/my_interfaces/share/my_interfaces/msg/ObsAvoidanceDebug.idl
[0.487s] -- Up-to-date symlink: /home/avavvas/dipl/install/my_interfaces/share/my_interfaces/msg/JoystickData.idl
[0.487s] -- Up-to-date symlink: /home/avavvas/dipl/install/my_interfaces/share/my_interfaces/msg/CkTable.msg
[0.487s] -- Up-to-date symlink: /home/avavvas/dipl/install/my_interfaces/share/my_interfaces/msg/AgentData.msg
[0.487s] -- Up-to-date symlink: /home/avavvas/dipl/install/my_interfaces/share/my_interfaces/msg/AircraftData.msg
[0.487s] -- Up-to-date symlink: /home/avavvas/dipl/install/my_interfaces/share/my_interfaces/msg/SingleObstacle.msg
[0.487s] -- Up-to-date symlink: /home/avavvas/dipl/install/my_interfaces/share/my_interfaces/msg/MultipleObstacles.msg
[0.487s] -- Up-to-date symlink: /home/avavvas/dipl/install/my_interfaces/share/my_interfaces/msg/SingleTargetEstimate.msg
[0.487s] -- Up-to-date symlink: /home/avavvas/dipl/install/my_interfaces/share/my_interfaces/msg/MultipleTargetEstimates.msg
[0.487s] -- Up-to-date symlink: /home/avavvas/dipl/install/my_interfaces/share/my_interfaces/msg/ObsAvoidanceDebug.msg
[0.488s] -- Up-to-date symlink: /home/avavvas/dipl/install/my_interfaces/share/my_interfaces/msg/JoystickData.msg
[0.488s] -- Up-to-date symlink: /home/avavvas/dipl/install/my_interfaces/share/ament_index/resource_index/package_run_dependencies/my_interfaces
[0.488s] -- Up-to-date symlink: /home/avavvas/dipl/install/my_interfaces/share/ament_index/resource_index/parent_prefix_path/my_interfaces
[0.488s] -- Up-to-date symlink: /home/avavvas/dipl/install/my_interfaces/share/my_interfaces/environment/ament_prefix_path.sh
[0.488s] -- Up-to-date symlink: /home/avavvas/dipl/install/my_interfaces/share/my_interfaces/environment/ament_prefix_path.dsv
[0.488s] -- Up-to-date symlink: /home/avavvas/dipl/install/my_interfaces/share/my_interfaces/environment/path.sh
[0.488s] -- Up-to-date symlink: /home/avavvas/dipl/install/my_interfaces/share/my_interfaces/environment/path.dsv
[0.488s] -- Up-to-date symlink: /home/avavvas/dipl/install/my_interfaces/share/my_interfaces/local_setup.bash
[0.488s] -- Up-to-date symlink: /home/avavvas/dipl/install/my_interfaces/share/my_interfaces/local_setup.sh
[0.488s] -- Up-to-date symlink: /home/avavvas/dipl/install/my_interfaces/share/my_interfaces/local_setup.zsh
[0.488s] -- Up-to-date symlink: /home/avavvas/dipl/install/my_interfaces/share/my_interfaces/local_setup.dsv
[0.489s] -- Symlinking: /home/avavvas/dipl/install/my_interfaces/share/my_interfaces/package.dsv
[0.489s] -- Up-to-date symlink: /home/avavvas/dipl/install/my_interfaces/share/ament_index/resource_index/packages/my_interfaces
[0.489s] -- Up-to-date symlink: /home/avavvas/dipl/install/my_interfaces/share/my_interfaces/cmake/rosidl_cmake-extras.cmake
[0.489s] -- Up-to-date symlink: /home/avavvas/dipl/install/my_interfaces/share/my_interfaces/cmake/ament_cmake_export_dependencies-extras.cmake
[0.489s] -- Up-to-date symlink: /home/avavvas/dipl/install/my_interfaces/share/my_interfaces/cmake/ament_cmake_export_include_directories-extras.cmake
[0.489s] -- Up-to-date symlink: /home/avavvas/dipl/install/my_interfaces/share/my_interfaces/cmake/ament_cmake_export_libraries-extras.cmake
[0.489s] -- Up-to-date symlink: /home/avavvas/dipl/install/my_interfaces/share/my_interfaces/cmake/ament_cmake_export_targets-extras.cmake
[0.489s] -- Up-to-date symlink: /home/avavvas/dipl/install/my_interfaces/share/my_interfaces/cmake/rosidl_cmake_export_typesupport_targets-extras.cmake
[0.489s] -- Up-to-date symlink: /home/avavvas/dipl/install/my_interfaces/share/my_interfaces/cmake/rosidl_cmake_export_typesupport_libraries-extras.cmake
[0.489s] -- Up-to-date symlink: /home/avavvas/dipl/install/my_interfaces/share/my_interfaces/cmake/my_interfacesConfig.cmake
[0.490s] -- Up-to-date symlink: /home/avavvas/dipl/install/my_interfaces/share/my_interfaces/cmake/my_interfacesConfig-version.cmake
[0.490s] -- Up-to-date symlink: /home/avavvas/dipl/install/my_interfaces/share/my_interfaces/package.xml
[0.490s] -- Up-to-date: /home/avavvas/dipl/install/my_interfaces/lib/libmy_interfaces__rosidl_generator_c.so
[0.490s] -- Up-to-date: /home/avavvas/dipl/install/my_interfaces/lib/libmy_interfaces__rosidl_typesupport_fastrtps_c.so
[0.491s] -- Up-to-date: /home/avavvas/dipl/install/my_interfaces/lib/libmy_interfaces__rosidl_typesupport_introspection_c.so
[0.491s] -- Up-to-date: /home/avavvas/dipl/install/my_interfaces/lib/libmy_interfaces__rosidl_typesupport_c.so
[0.491s] -- Up-to-date: /home/avavvas/dipl/install/my_interfaces/lib/libmy_interfaces__rosidl_typesupport_fastrtps_cpp.so
[0.492s] -- Up-to-date: /home/avavvas/dipl/install/my_interfaces/lib/libmy_interfaces__rosidl_typesupport_introspection_cpp.so
[0.493s] -- Up-to-date: /home/avavvas/dipl/install/my_interfaces/lib/libmy_interfaces__rosidl_typesupport_cpp.so
[0.516s] Listing '/home/avavvas/dipl/install/my_interfaces/lib/python3.10/site-packages/my_interfaces'...
[0.517s] Listing '/home/avavvas/dipl/install/my_interfaces/lib/python3.10/site-packages/my_interfaces/msg'...
[0.520s] -- Up-to-date: /home/avavvas/dipl/install/my_interfaces/lib/libmy_interfaces__rosidl_generator_py.so
[0.520s] -- Up-to-date: /home/avavvas/dipl/install/my_interfaces/share/my_interfaces/cmake/export_my_interfaces__rosidl_generator_cExport.cmake
[0.520s] -- Up-to-date: /home/avavvas/dipl/install/my_interfaces/share/my_interfaces/cmake/export_my_interfaces__rosidl_generator_cExport-noconfig.cmake
[0.520s] -- Up-to-date: /home/avavvas/dipl/install/my_interfaces/share/my_interfaces/cmake/export_my_interfaces__rosidl_typesupport_fastrtps_cExport.cmake
[0.521s] -- Up-to-date: /home/avavvas/dipl/install/my_interfaces/share/my_interfaces/cmake/export_my_interfaces__rosidl_typesupport_fastrtps_cExport-noconfig.cmake
[0.521s] -- Up-to-date: /home/avavvas/dipl/install/my_interfaces/share/my_interfaces/cmake/my_interfaces__rosidl_typesupport_introspection_cExport.cmake
[0.521s] -- Up-to-date: /home/avavvas/dipl/install/my_interfaces/share/my_interfaces/cmake/my_interfaces__rosidl_typesupport_introspection_cExport-noconfig.cmake
[0.521s] -- Up-to-date: /home/avavvas/dipl/install/my_interfaces/share/my_interfaces/cmake/my_interfaces__rosidl_typesupport_cExport.cmake
[0.521s] -- Up-to-date: /home/avavvas/dipl/install/my_interfaces/share/my_interfaces/cmake/my_interfaces__rosidl_typesupport_cExport-noconfig.cmake
[0.521s] -- Up-to-date: /home/avavvas/dipl/install/my_interfaces/share/my_interfaces/cmake/export_my_interfaces__rosidl_generator_cppExport.cmake
[0.522s] -- Up-to-date: /home/avavvas/dipl/install/my_interfaces/share/my_interfaces/cmake/export_my_interfaces__rosidl_typesupport_fastrtps_cppExport.cmake
[0.522s] -- Up-to-date: /home/avavvas/dipl/install/my_interfaces/share/my_interfaces/cmake/export_my_interfaces__rosidl_typesupport_fastrtps_cppExport-noconfig.cmake
[0.522s] -- Up-to-date: /home/avavvas/dipl/install/my_interfaces/share/my_interfaces/cmake/my_interfaces__rosidl_typesupport_introspection_cppExport.cmake
[0.522s] -- Up-to-date: /home/avavvas/dipl/install/my_interfaces/share/my_interfaces/cmake/my_interfaces__rosidl_typesupport_introspection_cppExport-noconfig.cmake
[0.522s] -- Up-to-date: /home/avavvas/dipl/install/my_interfaces/share/my_interfaces/cmake/my_interfaces__rosidl_typesupport_cppExport.cmake
[0.522s] -- Up-to-date: /home/avavvas/dipl/install/my_interfaces/share/my_interfaces/cmake/my_interfaces__rosidl_typesupport_cppExport-noconfig.cmake
[0.522s] -- Up-to-date: /home/avavvas/dipl/install/my_interfaces/share/my_interfaces/cmake/export_my_interfaces__rosidl_generator_pyExport.cmake
[0.523s] -- Up-to-date: /home/avavvas/dipl/install/my_interfaces/share/my_interfaces/cmake/export_my_interfaces__rosidl_generator_pyExport-noconfig.cmake
[0.526s] Invoked command in '/home/avavvas/dipl/build/my_interfaces' returned '0': CMAKE_PREFIX_PATH=${CMAKE_PREFIX_PATH}:/home/avavvas/dipl/install/ergodic_exploration:/opt/ros/humble VIRTUAL_ENV_PROMPT=(venv) /usr/bin/cmake --install /home/avavvas/dipl/build/my_interfaces
