running develop
running egg_info
creating ergodic_exploration.egg-info
writing ergodic_exploration.egg-info/PKG-INFO
writing dependency_links to ergodic_exploration.egg-info/dependency_links.txt
writing entry points to ergodic_exploration.egg-info/entry_points.txt
writing requirements to ergodic_exploration.egg-info/requires.txt
writing top-level names to ergodic_exploration.egg-info/top_level.txt
writing manifest file 'ergodic_exploration.egg-info/SOURCES.txt'
reading manifest file 'ergodic_exploration.egg-info/SOURCES.txt'
writing manifest file 'ergodic_exploration.egg-info/SOURCES.txt'
running build_ext
Creating /home/avavvas/dipl/install/ergodic_exploration/lib/python3.10/site-packages/ergodic-exploration.egg-link (link to .)
Installing agent_node script to /home/avavvas/dipl/install/ergodic_exploration/lib/ergodic_exploration
Installing aircraft_data_converter script to /home/avavvas/dipl/install/ergodic_exploration/lib/ergodic_exploration
Installing environment_node script to /home/avavvas/dipl/install/ergodic_exploration/lib/ergodic_exploration
Installing fg_visualizer_node script to /home/avavvas/dipl/install/ergodic_exploration/lib/ergodic_exploration

Installed /home/avavvas/dipl/build/ergodic_exploration
running symlink_data
creating /home/avavvas/dipl/install/ergodic_exploration/share/ament_index
creating /home/avavvas/dipl/install/ergodic_exploration/share/ament_index/resource_index
creating /home/avavvas/dipl/install/ergodic_exploration/share/ament_index/resource_index/packages
symbolically linking /home/avavvas/dipl/build/ergodic_exploration/resource/ergodic_exploration -> /home/avavvas/dipl/install/ergodic_exploration/share/ament_index/resource_index/packages
symbolically linking /home/avavvas/dipl/build/ergodic_exploration/package.xml -> /home/avavvas/dipl/install/ergodic_exploration/share/ergodic_exploration
creating /home/avavvas/dipl/install/ergodic_exploration/share/ergodic_exploration/launch
symbolically linking /home/avavvas/dipl/build/ergodic_exploration/launch/multi_agent.launch.py -> /home/avavvas/dipl/install/ergodic_exploration/share/ergodic_exploration/launch
symbolically linking /home/avavvas/dipl/build/ergodic_exploration/launch/fixed_wing_free_fly.launch.py -> /home/avavvas/dipl/install/ergodic_exploration/share/ergodic_exploration/launch
symbolically linking /home/avavvas/dipl/build/ergodic_exploration/launch/drones_in_small_space.launch.py -> /home/avavvas/dipl/install/ergodic_exploration/share/ergodic_exploration/launch
symbolically linking /home/avavvas/dipl/build/ergodic_exploration/launch/three_drones_big.launch.py -> /home/avavvas/dipl/install/ergodic_exploration/share/ergodic_exploration/launch
symbolically linking /home/avavvas/dipl/build/ergodic_exploration/launch/fixed_wing_teleop.launch.py -> /home/avavvas/dipl/install/ergodic_exploration/share/ergodic_exploration/launch
symbolically linking /home/avavvas/dipl/build/ergodic_exploration/launch/big_environment_1.launch.py -> /home/avavvas/dipl/install/ergodic_exploration/share/ergodic_exploration/launch
symbolically linking /home/avavvas/dipl/build/ergodic_exploration/launch/boats_simple.launch.py -> /home/avavvas/dipl/install/ergodic_exploration/share/ergodic_exploration/launch
creating /home/avavvas/dipl/install/ergodic_exploration/share/ergodic_exploration/meshes
symbolically linking /home/avavvas/dipl/build/ergodic_exploration/meshes/drone_big.stl -> /home/avavvas/dipl/install/ergodic_exploration/share/ergodic_exploration/meshes
symbolically linking /home/avavvas/dipl/build/ergodic_exploration/meshes/car.stl -> /home/avavvas/dipl/install/ergodic_exploration/share/ergodic_exploration/meshes
symbolically linking /home/avavvas/dipl/build/ergodic_exploration/meshes/drone_small.stl -> /home/avavvas/dipl/install/ergodic_exploration/share/ergodic_exploration/meshes
symbolically linking /home/avavvas/dipl/build/ergodic_exploration/meshes/hermes_original.stl -> /home/avavvas/dipl/install/ergodic_exploration/share/ergodic_exploration/meshes
symbolically linking /home/avavvas/dipl/build/ergodic_exploration/meshes/boat.stl -> /home/avavvas/dipl/install/ergodic_exploration/share/ergodic_exploration/meshes
symbolically linking /home/avavvas/dipl/build/ergodic_exploration/meshes/hermes.stl -> /home/avavvas/dipl/install/ergodic_exploration/share/ergodic_exploration/meshes
